Archive member included because of file (symbol)

C:\nburn\lib\DBMOD5234.a(bsp.od)
                              c:/nburn/gcc-m68k/bin/../lib/gcc/m68k-elf/4.2.1/../../../../m68k-elf/lib/m5208\nb-crt0.o (atexit)
C:\nburn\lib\DBMOD5234.a(netwait.od)
                              lab1.od (InitializeNetworkGDB_and_Wait)
C:\nburn\lib\DBMOD5234.a(pins.od)
                              lcd.od (PinIO::function(int))
C:\nburn\lib\DBMOD5234.a(ioboard.od)
                              lab1.od (getdipsw)
C:\nburn\lib\DBMOD5234.a(ETPUinit.od)
                              C:\nburn\lib\DBMOD5234.a(ioboard.od) (eTPUInit)
C:\nburn\lib\DBMOD5234.a(ETPU.od)
                              C:\nburn\lib\DBMOD5234.a(ETPUinit.od) (eTPURecordInit())
C:\nburn\lib\DBMOD5234.a(etpu_gpio.od)
                              C:\nburn\lib\DBMOD5234.a(ETPU.od) (fs_etpu_gpio_init)
C:\nburn\lib\DBMOD5234.a(etpu_uart.od)
                              C:\nburn\lib\DBMOD5234.a(ETPU.od) (fs_etpu_uart_init)
C:\nburn\lib\DBMOD5234.a(etpu_util.od)
                              C:\nburn\lib\DBMOD5234.a(ETPUinit.od) (fs_etpu_init)
C:\nburn\lib\DBMOD5234.a(ethernet.od)
                              C:\nburn\lib\DBMOD5234.a(netwait.od) (GDBDebugConnected())
C:\nburn\lib\DBMOD5234.a(emulticast.od)
                              C:\nburn\lib\DBMOD5234.a(ethernet.od) (EthEnableMulticast(MACADR))
C:\nburn\lib\DBNetBurner.a(ucosmcfa.od)
                              C:\nburn\lib\DBMOD5234.a(bsp.od) (OSCtxSw)
C:\nburn\lib\DBNetBurner.a(ucosmcfc.od)
                              lab1.od (OSTaskCreatewName)
C:\nburn\lib\DBNetBurner.a(ucos.od)
                              C:\nburn\lib\DBNetBurner.a(ucosmcfc.od) (OSMapTbl)
C:\nburn\lib\DBNetBurner.a(ucosmain.od)
                              C:\nburn\lib\DBMOD5234.a(emulticast.od) (critical_count)
C:\nburn\lib\DBNetBurner.a(fileio.od)
                              C:\nburn\lib\DBNetBurner.a(ucosmain.od) (ioctl)
C:\nburn\lib\DBNetBurner.a(main.od)
                              c:/nburn/gcc-m68k/bin/../lib/gcc/m68k-elf/4.2.1/../../../../m68k-elf/lib/m5208\nb-crt0.o (main)
C:\nburn\lib\DBNetBurner.a(utils.od)
                              C:\nburn\lib\DBMOD5234.a(ethernet.od) (AsciiToIp)
C:\nburn\lib\DBNetBurner.a(ip.od)
                              C:\nburn\lib\DBMOD5234.a(ethernet.od) (GetSum)
C:\nburn\lib\DBNetBurner.a(buffers.od)
                              C:\nburn\lib\DBMOD5234.a(ethernet.od) (ChangeOwnerX)
C:\nburn\lib\DBNetBurner.a(arp.od)
                              C:\nburn\lib\DBNetBurner.a(ip.od) (wArpLifetime)
C:\nburn\lib\DBNetBurner.a(udp.od)
                              C:\nburn\lib\DBNetBurner.a(ip.od) (process_udp(pool_buffer*, IPPKT*, unsigned short))
C:\nburn\lib\DBNetBurner.a(tcp.od)
                              C:\nburn\lib\DBNetBurner.a(ip.od) (DumpTcpPacket(IPPKT*))
C:\nburn\lib\DBNetBurner.a(extraio.od)
                              C:\nburn\lib\DBMOD5234.a(ETPU.od) (GetExtraFD)
C:\nburn\lib\DBNetBurner.a(http.od)
                              lab1.od (StartHTTP)
C:\nburn\lib\DBNetBurner.a(httpinternal.od)
                              C:\nburn\lib\DBNetBurner.a(http.od) (TheErrorHandler)
C:\nburn\lib\DBNetBurner.a(htmldecomp.od)
                              C:\nburn\lib\DBNetBurner.a(httpinternal.od) (SendHeaderResponse(char*, int))
C:\nburn\lib\DBNetBurner.a(iosys.od)
                              C:\nburn\lib\DBNetBurner.a(tcp.od) (FD_SET)
C:\nburn\lib\DBNetBurner.a(netinterface.od)
                              C:\nburn\lib\DBNetBurner.a(arp.od) (GetFirstInterface())
C:\nburn\lib\DBNetBurner.a(taskmon.od)
                              lab1.od (EnableTaskMonitor())
C:\nburn\lib\DBNetBurner.a(autoupdate.od)
                              lab1.od (EnableAutoUpdate)
C:\nburn\lib\DBNetBurner.a(device.od)
                              C:\nburn\lib\DBNetBurner.a(main.od) (DeviceInitializeSem)
C:\nburn\lib\DBNetBurner.a(system.od)
                              C:\nburn\lib\DBNetBurner.a(udp.od) (isvalidcr)
C:\nburn\lib\DBMOD5234.a(serial.od)
                              C:\nburn\lib\DBNetBurner.a(fileio.od) (SerialClose)
C:\nburn\lib\DBMOD5234.a(etherprint.od)
                              C:\nburn\lib\DBNetBurner.a(netinterface.od) (EtherInit())
c:/nburn/gcc-m68k/bin/../lib/gcc/m68k-elf/4.2.1/../../../../m68k-elf/lib/m5208\libstdc++.a(eh_personality.o)
                              C:\nburn\lib\DBMOD5234.a(ethernet.od) (__gxx_personality_v0)
c:/nburn/gcc-m68k/bin/../lib/gcc/m68k-elf/4.2.1/../../../../m68k-elf/lib/m5208\libstdc++.a(eh_alloc.o)
                              c:/nburn/gcc-m68k/bin/../lib/gcc/m68k-elf/4.2.1/../../../../m68k-elf/lib/m5208\libstdc++.a(eh_personality.o) (__cxa_allocate_exception)
c:/nburn/gcc-m68k/bin/../lib/gcc/m68k-elf/4.2.1/../../../../m68k-elf/lib/m5208\libstdc++.a(eh_throw.o)
                              c:/nburn/gcc-m68k/bin/../lib/gcc/m68k-elf/4.2.1/../../../../m68k-elf/lib/m5208\libstdc++.a(eh_personality.o) (__cxa_rethrow)
[...]
Memory Configuration

Name             Origin             Length             Attributes
ram              0x02000000         0x00800000         xrw
SRAM             0x20000400         0x0000fc00         xrw
*default*        0x00000000         0xffffffff

Linker script and memory map

LOAD c:/nburn/gcc-m68k/bin/../lib/gcc/m68k-elf/4.2.1/../../../../m68k-elf/lib/m5208\nb-crt0.o
LOAD c:/nburn/gcc-m68k/bin/../lib/gcc/m68k-elf/4.2.1/m5208/crtbegin.o
LOAD lcd.od
LOAD lab1.od
LOAD error_wrapper.od
LOAD htmldata.od
LOAD C:\nburn\MOD5234\lib\sys.ld
                0x20000000                vector_base = 0x20000000
                0x20010000                SRAM_END_ADDR = 0x20010000
                0x40000000                sim = 0x40000000
                0xffc04000                gConfigRec = 0xffc04000
                0xffc06000                UserParamBase = 0xffc06000
                0xffc00008                _RESET_ADDR = 0xffc00008
                0xffc08000                FlashAppBase = 0xffc08000
START GROUP
LOAD C:\nburn\lib\DBMOD5234.a
LOAD C:\nburn\lib\DBNetBurner.a
LOAD C:\nburn\lib\FatFile.a
LOAD C:\nburn\lib\DBrtl8711Library.a
LOAD C:\nburn\lib\DBdebugLibrary.a
END GROUP
LOAD c:/nburn/gcc-m68k/bin/../lib/gcc/m68k-elf/4.2.1/../../../../m68k-elf/lib/m5208\libstdc++.a
LOAD c:/nburn/gcc-m68k/bin/../lib/gcc/m68k-elf/4.2.1/../../../../m68k-elf/lib/m5208\libm.a
LOAD c:/nburn/gcc-m68k/bin/../lib/gcc/m68k-elf/4.2.1/m5208\libgcc.a
LOAD c:/nburn/gcc-m68k/bin/../lib/gcc/m68k-elf/4.2.1/../../../../m68k-elf/lib/m5208\libc.a
LOAD c:/nburn/gcc-m68k/bin/../lib/gcc/m68k-elf/4.2.1/m5208\libgcc.a
LOAD c:/nburn/gcc-m68k/bin/../lib/gcc/m68k-elf/4.2.1/m5208/crtend.o
START GROUP
LOAD c:/nburn/gcc-m68k/bin/../lib/gcc/m68k-elf/4.2.1/../../../../m68k-elf/lib/m5208\libc.a
LOAD c:/nburn/gcc-m68k/bin/../lib/gcc/m68k-elf/4.2.1/m5208\libgcc.a
LOAD c:/nburn/gcc-m68k/bin/../lib/gcc/m68k-elf/4.2.1/../../../../m68k-elf/lib/m5208\libm.a
END GROUP
                0x00000000                __DYNAMIC = 0x0
                0x02800000                PROVIDE (__stack, 0x2800000)
                0x00000000                PROVIDE (hardware_init_hook, 0x0)
                0x00000000                PROVIDE (_hardware_init_hook, 0x0)
                0x00000000                PROVIDE (software_init_hook, 0x0)
                0x00000000                PROVIDE (_software_init_hook, 0x0)

.SRAM_SECT      0x20000400        0x0
                0x20000400                SRAM_START = .
 *(SYS_VAR_SECT)
                0x20000400                SYS_VAR_SECT_END = .
                0x20000400                . = ALIGN (0x10)
 *(IDLE_STK_SECT)
                0x20000400                IDLE_STK_SECT_END = .
                0x20000400                . = ALIGN (0x10)
 *(MAIN_STK_SECT)
                0x20000400                MAIN_STK_SECT_END = .
                0x20000400                . = ALIGN (0x4)
 *(ETHER_VAR_SECT)
                0x20000400                ETHER_VAR_SECT_END = .
                0x20000400                . = ALIGN (0x10)
 *(ETHER_STK_SECT)
                0x20000400                ETHER_STK_SECT_END = .
                0x20000400                . = ALIGN (0x4)
 *(IP_VAR_SECT)
                0x20000400                IP_VAR_SECT_END = .
                0x20000400                . = ALIGN (0x10)
 *(IP_STK_SECT)
                0x20000400                IP_STK_SECT_END = .
                0x20000400                . = ALIGN (0x4)
 *(TCP_VAR_SECT)
                0x20000400                TCP_VAR_SECT_END = .
                0x20000400                . = ALIGN (0x10)
 *(TCP_STK_SECT)
                0x20000400                TCP_STK_SECT_END = .
                0x20000400                . = ALIGN (0x10)
 *(HTTP_STK_SECT)
                0x20000400                HTTP_STK_SECT_END = .
                0x20000400                . = ALIGN (0x10)
 *(FTP_STK_SECT)
                0x20000400                FTP_STK_SECT_END = .
                0x20000400                . = ALIGN (0x10)
 *(WIFI_STK_SECT)
                0x20000400                WIFI_STK_SECT_END = .
                0x20000400                . = ALIGN (0x10)
 *(PPP_STK_SECT)
                0x20000400                PPP_STK_SECT_END = .
                0x20000400                . = ALIGN (0x10)
 *(COMMAND_STK_SECT)
                0x20000400                COMMAND_STK_SECT_END = .
                0x20000400                . = ALIGN (0x4)
 *(USER_VAR_SECT)
                0x20000400                USER_VAR_SECT_END = .
                0x20000400                . = ALIGN (0x10)
 *(USER_STK_SECT)
                0x20000400                USER_STK_SECT_END = .
                0x20000400                BUFFERS_SECT_START = .
                0x20000400                . = ALIGN (0x10)
 *(BUFFERS_VAR_SECT)
                0x20000400                . = ALIGN (0x10)
                0x20000400                BUFFERS_VAR_SECT_END = .
                0x20000400                . = ALIGN (0x10)
                0x20000400                SRAM_END = .

.text           0x02000000    0x46c50
 *(.text)
 .text          0x02000000       0xaa c:/nburn/gcc-m68k/bin/../lib/gcc/m68k-elf/4.2.1/../../../../m68k-elf/lib/m5208\nb-crt0.o
                0x02000000                start
 *fill*         0x020000aa        0x2 00
 .text          0x020000ac       0x9c c:/nburn/gcc-m68k/bin/../lib/gcc/m68k-elf/4.2.1/m5208/crtbegin.o
 .text          0x02000148     0x1254 lcd.od
                0x020007e0                Lcd::setLCD(unsigned char)
                0x0200016c                Lcd::Lcd()
                0x02000dbc                Lcd::move(unsigned char, unsigned char)
                0x020006d4                Lcd::Clear(unsigned char)
                0x020001b0                Lcd::enable_lower()
                0x02000484                Lcd::set_rs_line(unsigned char)
                0x02000148                Lcd::Lcd()
                0x02001304                Lcd::PrintChar(unsigned char, char)
                0x02000f84                Lcd::print_char(unsigned char, char)
                0x0200055c                Lcd::send_cmd(unsigned char, unsigned char)
                0x02000190                Lcd::ShiftDisplayRight(unsigned char)
                0x02001250                Lcd::PrintString(unsigned char, char const*)
                0x020005f0                Lcd::Home(unsigned char)
                0x02000eec                Lcd::MoveCursor(unsigned char, unsigned char)
                0x0200020c                Lcd::enable_upper()
                0x02000268                Lcd::set_data_lines(unsigned char)
                0x020004c8                Lcd::send_data(unsigned char, unsigned char)
                0x0200088c                Lcd::Init(unsigned char)
                0x020001a0                Lcd::ShiftDisplayLeft(unsigned char)
 .text          0x0200139c      0x52a lab1.od
                0x020015bc                Task1Main
                0x0200148c                Task3Main
                0x0200170c                StartTask2
                0x020017b4                UserMain
                0x02001524                Task2Main
                0x02001760                StartTask1
                0x020016b8                StartTask3
                0x020013e0                Task4Main
                0x02001664                StartTask4
 *fill*         0x020018c6        0x2 00
 .text          0x020018c8      0x22a error_wrapper.od
                0x020018c8                display_error(char const*, unsigned char)
 *fill*         0x02001af2        0x2 00
 .text          0x02001af4       0x26 htmldata.od
                0x02001b08                DoHtmlVariable(int, unsigned short)
                0x02001af4                DoHtmlFunction(int, char const*, unsigned short)
 *fill*         0x02001b1a        0x2 00
 .text          0x02001b1c      0x80a C:\nburn\lib\DBMOD5234.a(bsp.od)
                0x02002114                _sbrk_r
                0x02001cb4                HardwareSetup
                0x020020a4                DisableCache
                0x020022d4                spaceleft
                0x02002198                LocalInByte
                0x02001e44                ForceReboot
                0x02001f04                FlashProgram
                0x02001b20                Tick5234
                0x02002310                BspGetTickFraction
                0x02001b1c                xTick
                0x02001e60                FlashErase
                0x020021f0                LocalOutByte
                0x0200218c                atexit
                0x02001d78                GetPreciseTime
                0x020020c8                EnableCache
                0x02001b38                SetIntc
                0x020022a0                LocalCharAvail
 *fill*         0x02002326        0x2 00
 .text          0x02002328       0x30 C:\nburn\lib\DBMOD5234.a(netwait.od)
                0x02002328                InitializeNetworkGDB_and_Wait
 .text          0x02002358     0x24d2 C:\nburn\lib\DBMOD5234.a(pins.od)
                0x02003b48                PinIO::set(unsigned char)
                0x02002358                PinIO::function(int)
                0x02003694                PinIO::drive()
                0x02003664                CReadPin
                0x02002aac                PinIO::read()
                0x02003610                CGPInPin
 *fill*         0x0200482a        0x2 00
 .text          0x0200482c      0x7b8 C:\nburn\lib\DBMOD5234.a(ioboard.od)
                0x020049b4                putleds
                0x02004884                putdisp
                0x020048d4                ModDev70Detect()
                0x02004cd4                getdipsw
                0x0200482c                InitChipBoardSelect()
 .text          0x02004fe4      0x1a0 C:\nburn\lib\DBMOD5234.a(ETPUinit.od)
                0x020050c4                MOD5234_etpu_init
                0x02005138                eTPUInit
                0x02004fe4                MOD5234_etpu_start
 .text          0x02005184     0x229c C:\nburn\lib\DBMOD5234.a(ETPU.od)
                0x020054e0                fake_ETPU_CH8()
                0x020056e4                real_ETPU_CH12
                0x020055a0                real_ETPU_CH9
                0x020053a0                ETPU_CH5
                0x02005628                ETPU_CH11
                0x0200539c                fake_ETPU_CH5()
                0x020052c8                ETPU_CH3
                0x02006f6c                eTPUFunctionUARTRX
                0x020064f0                eTPUInitFIFO
                0x0200576c                ETPU_CH14
                0x02005750                real_ETPU_CH13
                0x02005dd4                eTPUReadUART
                0x0200624c                eTPUDoISR(int)
                0x0200554c                fake_ETPU_CH9()
                0x0200672c                ETPU_UART_FD_CLOSE(int)
                0x02005534                real_ETPU_CH8
                0x0200560c                real_ETPU_CH10
                0x020059a8                eTPURecordInit()
                0x020052c4                fake_ETPU_CH3()
                0x02006800                eTPUInterruptEnable
                0x020054c8                real_ETPU_CH7
                0x020051d8                real_ETPU_CH0
                0x02006538                eTPUDriveGPIO
                0x02005fc4                eTPUgetCharUART
                0x02005768                fake_ETPU_CH14()
                0x0200722c                eTPUFDUartOpen
                0x020056fc                fake_ETPU_CH13()
                0x02005408                fake_ETPU_CH6()
                0x02005474                fake_ETPU_CH7()
                0x02005478                ETPU_CH7
                0x02005840                fs_timer_stop
                0x02006160                ETPU_UART_FD_WRITE(int, char const*, int)
                0x020067a4                eTPUFunctionGPIO
                0x02005678                real_ETPU_CH11
                0x020058e4                eTPUEventClear
                0x020052ac                real_ETPU_CH2
                0x020057d4                fake_ETPU_CH15()
                0x02005330                fake_ETPU_CH4()
                0x02005384                real_ETPU_CH4
                0x02005334                ETPU_CH4
                0x02005184                fake_ETPU_CH0()
                0x02005694                ETPU_CH12
                0x02005828                real_ETPU_CH15
                0x02005188                ETPU_CH0
                0x020057bc                real_ETPU_CH14
                0x020070d0                eTPUFunctionUARTTX
                0x020055bc                ETPU_CH10
                0x02005258                fake_ETPU_CH2()
                0x020066ec                eTPUCloseChannel
                0x020053f0                real_ETPU_CH5
                0x02005d8c                eTPUCharAvailUART
                0x02005550                ETPU_CH9
                0x02005ed8                ETPU_UART_FD_READ(int, char*, int)
                0x020057d8                ETPU_CH15
                0x02005624                fake_ETPU_CH11()
                0x02006598                eTPUSetGPIO
                0x0200540c                ETPU_CH6
                0x02005700                ETPU_CH13
                0x0200525c                ETPU_CH2
                0x020051ec                fake_ETPU_CH1()
                0x02005240                real_ETPU_CH1
                0x0200585c                eTPUInterruptDisable
                0x020051f0                ETPU_CH1
                0x0200591c                eTPUEventPoll
                0x02005318                real_ETPU_CH3
                0x02005c38                eTPUChanInit(int)
                0x0200545c                real_ETPU_CH6
                0x020054e4                ETPU_CH8
                0x02005690                fake_ETPU_CH12()
                0x020055b8                fake_ETPU_CH10()
                0x02005fec                eTPUWriteUART
                0x02006608                eTPUInputGPIO
 .text          0x02007420      0x2fe C:\nburn\lib\DBMOD5234.a(etpu_gpio.od)
                0x020076e0                fs_etpu_gpio_pin_history
                0x020074c4                fs_etpu_gpio_output_high
                0x02007420                fs_etpu_gpio_init
                0x02007610                fs_etpu_gpio_cfg_input_periodic
                0x020076b0                fs_etpu_gpio_input_immed
                0x02007588                fs_etpu_gpio_cfg_input_trans
                0x02007524                fs_etpu_gpio_output
                0x020074f4                fs_etpu_gpio_output_low
 *fill*         0x0200771e        0x2 00
 .text          0x02007720      0x386 C:\nburn\lib\DBMOD5234.a(etpu_uart.od)
                0x02007a04                fs_etpu_uart_write_transmit_data
                0x02007a3c                fs_etpu_uart_read_receive_data
                0x02007720                fs_etpu_uart_init
 *fill*         0x02007aa6        0x2 00
 .text          0x02007aa8      0xa5c C:\nburn\lib\DBMOD5234.a(etpu_util.od)
                0x0200842c                fs_etpu_get_global_24
                0x0200808c                fs_etpu_set_chan_local_32
                0x02007f68                fs_timer_start
                0x02008388                fs_etpu_set_global_32
                0x020082d8                fs_etpu_get_chan_local_16
                0x02007f84                fs_etpu_malloc
                0x02008188                fs_etpu_set_chan_local_8
                0x02007d48                fs_etpu_data_ram
                0x020083bc                fs_etpu_set_global_16
                0x020083fc                fs_etpu_get_global32
                0x020081e0                fs_etpu_get_chan_local_32
                0x02008280                fs_etpu_get_chan_local_24
                0x02008330                fs_etpu_get_chan_local_8
                0x02008230                fs_etpu_get_chan_local_24s
                0x02007ff0                fs_etpu_malloc2
                0x020083a0                fs_etpu_set_global_24
                0x02007c48                fs_etpu_chan_init
                0x020083dc                fs_etpu_set_global_8
                0x02007f00                fs_etpu_dma_enable
                0x02007dcc                fs_etpu_get_hsr
                0x02008414                fs_etpu_get_global_24s
                0x02007ecc                fs_etpu_interrupt_disable
                0x0200846c                fs_etpu_get_global_8
                0x020084c0                fs_memset32
                0x02008130                fs_etpu_set_chan_local_16
                0x0200848c                fs_memcpy32
                0x02007e64                fs_etpu_disable
                0x02007e98                fs_etpu_interrupt_enable
                0x020080dc                fs_etpu_set_chan_local_24
                0x02007d90                fs_etpu_set_hsr
                0x02007aa8                fs_etpu_init
                0x0200844c                fs_etpu_get_global_16
                0x02007e00                fs_etpu_enable
                0x02007f34                fs_etpu_dma_disable
 .text          0x02008504     0x4dbc C:\nburn\lib\DBMOD5234.a(ethernet.od)
                0x0200caf8                AddEthernetInterface()
                0x020086ac                StopEnet()
                0x0200c6f8                ResetEnet()
                0x02008cc8                FillerFunctionName()
                0x0200cbc0                SetMII(unsigned char, unsigned short)
                0x02009910                dbip_obj::dbip_obj(char const*)
                0x02009988                dbip_obj::dbip_obj(char const*)
                0x02009b20                InitializeNetworkGDB
                0x0200ca84                InitializeEthernet()
                0x02008540                _ZQyERYYSaz
                0x02008ccc                _ZNobxy
                0x0200cc34                EthTransmitBuffer(pool_buffer*)
                0x020098e8                MakeCompilerStopComplaining()
                0x02008700                CheckTcpDebugSettings()
                0x0200bdd4                _Zxyzza
                0x02008c9c                GDBDebugConnected()
 .text          0x0200d2c0      0x2b8 C:\nburn\lib\DBMOD5234.a(emulticast.od)
                0x0200d448                EthDisableMulticast(MACADR)
                0x0200d350                EthEnableMulticast(MACADR)
                0x0200d2c0                GetMultiCastCRC(MACADR)
 *fill*         0x0200d578        0x8 00
 .text          0x0200d580      0x44a C:\nburn\lib\DBNetBurner.a(ucosmcfa.od)
                0x0200d660                OSDebugTraceHalt
                0x0200d580                OSStartHighRdy
                0x0200d670                TrapOutByte
                0x0200d6a0                memcpy
                0x0200d6a0                fmemcpy
                0x0200d5a0                OSCtxSw
                0x0200d690                TrapCharAvail
                0x0200d5d0                OSIntCtxSw
                0x0200d680                TrapInByte
                0x0200d600                OSTickISR
                0x0200d770                memcpysum
                0x0200d640                OSSetupVBR
                0x0200d9a0                GetSR_IntLevel
                0x0200d900                memset
                0x0200d900                fmemset
                0x0200d9b0                SetSR_IntLevel
 *fill*         0x0200d9ca        0x2 00
 .text          0x0200d9cc      0x42c C:\nburn\lib\DBNetBurner.a(ucosmcfc.od)
                0x0200dc78                OSTaskCreate
                0x0200d9cc                TopOfStackKillfunction
                0x0200d9dc                OSTaskCreatewName
                0x0200dcb4                OSTCBInit
                0x0200d9d0                KillFunctionLink
 .text          0x0200ddf8     0x29ba C:\nburn\lib\DBNetBurner.a(ucos.od)
                0x020104cc                OSCritEnterNoWait
                0x0200e0d6                UCOSWAITS_HERE
                0x0201002c                OSFifoPostFirst
                0x02010570                OSCritLeave
                0x02010204                getpid
                0x0200e4e4                OSLock
                0x0200f8e4                OSQPostFirst
                0x02010770                OSTaskID
                0x0200f618                OSQPendNoWait
                0x0201078c                OSSetName
                0x0200e160                OSIntExit
                0x0200eb54                OSSemPendNoWait
                0x0200e708                OSTaskDelete
                0x0200e50c                OSUnlock
                0x02010220                OSCritInit
                0x0200f6ac                OSQPost
                0x02010294                OSCritEnter
                0x0200fbac                OSFifoPend
                0x0200e910                OSSemPend
                0x0200edc0                OSMboxInit
                0x0200f0c4                OSMboxPost
                0x0200fb28                OSFifoInit
                0x0200f35c                OSQPend
                0x0200e030                OSSched
                0x0200e21c                OSTimeDly
                0x0200ebbc                OSSemPost
                0x0200e540                OSChangePrio
                0x0200e4a8                OSTCBGetFree
                0x0200e138                OSIntEnterWAS
                0x0200f074                OSMboxPendNoWait
                0x0200fe4c                OSFifoPost
                0x0200e874                OSSemInit
                0x0200df9c                OSStart
                0x0200e338                OSTimeTick
                0x0200f29c                OSQInit
                0x020107a0                OSTaskName
                0x0200fde0                OSFifoPendNoWait
                0x0200ee3c                OSMboxPend
                0x0200ddf8                OSInit
                0x0200e308                OSChangeTaskDly
 *fill*         0x020107b2        0x2 00
 .text          0x020107b4      0x19a C:\nburn\lib\DBNetBurner.a(ucosmain.od)
                0x0201080c                __malloc_unlock
                0x02010878                UCosBegin
                0x02010830                balloc_lock
                0x020107b4                UCosSetup
                0x02010854                balloc_unlock
                0x020107e8                __malloc_lock
 *fill*         0x0201094e        0x2 00
 .text          0x02010950      0x978 C:\nburn\lib\DBNetBurner.a(fileio.od)
                0x02010950                ioctl
                0x02010d00                isatty
                0x02011264                CurrentStdioFD
                0x02011060                lseek
                0x0201117c                ReplaceStdio
                0x02010b54                write
                0x02011078                fstat
                0x02010aac                rawwrite
                0x02011098                stdioinbyte
                0x02010d20                read
                0x020112a8                outbyte
                0x02010a94                open
                0x02011134                charavail
                0x0201129c                fcntl
                0x02010a1c                close
 .text          0x020112c8       0x8a C:\nburn\lib\DBNetBurner.a(main.od)
                0x02011300                main
                0x020112c8                __do_global_ctors
 *fill*         0x02011352        0x2 00
 .text          0x02011354     0x13f0 C:\nburn\lib\DBNetBurner.a(utils.od)
                0x020124c8                fShowMac
                0x0201178c                FancyDump(unsigned char*, int)
                0x020125a0                ShowCounters
                0x02011600                convertHexAsciiToBinary
                0x02011b6c                ShowData
                0x02011354                kill
                0x0201166c                putbytenum
                0x02011718                putnum
                0x0201260c                fShowCounters
                0x0201245c                fShowIP
                0x02011364                _fini
                0x020118bc                ShowIP
                0x02011370                AsciiToIp
                0x0201268c                sShowCounters
                0x0201254c                DiagMenuPicker(int, unsigned char)
                0x020119a4                AskTest(char const*, unsigned long)
                0x02011924                ShowMac
                0x020114e0                convertBinaryToHexAscii
                0x02011a98                SetLogLevel()
                0x02011b50                __builtin_delete
                0x0201135c                _exit
 .text          0x02012744     0x1db4 C:\nburn\lib\DBNetBurner.a(ip.od)
                0x0201316c                FixUpICMP(IPPKT*, unsigned char, unsigned char, unsigned char*, unsigned short)
                0x02012744                IsMultiCast(unsigned long)
                0x02013ef4                FixHeaderAndSend(pool_buffer*, IPPKT*)
                0x0201356c                DoIPPacket(pool_buffer*, EFRAME*, unsigned short)
                0x0201284c                GetSum20
                0x02014300                PingViaInterface
                0x020134c0                SaveError(pool_buffer*)
                0x02013a2c                process_icmp(pool_buffer*, IPPKT*, unsigned short)
                0x02012b04                IpProcessEthernetPacket
                0x020137f8                FixHeaderAndSendViaInterface(pool_buffer*, IPPKT*, int)
                0x02012dc0                ShowIPBuffer(pool_buffer*)
                0x02014138                SendICMPError(pool_buffer*, unsigned char, unsigned char)
                0x02013350                InitializeStack(unsigned long, unsigned long, unsigned long, unsigned long)
                0x02012a10                GetData(IPPKT*)
                0x0201349c                InitializeCStack
                0x020144a8                Ping
                0x020127b4                GetSum
                0x02013530                IsMyIp
                0x020132ac                IsBroadCast(unsigned long, int)
                0x02013224                KillStack
                0x02012a74                PrepareIPOutput(pool_buffer*, unsigned long, unsigned short)
                0x02012774                GetMultiAddress(unsigned long)
                0x020141e8                SendPing
                0x020128ec                GetSumHdr
                0x02013234                IsLocal(unsigned long, int)
                0x02013c40                IPTask(void*)
 .text          0x020144f8     0x183c C:\nburn\lib\DBNetBurner.a(buffers.od)
                0x02014bac                fifo_buffer_storage::Full()
                0x02015804                ShowBuffer
                0x02014c70                fifo_buffer_storage::Reset(unsigned char)
                0x02014668                InitBuffers
                0x0201451c                ChangeOwnerX
                0x02014790                buffer_list::InsertBefore(pool_buffer*, pool_buffer*)
                0x02014f08                fifo_buffer_storage::fifo_buffer_storage(unsigned char, unsigned char)
                0x02014b80                fifo_buffer_storage::Empty()
                0x020153f0                fifo_buffer_storage::ReadDatawSum(unsigned char*, int, unsigned long&)
                0x02014b64                fifo_buffer_storage::SpaceUsed()
                0x02014560                buffer_list::InsertHead(pool_buffer*)
                0x02014540                GetFreeCount
                0x020144f8                IncUsageCount
                0x02014ed0                fifo_buffer_storage::fifo_buffer_storage(unsigned char, unsigned char)
                0x020146f4                buffer_list::InsertTail(pool_buffer*)
                0x02015974                ShowBuffers
                0x02014d28                fifo_buffer_storage::~fifo_buffer_storage()
                0x02014d3c                fifo_buffer_storage::SetMaxBuffers(unsigned char)
                0x0201566c                fifo_buffer_storage::ReadData(unsigned char*, int)
                0x02014e64                fifo_buffer_storage::Init(unsigned char, unsigned char)
                0x02015b08                DumpBuffers()
                0x020149f8                buffer_list::RemoveHead()
                0x02014f40                GetBufferX
                0x02014900                buffer_list::Remove(pool_buffer*)
                0x02014ab4                buffer_list::RemoveTail()
                0x02014d7c                fifo_buffer_storage::LongSpaceAvail()
                0x02014fb0                fifo_buffer_storage::WriteData(unsigned char*, int)
                0x02014604                FreeBufferX
                0x02014848                buffer_list::InsertAfter(pool_buffer*, pool_buffer*)
                0x02014e20                fifo_buffer_storage::SpaceAvail()
                0x02014d14                fifo_buffer_storage::~fifo_buffer_storage()
 .text          0x02015d34     0x2058 C:\nburn\lib\DBNetBurner.a(arp.od)
                0x02016c10                FindAddArp(unsigned long)
                0x02015ebc                sendGratuitousArp(int)
                0x02015d7c                MacEqual(MACADR, MACADR)
                0x02016884                InitializeArp()
                0x0201699c                FindArp(unsigned long)
                0x02017560                SendArp(ArpRecord*, int)
                0x02017d2c                GetInterface(unsigned long)
                0x0201716c                AddCheckArp(MACADR*, unsigned long, int)
                0x02015de0                SetMac(ArpRecord*, MACADR, int)
                0x02016b8c                DeleteArpFromIp(unsigned long)
                0x02016b14                GetArpMacFromIp(unsigned long, MACADR&)
                0x020175ac                RouteOutVia(EFRAME*, unsigned long, pool_buffer*, int)
                0x02017458                GetProperInterface(unsigned long)
                0x020167e0                FreeOneArp()
                0x020171fc                processArp(pool_buffer*, EFRAME*)
                0x02015e74                NeedsArp(int)
                0x02016168                GetNextArp(ArpRecord*)
                0x02015ff8                RawSendArp(ArpRecord*, unsigned long, int)
                0x0201667c                AgeArp()
                0x02017888                RouteOut(EFRAME*, unsigned long, pool_buffer*)
                0x02016264                ShowArp()
                0x0201641c                DeleteArp(ArpRecord*)
                0x02016200                GetFirstArp()
                0x02017bfc                GetSrcIp
                0x02016f98                IsMyAddressUsedArpDetect(unsigned short, int)
                0x02015d74                Cleanup()
                0x02015d34                IsNull(ArpRecord*)
                0x02016330                fShowArp(__sFILE*)
                0x02016bb4                AddPending(MACADR*, unsigned long, int)
 .text          0x02017d8c     0x1b02 C:\nburn\lib\DBNetBurner.a(udp.od)
                0x02018844                UDPPacket::Send(unsigned long, unsigned char)
                0x02017ecc                UDPPacket::SetDestinationPort(unsigned short)
                0x02017ff8                UDPPacket::GetPacketId()
                0x02018068                UDPPacket::GetSourceAddress()
                0x02019838                UDPPacket::UDPPacket()
                0x0201859c                UDPPacket::AddDataByte(unsigned char)
                0x02018994                UDPPacket::SendAndKeep(unsigned long, unsigned char)
                0x020184bc                UDPPacket::AddData(unsigned char*, unsigned short)
                0x0201809c                RegisterUDPFifo(unsigned short, os_fifo*)
                0x020185f4                UDPPacket::AddData(char const*)
                0x02017e28                UDPPacket::UDPPacket(pool_buffer*)
                0x020186ec                UDPPacket::SendViaInterface(unsigned long, int, unsigned char)
                0x02017fe0                UDPPacket::GetIpPacket()
                0x02018a40                UDPPacket::~UDPPacket()
                0x02017d8c                GetUdpFifoRec(unsigned short)
                0x02017f30                UDPPacket::GetDataBuffer()
                0x020181d8                RegisterUDPFifoWithNotify(unsigned short, os_fifo*, void (*)(os_fifo*, unsigned short))
                0x02017e4c                UDPPacket::UDPPacket(pool_buffer*)
                0x02017f90                UDPPacket::GetDataSize() const
                0x02018b88                ProcessIDPacket(UDPPacket&, int)
                0x020185c4                UDPPacket::AddDataWord(unsigned short)
                0x02019464                process_udp(pool_buffer*, IPPKT*, unsigned short)
                0x02018628                UDPPacket::Validate()
                0x02017ef8                UDPPacket::GetDestinationPort() const
                0x02018318                UnregisterUDPFifo(unsigned short)
                0x02018a80                UDPPacket::UDPPacket(os_fifo*, unsigned long)
                0x02017f60                UDPPacket::SetDataSize(unsigned short)
                0x02017fcc                UDPPacket::ResetData()
                0x02018a00                UDPPacket::~UDPPacket()
                0x02018ad8                UDPPacket::UDPPacket(os_fifo*, unsigned long)
                0x02017e70                UDPPacket::SetSourcePort(unsigned short)
                0x02017e98                UDPPacket::GetSourcePort() const
                0x02018418                FixIDDataPacket(UDPPacket&, int)
                0x02018b30                UDPPacket::UDPPacket()
                0x02018038                UDPPacket::GetDestinationAddress()
 *fill*         0x0201988e        0x2 00
 .text          0x02019890     0x9b0a C:\nburn\lib\DBNetBurner.a(tcp.od)
                0x0202241c                SendTcpRst(IPPKT*)
                0x02019fec                GetTcpState(int)
                0x0201a044                GetTcpDState
                0x0201de38                InitTCP()
                0x0201ce5c                DBSHOWDATA(int, char const*, long)
                0x02021924                _Socket_Private_read
                0x02019f88                ShortSocketList::ShortSocketList()
                0x0201a094                SetOutOfOrderbuffers(int, unsigned char)
                0x02019c18                GetSocketRemotePort(int)
                0x0201d6d8                socket_struct::MyAdvertisedWindow()
                0x0201ccb8                SetSocketTxBuffers(int, int)
                0x02019dd0                setsockoption(int, int)
                0x0201e3cc                TcpSend(socket_struct*, unsigned long, pool_buffer*, unsigned short, unsigned char)
                0x02021274                TCPTimerTask(void*)
                0x020231e4                process_tcp(pool_buffer*, IPPKT*, unsigned short)
                0x0201cadc                socket_struct::ProcessRST()
                0x0201a104                TcpGetLastRxTime(int)
                0x02020c08                abortsocket
                0x020205d8                socket_struct::ProcessDataSegment(TCPPKT*, unsigned short, unsigned char*, pool_buffer*&)
                0x0201a5b4                HashSocketList::RemoveSocket(socket_struct*) const
                0x0201f8bc                _Socket_Private_write
                0x02019e34                getsockoption(int)
                0x0201f48c                socket_struct::ProcessAck(TCPPKT*)
                0x0201aa6c                RawDumpTcpDebug(socket_struct*)
                0x0201cf98                socket_struct::SaveData(unsigned char*, unsigned short, unsigned char)
                0x0201b980                ShowTCPStates()
                0x0201a524                GetTcpRtxCount(int)
                0x02019a4c                fixoverlap(unsigned long, unsigned long, unsigned long&, unsigned long&)
                0x0201c418                socket_struct::SetTimer(unsigned long)
                0x020223e0                connect(unsigned long, unsigned short, unsigned short, unsigned long)
                0x02019f00                HashSocketList::HashSocketList()
                0x0201beac                GetTcpSocket(TCPPKT*, unsigned long)
                0x0201a408                TcpGetRxBufferSpaceUsed(int)
                0x0201e740                socket_struct::DoRawSend()
                0x0201afec                ShowFdTcpSocket(int)
                0x0201c388                socket_struct::ClearPending(int)
                0x0201cdfc                DBSHOWDATA(int, char const*, unsigned long)
                0x0201b464                ShortSocketList::findsocket(unsigned short, unsigned short, unsigned long) const
                0x02021da8                connect(unsigned long, unsigned short, unsigned short, unsigned long, unsigned long)
                0x02020510                TcpSendKeepAlive(int)
                0x0201cebc                DBSHOWDATA(int, char const*, int)
                0x02019b7c                getsocketerror(int)
                0x02019edc                EnableTcpDebug(unsigned short)
                0x020210dc                socket_struct::ProcessTimer()
                0x0201c4a8                socket_struct::SetUpNextRetransmit()
                0x02019ef8                HashSocketList::HashSocketList()
                0x020214ec                SockReadWithTimeout
                0x0201a46c                GetFreeSocketCount()
                0x020209e0                socket_struct::ProcessFIN(TCPPKT*, unsigned short)
                0x0201e004                FixHeaderAndSendTcp(pool_buffer*, IPPKT*, socket_struct*)
                0x02019e84                setsocketackbuffers(int, unsigned char)
                0x02019d98                socket_struct::CleanUpDeletedListener()
                0x020199dc                FindListenSocket(unsigned short, unsigned long)
                0x0201e150                TcpSendwSum(socket_struct*, unsigned long, pool_buffer*, unsigned short, unsigned char, unsigned long)
                0x0201c5c4                socket_struct::DoCleanup()
                0x0201bfa0                DumpTcpPacket(TCPPKT*, unsigned short)
                0x0201d100                socket_struct::TestOutofOrder()
                0x0201a1ac                TcpGetLastRxInterval(int)
                0x02019890                GetFirstSeq()
                0x0201a988                FREESOCKET(socket_struct*)
                0x0201c944                ShortSocketList::AddSocket(socket_struct*)
                0x0201f260                socket_struct::DoRetransmit(unsigned char)
                0x02019f98                ShortSocketList::Init()
                0x0201b5a8                ShortSocketList::processTick()
                0x0201fd2c                _Socket_Private_close
                0x02021944                accept(int, unsigned long*, unsigned short*, unsigned short)
                0x02019f90                ShortSocketList::ShortSocketList()
                0x0201cd24                SetSocketRxBuffers(int, int)
                0x02020f50                listen(unsigned long, unsigned short, unsigned char)
                0x02019f08                HashSocketList::Init() const
                0x0201b730                ShortSocketList::GetFreeShort()
                0x02019bcc                GetSocketRemoteAddr(int)
                0x0201bd34                HashSocketList::findsocket(unsigned short, unsigned short, unsigned long) const
                0x0201a384                WaitForSocketFlush(int, unsigned long)
                0x0201c348                DumpTcpPacket(IPPKT*)
                0x0201cbac                RemoveFromUserCloseList(socket_struct*)
                0x020198c8                ValidateTCP(IPPKT*, unsigned short)
                0x0201e470                ShortSocketList::process(pool_buffer*, TCPPKT*, unsigned long) const
                0x0201a94c                socket_struct::SetState(int)
                0x0201d4f4                socket_struct::processoptions(pool_buffer*, TCPPKT*, IPPKT*)
                0x0201ee18                socket_struct::DoClose(int)
                0x02020db4                GetFreeSocket()
                0x02019c6c                GetSocketLocalPort(int)
                0x0201d7a8                ShowTcpSocket(socket_struct*)
                0x0201cd90                DBSHOWDATA(int, char const*, unsigned short)
                0x0201bc14                HashSocketList::AddSocket(socket_struct*) const
                0x02019f34                ShortSocketList::FreeShort(ShortSocket*) const
                0x02019cc0                socket_struct::CalcRTO(unsigned long)
                0x0202146c                socket_struct::OpenWindow()
                0x02023138                SendTcpSynRst(IPPKT*)
                0x0201a2fc                TcpAllDataAcked(int)
                0x0201ed4c                clrsockoption(int, int)
                0x0201a158                TcpGetSocketState(int)
                0x0201afdc                DumpTcpDebug()
                0x0201cf1c                GetSocketLocalAddr(int)
                0x0201ddcc                DBSHOWDATA(int, char const*, unsigned char)
                0x02022510                socket_struct::process(pool_buffer*, TCPPKT*)
                0x0201a054                RegisterTCPReadNotify
                0x0201a69c                DebugTraceFunc(socket_struct*, IPPKT*, TCPPKT*, unsigned short, int)
                0x0201fec4                socket_struct::SendState(unsigned short, pool_buffer*)
 *fill*         0x0202339a        0x2 00
 .text          0x0202339c      0x2cc C:\nburn\lib\DBNetBurner.a(extraio.od)
                0x0202340c                ExpandWrite(int, char const*, int)
                0x0202347c                ExpandClose(int)
                0x020234e0                InitExtras()
                0x02023520                GetExtraFD
                0x0202339c                ExpandRead(int, char*, int)
                0x020235dc                FreeExtraFd
                0x0202362c                GetExtraData
 .text          0x02023668      0x57a C:\nburn\lib\DBNetBurner.a(http.od)
                0x02023668                StartHTTP
                0x02023808                HttpMain(void*)
                0x020236ac                processHttpRequest(char**, char*, char*, int, HTTP_Request&)
 *fill*         0x02023be2        0x2 00
 .text          0x02023be4     0x107e C:\nburn\lib\DBNetBurner.a(httpinternal.od)
                0x02023c28                SetNewPostHandler
                0x020244e8                BaseDoGet
                0x02023c88                SetNewMultiPartHandler
                0x02024170                SendHTMLHeader
                0x02023bec                append(char*&, char*)
                0x02023ca8                SetNewMultiPartExtractHandler
                0x020246ac                HTTP_Request::Respond(int)
                0x020242fc                writesafestring
                0x02024460                ShowIPOnFd(int, unsigned long)
                0x02024078                SendGifHeader
                0x02024094                SendTextHeader
                0x020240b0                BaseDoHead
                0x02023fec                NotFoundResponse
                0x02023c1c                BaseDoPost
                0x02023cc8                SetNewErrorHandler
                0x02023d1c                ExtractPostData
                0x0202403c                RedirectResponse
                0x02024860                HTTP_Request::ProcessLine(char*)
                0x02023c48                SetNewGetHandler
                0x02023be4                StopHTTP
                0x02023ce8                InitHttp()
                0x02023c68                SetNewHeadHandler
                0x0202418c                writeallsafestring
                0x02024670                SendHTMLHeaderWCookie
                0x02023f80                httpstricmp
 *fill*         0x02024c62        0x2 00
 .text          0x02024c64      0xa36 C:\nburn\lib\DBNetBurner.a(htmldecomp.od)
                0x02024ce4                SendHtml(int, char*, int, char const*)
                0x020250dc                SendData(HTML_FILE_RECORD*, int, char const*)
                0x020251bc                GetRecordFromName(char*)
                0x02024c64                SendHeader(int, char const*, int)
                0x0202544c                SendFullResponse(char*, int)
                0x02025224                SendFileFragment(char*, int, char const*)
                0x02024cc4                SendCompressed(int, char*, int)
                0x02025264                SendHeaderResponse(char*, int)
                0x02024ca8                SendXMLHeader(int)
 *fill*         0x0202569a        0x2 00
 .text          0x0202569c      0x8fc C:\nburn\lib\DBNetBurner.a(iosys.od)
                0x02025c40                SetDataAvail
                0x020259fc                writeall
                0x02025ad4                RawCheckSelects()
                0x02025be0                SetHaveError
                0x02025c84                RemoveSelect(PendingSelect*)
                0x02025bfc                SetWriteAvail
                0x02025870                ZeroWaitSelect
                0x02025d18                AddSelect(PendingSelect*)
                0x0202578c                FD_ISSET
                0x02025abc                ClrDataAvail
                0x02025d94                select
                0x02025aa4                ClrWriteAvail
                0x02025b74                CheckSelects()
                0x02025988                writestring
                0x0202582c                countbits(fd_set*)
                0x02025710                FD_OVERLAP(fd_set*, fd_set*)
                0x02025940                dataavail
                0x02025770                FD_ZERO
                0x020256d8                FD_SET
                0x02025a8c                ClrHaveError
                0x020257f0                countdwbits(unsigned long)
                0x02025e7c                ReadWithTimeout
                0x0202569c                FD_CLR
 .text          0x02025f98      0x5ba C:\nburn\lib\DBNetBurner.a(netinterface.od)
                0x0202641c                InitializeNetwork(void (*)(pool_buffer*, EFRAME*, unsigned short), void (*)(pool_buffer*, EFRAME*))
                0x02026060                InterfaceIP(int)
                0x020261ec                GetEframe(pool_buffer*)
                0x02026384                SaveIfConfig(ConfigRecord*, int)
                0x02025f98                GetFirstInterface()
                0x020263cc                GetIfConfig(int)
                0x02026180                InterfaceMAC(int)
                0x02026024                GetInterFaceBlock(int)
                0x020260a8                InterfaceDNS(int)
                0x020260f0                InterfaceMASK(int)
                0x02025fdc                GetnextInterface(int)
                0x02026494                TransmitBuffer(pool_buffer*, int)
                0x0202624c                DisableMulticast(MACADR, int)
                0x0202629c                RegisterInterface(_InterfaceBlock*)
                0x02026200                EnableMulticast(MACADR, int)
                0x02026338                Removeinterface(int)
                0x02026294                StopNetworks()
                0x02026138                InterfaceGate(int)
 *fill*         0x02026552        0x2 00
 .text          0x02026554      0x6ae C:\nburn\lib\DBNetBurner.a(taskmon.od)
                0x02026b20                ProcessTaskPacket(UDPPacket&, int)
                0x02026554                EnableTaskMonitor()
                0x02026568                BufferDumpTCBState(os_tcb*)
 *fill*         0x02026c02        0x2 00
 .text          0x02026c04      0xa1c C:\nburn\lib\DBNetBurner.a(autoupdate.od)
                0x02027520                ProcessAutoUpdatePacket(UDPPacket&)
                0x02026ffc                DoData(UDPPacket&)
                0x02026c04                EnableAutoUpdate
                0x02026c34                DoReboot()
                0x02026c84                DoExecute(UDPPacket&, int)
                0x0202723c                DoStart(UDPPacket&)
 .text          0x02027620       0x4c C:\nburn\lib\DBNetBurner.a(device.od)
                0x02027640                DeviceInitializeSem
                0x02027620                DeviceGetQspiSem()
                0x02027630                DeviceGetI2cSem()
 .text          0x0202766c      0x92c C:\nburn\lib\DBNetBurner.a(system.od)
                0x020279e8                GetUserParameters
                0x02027734                UpdateConfigRecord_Num
                0x020276f8                RawGetConfig
                0x0202766c                isvalidcr
                0x02027dfc                SetupDialog
                0x020279f8                ReadLine
                0x02027954                UpdateConfigRecord
                0x02027cc8                IpQuestion
                0x02027968                SaveUserParameters
                0x02027da4                ShowChange
 .text          0x02027f98     0x2754 C:\nburn\lib\DBMOD5234.a(serial.od)
                0x020285dc                real_SER0_ISR
                0x02027f98                WakeTx(int)
                0x02029620                SerialClose
                0x0202957c                SendBreak
                0x02029784                OpenSerial
                0x020290c0                GetUartErrorReg
                0x02029274                fShowSerialData(__sFILE*)
                0x02028588                fake_SER0_ISR()
                0x02028660                fake_SER2_ISR()
                0x020285f8                SER1_ISR
                0x020286cc                SerialEnableTxFlow
                0x020287a8                SerialEnableRxFlow
                0x0202809c                DoSerIsr(int)
                0x02028e88                Serial485HalfDupMode
                0x020285f4                fake_SER1_ISR()
                0x02028c8c                SerialEnableHwRxFlow
                0x0202a060                serread
                0x0202a508                BasePutChar(int, unsigned char)
                0x0202a080                BaseGetChar(int)
                0x020286b4                real_SER2_ISR
                0x02029ce4                serreadwto
                0x0202a35c                serwriteaddress
                0x02028648                real_SER1_ISR
                0x0202a194                serwrite
                0x02029754                serexternalclose
                0x0202858c                SER0_ISR
                0x02028664                SER2_ISR
                0x0202893c                SerialEnableHwTxFlow
 .text          0x0202a6ec     0x25f4 C:\nburn\lib\DBMOD5234.a(etherprint.od)
                0x0202ae8c                EtherLink()
                0x0202ac64                EtherSpeed100()
                0x0202cc1c                denet()
                0x0202c898                ShowFECRegisters()
                0x0202a8a0                EtherInit()
                0x0202afa0                ShowMII(unsigned char, unsigned char, char const*, unsigned short)
                0x0202a6ec                GetMII(unsigned char, unsigned char)
                0x0202cc28                elink()
                0x0202cc10                dEnet()
                0x0202a86c                SwitchMIIPage(unsigned long)
                0x0202a7b0                SetMII(unsigned char, unsigned char, unsigned short)
                0x0202aa3c                EtherDuplex()
                0x0202aee0                showbinary(unsigned short, unsigned short)
                0x0202b024                ShowPhyterMII()
 .text          0x0202cce0        0x0 c:/nburn/gcc-m68k/bin/../lib/gcc/m68k-elf/4.2.1/../../../../m68k-elf/lib/m5208\libstdc++.a(eh_personality.o)
 .text          0x0202cce0        0x0 c:/nburn/gcc-m68k/bin/../lib/gcc/m68k-elf/4.2.1/../../../../m68k-elf/lib/m5208\libstdc++.a(eh_alloc.o)
 .text          0x0202cce0        0x0 c:/nburn/gcc-m68k/bin/../lib/gcc/m68k-elf/4.2.1/../../../../m68k-elf/lib/m5208\libstdc++.a(eh_throw.o)
 .text          0x0202cce0        0x0 c:/nburn/gcc-m68k/bin/../lib/gcc/m68k-elf/4.2.1/../../../../m68k-elf/lib/m5208\libstdc++.a(eh_globals.o)
 .text          0x0202cce0        0x0 c:/nburn/gcc-m68k/bin/../lib/gcc/m68k-elf/4.2.1/../../../../m68k-elf/lib/m5208\libstdc++.a(eh_exception.o)
 .text          0x0202cce0        0x0 c:/nburn/gcc-m68k/bin/../lib/gcc/m68k-elf/4.2.1/../../../../m68k-elf/lib/m5208\libstdc++.a(eh_catch.o)
 .text          0x0202cce0        0x0 c:/nburn/gcc-m68k/bin/../lib/gcc/m68k-elf/4.2.1/../../../../m68k-elf/lib/m5208\libstdc++.a(eh_terminate.o)
 .text          0x0202cce0        0x0 c:/nburn/gcc-m68k/bin/../lib/gcc/m68k-elf/4.2.1/../../../../m68k-elf/lib/m5208\libstdc++.a(eh_call.o)
 .text          0x0202cce0        0x0 c:/nburn/gcc-m68k/bin/../lib/gcc/m68k-elf/4.2.1/../../../../m68k-elf/lib/m5208\libstdc++.a(del_op.o)
 .text          0x0202cce0        0x0 c:/nburn/gcc-m68k/bin/../lib/gcc/m68k-elf/4.2.1/../../../../m68k-elf/lib/m5208\libstdc++.a(class_type_info.o)
 .text          0x0202cce0        0x0 c:/nburn/gcc-m68k/bin/../lib/gcc/m68k-elf/4.2.1/../../../../m68k-elf/lib/m5208\libstdc++.a(eh_term_handler.o)
 .text          0x0202cce0        0x0 c:/nburn/gcc-m68k/bin/../lib/gcc/m68k-elf/4.2.1/../../../../m68k-elf/lib/m5208\libstdc++.a(eh_unex_handler.o)
 .text          0x0202cce0        0x0 c:/nburn/gcc-m68k/bin/../lib/gcc/m68k-elf/4.2.1/../../../../m68k-elf/lib/m5208\libstdc++.a(si_class_type_info.o)
 .text          0x0202cce0        0x0 c:/nburn/gcc-m68k/bin/../lib/gcc/m68k-elf/4.2.1/../../../../m68k-elf/lib/m5208\libstdc++.a(vterminate.o)
 .text          0x0202cce0     0x4ae6 c:/nburn/gcc-m68k/bin/../lib/gcc/m68k-elf/4.2.1/../../../../m68k-elf/lib/m5208\libstdc++.a(cp-demangle.o)
                0x020316ee                __cxa_demangle
 *fill*         0x020317c6        0x2 00
 .text          0x020317c8        0x0 c:/nburn/gcc-m68k/bin/../lib/gcc/m68k-elf/4.2.1/../../../../m68k-elf/lib/m5208\libstdc++.a(tinfo.o)
 .text          0x020317c8        0x0 c:/nburn/gcc-m68k/bin/../lib/gcc/m68k-elf/4.2.1/../../../../m68k-elf/lib/m5208\libstdc++.a(eh_type.o)
 .text          0x020317c8      0xba0 c:/nburn/gcc-m68k/bin/../lib/gcc/m68k-elf/4.2.1/m5208\libgcc.a(_double.o)
                0x020322c6                __cmpdf2
                0x02031828                __adddf3
                0x02032190                __negdf2
                0x02031ea0                __divdf3
                0x020321ee                __cmpdf2_internal
                0x02031cc4                __muldf3
                0x02031822                __subdf3
 .text          0x02032368       0x74 c:/nburn/gcc-m68k/bin/../lib/gcc/m68k-elf/4.2.1/m5208\libgcc.a(_floatex.o)
                0x02032374                $_exception_handler
                0x02032368                __clear_sticky_bit
 .text          0x020323dc       0x22 c:/nburn/gcc-m68k/bin/../lib/gcc/m68k-elf/4.2.1/m5208\libgcc.a(_ltdf2.o)
                0x020323dc                __ltdf2
 *fill*         0x020323fe        0x2 00
 .text          0x02032400      0x49a c:/nburn/gcc-m68k/bin/../lib/gcc/m68k-elf/4.2.1/m5208\libgcc.a(fpgnulib.o)
                0x02032880                __fixsfsi
                0x02032568                __floatsidf
                0x0203263e                __extendsfdf2
                0x020324f6                __floatunsidf
                0x02032800                __fixdfsi
                0x02032624                __floatsisf
                0x020326d8                __truncdfsf2
                0x02032400                __unordsf2
                0x0203260a                __floatunsisf
                0x02032462                __unorddf2
 *fill*         0x0203289a        0x2 00
 .text          0x0203289c     0x1f0e c:/nburn/gcc-m68k/bin/../lib/gcc/m68k-elf/4.2.1/m5208\libgcc.a(unwind-dw2.o)
                0x02032c3e                _Unwind_GetIPInfo
                0x02032922                _Unwind_GetIP
                0x0203460e                _Unwind_Resume_or_Rethrow
                0x02032954                _Unwind_GetRegionStart
                0x02034316                _Unwind_Backtrace
                0x02032912                _Unwind_GetCFA
                0x0203350c                __frame_state_for
                0x0203469c                _Unwind_Resume
                0x02032984                _Unwind_DeleteException
                0x02034432                _Unwind_RaiseException
                0x02032932                _Unwind_SetIP
                0x02032974                _Unwind_GetTextRelBase
                0x02032c1a                _Unwind_FindEnclosingFunction
                0x02032944                _Unwind_GetLanguageSpecificData
                0x02034722                _Unwind_ForcedUnwind
                0x020329a2                _Unwind_SetGR
                0x02032a08                _Unwind_GetGR
                0x02032964                _Unwind_GetDataRelBase
 *fill*         0x020347aa        0x2 00
 .text          0x020347ac     0x126c c:/nburn/gcc-m68k/bin/../lib/gcc/m68k-elf/4.2.1/m5208\libgcc.a(unwind-dw2-fde.o)
                0x020358ca                _Unwind_Find_FDE
                0x020350c0                __register_frame
                0x0203509e                __register_frame_table
                0x02034822                __register_frame_info_bases
                0x02035802                __deregister_frame_info
                0x02035744                __deregister_frame_info_bases
                0x0203488e                __register_frame_info_table_bases
                0x0203580c                __deregister_frame
                0x020348e0                __register_frame_info_table
                0x02034872                __register_frame_info
 .text          0x02035a18       0x18 c:/nburn/gcc-m68k/bin/../lib/gcc/m68k-elf/4.2.1/../../../../m68k-elf/lib/m5208\libc.a(lib_a-abort.o)
                0x02035a18                abort
 .text          0x02035a30       0x34 c:/nburn/gcc-m68k/bin/../lib/gcc/m68k-elf/4.2.1/../../../../m68k-elf/lib/m5208\libc.a(lib_a-atoi.o)
                0x02035a30                _atoi_r
                0x02035a4c                atoi
 .text          0x02035a64       0x64 c:/nburn/gcc-m68k/bin/../lib/gcc/m68k-elf/4.2.1/../../../../m68k-elf/lib/m5208\libc.a(lib_a-bsearch.o)
                0x02035a64                bsearch
 .text          0x02035ac8       0x26 c:/nburn/gcc-m68k/bin/../lib/gcc/m68k-elf/4.2.1/../../../../m68k-elf/lib/m5208\libc.a(lib_a-bzero.o)
                0x02035ac8                bzero
 *fill*         0x02035aee        0x2 00
 .text          0x02035af0       0x1e c:/nburn/gcc-m68k/bin/../lib/gcc/m68k-elf/4.2.1/../../../../m68k-elf/lib/m5208\libc.a(lib_a-cxa_atexit.o)
                0x02035af0                __cxa_atexit
 *fill*         0x02035b0e        0x2 00
 .text          0x02035b10        0xe c:/nburn/gcc-m68k/bin/../lib/gcc/m68k-elf/4.2.1/../../../../m68k-elf/lib/m5208\libc.a(lib_a-errno.o)
                0x02035b10                __errno
 *fill*         0x02035b1e        0x2 00
 .text          0x02035b20       0x24 c:/nburn/gcc-m68k/bin/../lib/gcc/m68k-elf/4.2.1/../../../../m68k-elf/lib/m5208\libc.a(lib_a-fiprintf.o)
                0x02035b20                fiprintf
 .text          0x02035b44       0xaa c:/nburn/gcc-m68k/bin/../lib/gcc/m68k-elf/4.2.1/../../../../m68k-elf/lib/m5208\libc.a(lib_a-fputc.o)
                0x02035b92                _fputc_r
                0x02035b44                fputc
 *fill*         0x02035bee        0x2 00
 .text          0x02035bf0       0x90 c:/nburn/gcc-m68k/bin/../lib/gcc/m68k-elf/4.2.1/../../../../m68k-elf/lib/m5208\libc.a(lib_a-fputs.o)
                0x02035bf0                _fputs_r
                0x02035c66                fputs
 .text          0x02035c80      0x37e c:/nburn/gcc-m68k/bin/../lib/gcc/m68k-elf/4.2.1/../../../../m68k-elf/lib/m5208\libc.a(lib_a-fvwrite.o)
                0x02035c80                __sfvwrite_r
 *fill*         0x02035ffe        0x2 00
 .text          0x02036000       0x9e c:/nburn/gcc-m68k/bin/../lib/gcc/m68k-elf/4.2.1/../../../../m68k-elf/lib/m5208\libc.a(lib_a-fwrite.o)
                0x02036000                _fwrite_r
                0x0203607c                fwrite
 *fill*         0x0203609e        0x2 00
 .text          0x020360a0        0x0 c:/nburn/gcc-m68k/bin/../lib/gcc/m68k-elf/4.2.1/../../../../m68k-elf/lib/m5208\libc.a(lib_a-impure.o)
 .text          0x020360a0       0x54 c:/nburn/gcc-m68k/bin/../lib/gcc/m68k-elf/4.2.1/../../../../m68k-elf/lib/m5208\libc.a(lib_a-iprintf.o)
                0x020360a0                _iprintf_r
                0x020360ca                iprintf
 .text          0x020360f4       0x1c c:/nburn/gcc-m68k/bin/../lib/gcc/m68k-elf/4.2.1/../../../../m68k-elf/lib/m5208\libc.a(lib_a-isspace.o)
                0x020360f4                isspace
 .text          0x02036110       0x32 c:/nburn/gcc-m68k/bin/../lib/gcc/m68k-elf/4.2.1/../../../../m68k-elf/lib/m5208\libc.a(lib_a-malloc.o)
                0x0203612a                malloc
                0x02036110                free
 *fill*         0x02036142        0x2 00
 .text          0x02036144      0x78c c:/nburn/gcc-m68k/bin/../lib/gcc/m68k-elf/4.2.1/../../../../m68k-elf/lib/m5208\libc.a(lib_a-mallocr.o)
                0x02036144                _malloc_r
 .text          0x020368d0       0xd2 c:/nburn/gcc-m68k/bin/../lib/gcc/m68k-elf/4.2.1/../../../../m68k-elf/lib/m5208\libc.a(lib_a-memchr.o)
                0x020368d0                memchr
 *fill*         0x020369a2        0x2 00
 .text          0x020369a4       0x72 c:/nburn/gcc-m68k/bin/../lib/gcc/m68k-elf/4.2.1/../../../../m68k-elf/lib/m5208\libc.a(lib_a-memcmp.o)
                0x020369a4                memcmp
 *fill*         0x02036a16        0x2 00
 .text          0x02036a18       0xb6 c:/nburn/gcc-m68k/bin/../lib/gcc/m68k-elf/4.2.1/../../../../m68k-elf/lib/m5208\libc.a(lib_a-memmove.o)
                0x02036a18                memmove
 *fill*         0x02036ace        0x2 00
 .text          0x02036ad0       0x54 c:/nburn/gcc-m68k/bin/../lib/gcc/m68k-elf/4.2.1/../../../../m68k-elf/lib/m5208\libc.a(lib_a-printf.o)
                0x02036ad0                printf
                0x02036afa                _printf_r
 .text          0x02036b24       0x3a c:/nburn/gcc-m68k/bin/../lib/gcc/m68k-elf/4.2.1/../../../../m68k-elf/lib/m5208\libc.a(lib_a-putchar.o)
                0x02036b24                putchar
                0x02036b42                _putchar_r
 *fill*         0x02036b5e        0x2 00
 .text          0x02036b60      0x16a c:/nburn/gcc-m68k/bin/../lib/gcc/m68k-elf/4.2.1/../../../../m68k-elf/lib/m5208\libc.a(lib_a-putc.o)
                0x02036c1a                _putc_r
                0x02036b60                putc
 *fill*         0x02036cca        0x2 00
 .text          0x02036ccc       0x8a c:/nburn/gcc-m68k/bin/../lib/gcc/m68k-elf/4.2.1/../../../../m68k-elf/lib/m5208\libc.a(lib_a-puts.o)
                0x02036ccc                _puts_r
                0x02036d40                puts
 *fill*         0x02036d56        0x2 00
 .text          0x02036d58       0x1c c:/nburn/gcc-m68k/bin/../lib/gcc/m68k-elf/4.2.1/../../../../m68k-elf/lib/m5208\libc.a(lib_a-realloc.o)
                0x02036d58                realloc
 .text          0x02036d74      0x502 c:/nburn/gcc-m68k/bin/../lib/gcc/m68k-elf/4.2.1/../../../../m68k-elf/lib/m5208\libc.a(lib_a-reallocr.o)
                0x02036d74                _realloc_r
 *fill*         0x02037276        0x2 00
 .text          0x02037278       0x4e c:/nburn/gcc-m68k/bin/../lib/gcc/m68k-elf/4.2.1/../../../../m68k-elf/lib/m5208\libc.a(lib_a-rget.o)
                0x020372b2                __srget
                0x02037278                __srget_r
 *fill*         0x020372c6        0x2 00
 .text          0x020372c8       0x34 c:/nburn/gcc-m68k/bin/../lib/gcc/m68k-elf/4.2.1/../../../../m68k-elf/lib/m5208\libc.a(lib_a-setjmp.o)
                0x020372de                longjmp
                0x020372c8                setjmp
 .text          0x020372fc      0x1ee c:/nburn/gcc-m68k/bin/../lib/gcc/m68k-elf/4.2.1/../../../../m68k-elf/lib/m5208\libc.a(lib_a-setvbuf.o)
                0x020372fc                setvbuf
 *fill*         0x020374ea        0x2 00
 .text          0x020374ec      0x270 c:/nburn/gcc-m68k/bin/../lib/gcc/m68k-elf/4.2.1/../../../../m68k-elf/lib/m5208\libc.a(lib_a-signal.o)
                0x020376e0                _signal_r
                0x02037600                _raise_r
                0x02037566                __sigtramp_r
                0x02037744                signal
                0x02037556                _init_signal
                0x020374ec                _init_signal_r
                0x020375ea                __sigtramp
                0x020376ca                raise
 .text          0x0203775c       0x42 c:/nburn/gcc-m68k/bin/../lib/gcc/m68k-elf/4.2.1/../../../../m68k-elf/lib/m5208\libc.a(lib_a-signalr.o)
                0x02037768                _kill_r
                0x0203775c                _getpid_r
 *fill*         0x0203779e        0x2 00
 .text          0x020377a0       0xba c:/nburn/gcc-m68k/bin/../lib/gcc/m68k-elf/4.2.1/../../../../m68k-elf/lib/m5208\libc.a(lib_a-siprintf.o)
                0x020377fe                _siprintf_r
                0x020377a0                siprintf
 *fill*         0x0203785a        0x2 00
 .text          0x0203785c       0x92 c:/nburn/gcc-m68k/bin/../lib/gcc/m68k-elf/4.2.1/../../../../m68k-elf/lib/m5208\libc.a(lib_a-strcasecmp.o)
                0x0203785c                strcasecmp
 *fill*         0x020378ee        0x2 00
 .text          0x020378f0       0x7c c:/nburn/gcc-m68k/bin/../lib/gcc/m68k-elf/4.2.1/../../../../m68k-elf/lib/m5208\libc.a(lib_a-strcat.o)
                0x020378f0                strcat
 .text          0x0203796c       0x70 c:/nburn/gcc-m68k/bin/../lib/gcc/m68k-elf/4.2.1/../../../../m68k-elf/lib/m5208\libc.a(lib_a-strcmp.o)
                0x0203796c                strcmp
 .text          0x020379dc       0x22 c:/nburn/gcc-m68k/bin/../lib/gcc/m68k-elf/4.2.1/../../../../m68k-elf/lib/m5208\libc.a(lib_a-strcpy.o)
                0x020379dc                strcpy
 *fill*         0x020379fe        0x2 00
 .text          0x02037a00       0x1a c:/nburn/gcc-m68k/bin/../lib/gcc/m68k-elf/4.2.1/../../../../m68k-elf/lib/m5208\libc.a(lib_a-strlen.o)
                0x02037a00                strlen
 *fill*         0x02037a1a        0x2 00
 .text          0x02037a1c       0xda c:/nburn/gcc-m68k/bin/../lib/gcc/m68k-elf/4.2.1/../../../../m68k-elf/lib/m5208\libc.a(lib_a-strncmp.o)
                0x02037a1c                strncmp
 *fill*         0x02037af6        0x2 00
 .text          0x02037af8       0x46 c:/nburn/gcc-m68k/bin/../lib/gcc/m68k-elf/4.2.1/../../../../m68k-elf/lib/m5208\libc.a(lib_a-strstr.o)
                0x02037af8                strstr
 *fill*         0x02037b3e        0x2 00
 .text          0x02037b40      0x18a c:/nburn/gcc-m68k/bin/../lib/gcc/m68k-elf/4.2.1/../../../../m68k-elf/lib/m5208\libc.a(lib_a-strtol.o)
                0x02037cac                strtol
                0x02037b40                _strtol_r
 *fill*         0x02037cca        0x2 00
 .text          0x02037ccc       0x26 c:/nburn/gcc-m68k/bin/../lib/gcc/m68k-elf/4.2.1/../../../../m68k-elf/lib/m5208\libc.a(lib_a-toupper.o)
                0x02037ccc                toupper
 *fill*         0x02037cf2        0x2 00
 .text          0x02037cf4     0x1280 c:/nburn/gcc-m68k/bin/../lib/gcc/m68k-elf/4.2.1/../../../../m68k-elf/lib/m5208\libc.a(lib_a-vfiprintf.o)
                0x02038f56                vfiprintf
                0x02037d38                _vfiprintf_r
 .text          0x02038f74     0x1fac c:/nburn/gcc-m68k/bin/../lib/gcc/m68k-elf/4.2.1/../../../../m68k-elf/lib/m5208\libc.a(lib_a-vfprintf.o)
                0x02038fb8                _vfprintf_r
                0x0203af02                vfprintf
 .text          0x0203af20      0x124 c:/nburn/gcc-m68k/bin/../lib/gcc/m68k-elf/4.2.1/../../../../m68k-elf/lib/m5208\libc.a(lib_a-wbuf.o)
                0x0203af20                __swbuf_r
                0x0203b02a                __swbuf
 .text          0x0203b044       0x7c c:/nburn/gcc-m68k/bin/../lib/gcc/m68k-elf/4.2.1/../../../../m68k-elf/lib/m5208\libc.a(lib_a-wcrtomb.o)
                0x0203b044                _wcrtomb_r
                0x0203b0a4                wcrtomb
 .text          0x0203b0c0      0x130 c:/nburn/gcc-m68k/bin/../lib/gcc/m68k-elf/4.2.1/../../../../m68k-elf/lib/m5208\libc.a(lib_a-wcsrtombs.o)
                0x0203b0c0                _wcsrtombs_r
                0x0203b1ce                wcsrtombs
 .text          0x0203b1f0      0x452 c:/nburn/gcc-m68k/bin/../lib/gcc/m68k-elf/4.2.1/../../../../m68k-elf/lib/m5208\libc.a(lib_a-wctomb_r.o)
                0x0203b1f0                _wctomb_r
 *fill*         0x0203b642        0x2 00
 .text          0x0203b644      0x130 c:/nburn/gcc-m68k/bin/../lib/gcc/m68k-elf/4.2.1/../../../../m68k-elf/lib/m5208\libc.a(lib_a-wsetup.o)
                0x0203b644                __swsetup
 .text          0x0203b774       0xe8 c:/nburn/gcc-m68k/bin/../lib/gcc/m68k-elf/4.2.1/../../../../m68k-elf/lib/m5208\libc.a(lib_a-__atexit.o)
                0x0203b774                __register_exitproc
 .text          0x0203b85c        0x0 c:/nburn/gcc-m68k/bin/../lib/gcc/m68k-elf/4.2.1/../../../../m68k-elf/lib/m5208\libc.a(lib_a-ctype_.o)
 .text          0x0203b85c     0x160a c:/nburn/gcc-m68k/bin/../lib/gcc/m68k-elf/4.2.1/../../../../m68k-elf/lib/m5208\libc.a(lib_a-dtoa.o)
                0x0203ba0e                _dtoa_r
 *fill*         0x0203ce66        0x2 00
 .text          0x0203ce68      0x198 c:/nburn/gcc-m68k/bin/../lib/gcc/m68k-elf/4.2.1/../../../../m68k-elf/lib/m5208\libc.a(lib_a-fflush.o)
                0x0203ce68                fflush
 .text          0x0203d000      0x25e c:/nburn/gcc-m68k/bin/../lib/gcc/m68k-elf/4.2.1/../../../../m68k-elf/lib/m5208\libc.a(lib_a-findfp.o)
                0x0203d05a                __sinit
                0x0203d112                __sfmoreglue
                0x0203d100                _cleanup
                0x0203d0e6                _cleanup_r
                0x0203d180                __sfp
 *fill*         0x0203d25e        0x2 00
 .text          0x0203d260      0x422 c:/nburn/gcc-m68k/bin/../lib/gcc/m68k-elf/4.2.1/../../../../m68k-elf/lib/m5208\libc.a(lib_a-freer.o)
                0x0203d350                _free_r
                0x0203d260                _malloc_trim_r
 *fill*         0x0203d682        0x2 00
 .text          0x0203d684       0xe4 c:/nburn/gcc-m68k/bin/../lib/gcc/m68k-elf/4.2.1/../../../../m68k-elf/lib/m5208\libc.a(lib_a-fwalk.o)
                0x0203d684                _fwalk
                0x0203d6f4                _fwalk_reent
 .text          0x0203d768       0xa6 c:/nburn/gcc-m68k/bin/../lib/gcc/m68k-elf/4.2.1/../../../../m68k-elf/lib/m5208\libc.a(lib_a-locale.o)
                0x0203d796                _setlocale_r
                0x0203d768                __locale_charset
                0x0203d776                _localeconv_r
                0x0203d7f6                setlocale
                0x0203d784                localeconv
 *fill*         0x0203d80e        0x2 00
 .text          0x0203d810      0x178 c:/nburn/gcc-m68k/bin/../lib/gcc/m68k-elf/4.2.1/../../../../m68k-elf/lib/m5208\libc.a(lib_a-makebuf.o)
                0x0203d810                __smakebuf
 .text          0x0203d988      0xc78 c:/nburn/gcc-m68k/bin/../lib/gcc/m68k-elf/4.2.1/../../../../m68k-elf/lib/m5208\libc.a(lib_a-mprec.o)
                0x0203dcdc                _mprec_log10
                0x0203dd92                __any_on
                0x0203de38                _Balloc
                0x0203dc4a                __ratio
                0x0203e360                __i2b
                0x0203db5a                __b2d
                0x0203e528                __s2b
                0x0203da78                __mcmp
                0x0203d988                __hi0bits
                0x0203e446                __pow5mult
                0x0203e144                __lshift
                0x0203e1f2                __multiply
                0x0203deee                __d2b
                0x0203dd4e                __copybits
                0x0203dad8                __ulp
                0x0203e004                __mdiff
                0x0203d9ec                __lo0bits
                0x0203e382                __multadd
                0x0203ddfe                _Bfree
 .text          0x0203e600      0x21c c:/nburn/gcc-m68k/bin/../lib/gcc/m68k-elf/4.2.1/../../../../m68k-elf/lib/m5208\libc.a(lib_a-refill.o)
                0x0203e624                __srefill_r
 .text          0x0203e81c       0x42 c:/nburn/gcc-m68k/bin/../lib/gcc/m68k-elf/4.2.1/../../../../m68k-elf/lib/m5208\libc.a(lib_a-s_isinfd.o)
                0x0203e81c                __isinfd
 *fill*         0x0203e85e        0x2 00
 .text          0x0203e860       0x34 c:/nburn/gcc-m68k/bin/../lib/gcc/m68k-elf/4.2.1/../../../../m68k-elf/lib/m5208\libc.a(lib_a-s_isnand.o)
                0x0203e860                __isnand
 .text          0x0203e894      0x162 c:/nburn/gcc-m68k/bin/../lib/gcc/m68k-elf/4.2.1/../../../../m68k-elf/lib/m5208\libc.a(lib_a-stdio.o)
                0x0203e8b2                __sseek
                0x0203e9a4                __sread
                0x0203e894                __sclose
                0x0203e914                __swrite
 *fill*         0x0203e9f6        0x2 00
 .text          0x0203e9f8       0x3e c:/nburn/gcc-m68k/bin/../lib/gcc/m68k-elf/4.2.1/../../../../m68k-elf/lib/m5208\libc.a(lib_a-writer.o)
                0x0203e9f8                _write_r
 *fill*         0x0203ea36        0x2 00
 .text          0x0203ea38       0x92 c:/nburn/gcc-m68k/bin/../lib/gcc/m68k-elf/4.2.1/../../../../m68k-elf/lib/m5208\libc.a(lib_a-callocr.o)
                0x0203ea38                _calloc_r
 *fill*         0x0203eaca        0x2 00
 .text          0x0203eacc       0x32 c:/nburn/gcc-m68k/bin/../lib/gcc/m68k-elf/4.2.1/../../../../m68k-elf/lib/m5208\libc.a(lib_a-closer.o)
                0x0203eacc                _close_r
 *fill*         0x0203eafe        0x2 00
 .text          0x0203eb00       0xfe c:/nburn/gcc-m68k/bin/../lib/gcc/m68k-elf/4.2.1/../../../../m68k-elf/lib/m5208\libc.a(lib_a-fclose.o)
                0x0203eb00                _fclose_r
                0x0203ebe8                fclose
 *fill*         0x0203ebfe        0x2 00
 .text          0x0203ec00       0x36 c:/nburn/gcc-m68k/bin/../lib/gcc/m68k-elf/4.2.1/../../../../m68k-elf/lib/m5208\libc.a(lib_a-fstatr.o)
                0x0203ec00                _fstat_r
 *fill*         0x0203ec36        0x2 00
 .text          0x0203ec38       0x3e c:/nburn/gcc-m68k/bin/../lib/gcc/m68k-elf/4.2.1/../../../../m68k-elf/lib/m5208\libc.a(lib_a-lseekr.o)
                0x0203ec38                _lseek_r
 *fill*         0x0203ec76        0x2 00
 .text          0x0203ec78       0x3e c:/nburn/gcc-m68k/bin/../lib/gcc/m68k-elf/4.2.1/../../../../m68k-elf/lib/m5208\libc.a(lib_a-readr.o)
                0x0203ec78                _read_r
 *fill*         0x0203ecb6        0x2 00
 .text          0x0203ecb8       0x22 c:/nburn/gcc-m68k/bin/../lib/gcc/m68k-elf/4.2.1/m5208\libgcc.a(_eqdf2.o)
                0x0203ecb8                __eqdf2
 *fill*         0x0203ecda        0x2 00
 .text          0x0203ecdc       0x22 c:/nburn/gcc-m68k/bin/../lib/gcc/m68k-elf/4.2.1/m5208\libgcc.a(_nedf2.o)
                0x0203ecdc                __nedf2
 *fill*         0x0203ecfe        0x2 00
 .text          0x0203ed00       0x22 c:/nburn/gcc-m68k/bin/../lib/gcc/m68k-elf/4.2.1/m5208\libgcc.a(_gtdf2.o)
                0x0203ed00                __gtdf2
 *fill*         0x0203ed22        0x2 00
 .text          0x0203ed24       0x22 c:/nburn/gcc-m68k/bin/../lib/gcc/m68k-elf/4.2.1/m5208\libgcc.a(_gedf2.o)
                0x0203ed24                __gedf2
 *fill*         0x0203ed46        0x2 00
 .text          0x0203ed48      0x3d4 c:/nburn/gcc-m68k/bin/../lib/gcc/m68k-elf/4.2.1/m5208\libgcc.a(_udivdi3.o)
                0x0203ed48                __udivdi3
 .text          0x0203f11c      0x3ee c:/nburn/gcc-m68k/bin/../lib/gcc/m68k-elf/4.2.1/m5208\libgcc.a(_umoddi3.o)
                0x0203f11c                __umoddi3
 *fill*         0x0203f50a        0x2 00
 .text          0x0203f50c       0x32 c:/nburn/gcc-m68k/bin/../lib/gcc/m68k-elf/4.2.1/m5208/crtend.o
                0x0203f540                . = ALIGN (0x10)
 *fill*         0x0203f53e        0x2 00
 *(.text.*)
 .text._ZN5PinIOC1Eii
                0x0203f540       0x22 lcd.od
                0x0203f540                PinIO::PinIO(int, int)
 *fill*         0x0203f562        0x2 00
 .text._ZN12PinIOJ2ArrayixEi
                0x0203f564       0x28 lcd.od
                0x0203f564                PinIOJ2Array::operator[](int)
 .text._ZN5PinIOaSEi
                0x0203f58c       0x28 lcd.od
                0x0203f58c                PinIO::operator=(int)
 .text._ZN5PinIOaSEh
                0x0203f5b4       0x28 lcd.od
                0x0203f5b4                PinIO::operator=(unsigned char)
 .text._ZN5PinIO3hizEv
                0x0203f5dc       0x14 C:\nburn\lib\DBMOD5234.a(pins.od)
                0x0203f5dc                PinIO::hiz()
 .text._ZN5PinIOcviEv
                0x0203f5f0       0x1c C:\nburn\lib\DBMOD5234.a(pins.od)
                0x0203f5f0                PinIO::operator int()
 .text._ZN11buffer_listC1Ev
                0x0203f60c       0x20 C:\nburn\lib\DBNetBurner.a(ip.od)
                0x0203f60c                buffer_list::buffer_list()
 .text._ZN11buffer_list8GetCountEv
                0x0203f62c       0x18 C:\nburn\lib\DBNetBurner.a(ip.od)
                0x0203f62c                buffer_list::GetCount()
 .text._Z8GetIpPktP11pool_buffer
                0x0203f644       0x2c C:\nburn\lib\DBNetBurner.a(ip.od)
                0x0203f644                GetIpPkt(pool_buffer*)
 .text._Z8GetIpPktP6EFRAME
                0x0203f670       0x12 C:\nburn\lib\DBNetBurner.a(ip.od)
                0x0203f670                GetIpPkt(EFRAME*)
 *fill*         0x0203f682        0x2 00
 .text._Z9GetUdpPktP5IPPKT
                0x0203f684       0x6c C:\nburn\lib\DBNetBurner.a(ip.od)
                0x0203f684                GetUdpPkt(IPPKT*)
 .text._ZN18BufferCriticalLockC1ER15os_crit_section
                0x0203f6f0       0x44 C:\nburn\lib\DBNetBurner.a(buffers.od)
                0x0203f6f0                BufferCriticalLock::BufferCriticalLock(os_crit_section&)
 .text._ZN18BufferCriticalLockD1Ev
                0x0203f734       0x60 C:\nburn\lib\DBNetBurner.a(buffers.od)
                0x0203f734                BufferCriticalLock::~BufferCriticalLock()
 .text._ZN20OSCriticalSectionObjD1Ev
                0x0203f794       0x18 C:\nburn\lib\DBNetBurner.a(arp.od)
                0x0203f794                OSCriticalSectionObj::~OSCriticalSectionObj()
 .text._ZN20OSCriticalSectionObjC1ER15os_crit_section
                0x0203f7ac       0x1e C:\nburn\lib\DBNetBurner.a(arp.od)
                0x0203f7ac                OSCriticalSectionObj::OSCriticalSectionObj(os_crit_section&)
 *fill*         0x0203f7ca        0x2 00
 .text._Z9GetUdpPktP11pool_buffer
                0x0203f7cc       0x1e C:\nburn\lib\DBNetBurner.a(udp.od)
                0x0203f7cc                GetUdpPkt(pool_buffer*)
 *fill*         0x0203f7ea        0x2 00
 .text._Z13GetInitUdpPktP5IPPKT
                0x0203f7ec       0x1a C:\nburn\lib\DBNetBurner.a(udp.od)
                0x0203f7ec                GetInitUdpPkt(IPPKT*)
 *fill*         0x0203f806        0x2 00
 .text._Z13GetInitUdpPktP11pool_buffer
                0x0203f808       0x1e C:\nburn\lib\DBNetBurner.a(udp.od)
                0x0203f808                GetInitUdpPkt(pool_buffer*)
 *fill*         0x0203f826        0x2 00
 .text._ZN9UDPPacket13ReleaseBufferEv
                0x0203f828        0xe C:\nburn\lib\DBNetBurner.a(udp.od)
                0x0203f828                UDPPacket::ReleaseBuffer()
 *fill*         0x0203f836        0x2 00
 .text._Z9GetTcpPktP5IPPKT
                0x0203f838       0x6c C:\nburn\lib\DBNetBurner.a(tcp.od)
                0x0203f838                GetTcpPkt(IPPKT*)
 .text._Z9GetTcpPktP11pool_buffer
                0x0203f8a4       0x1e C:\nburn\lib\DBNetBurner.a(tcp.od)
                0x0203f8a4                GetTcpPkt(pool_buffer*)
 *fill*         0x0203f8c2        0x2 00
 .text._Z13GetInitTcpPktP5IPPKT
                0x0203f8c4       0x1a C:\nburn\lib\DBNetBurner.a(tcp.od)
                0x0203f8c4                GetInitTcpPkt(IPPKT*)
 *fill*         0x0203f8de        0x2 00
 .text._Z13GetInitTcpPktP11pool_buffer
                0x0203f8e0       0x1e C:\nburn\lib\DBNetBurner.a(tcp.od)
                0x0203f8e0                GetInitTcpPkt(pool_buffer*)
 *fill*         0x0203f8fe        0x2 00
 .text._Z13GetTcpDataLenP5IPPKTP6TCPPKT
                0x0203f900       0xa8 C:\nburn\lib\DBNetBurner.a(tcp.od)
                0x0203f900                GetTcpDataLen(IPPKT*, TCPPKT*)
 .text._Z10GetTcpDataP6TCPPKT
                0x0203f9a8       0x36 C:\nburn\lib\DBNetBurner.a(tcp.od)
                0x0203f9a8                GetTcpData(TCPPKT*)
 *fill*         0x0203f9de        0x2 00
 .text._Z9IsNullMacRK6MACADR
                0x0203f9e0       0x3e C:\nburn\lib\DBNetBurner.a(tcp.od)
                0x0203f9e0                IsNullMac(MACADR const&)
 *fill*         0x0203fa1e        0x2 00
 .text._Z10modulodiffmm
                0x0203fa20       0x18 C:\nburn\lib\DBNetBurner.a(tcp.od)
                0x0203fa20                modulodiff(unsigned long, unsigned long)
 .text._ZN13socket_structC1Ev
                0x0203fa38       0x44 C:\nburn\lib\DBNetBurner.a(tcp.od)
                0x0203fa38                socket_struct::socket_struct()
 .text._ZN13socket_structD1Ev
                0x0203fa7c       0x30 C:\nburn\lib\DBNetBurner.a(tcp.od)
                0x0203fa7c                socket_struct::~socket_struct()
 .text._ZN13socket_struct4initEt
                0x0203faac       0xe0 C:\nburn\lib\DBNetBurner.a(tcp.od)
                0x0203faac                socket_struct::init(unsigned short)
 .text._ZN9OSLockObjC1Ev
                0x0203fb8c        0xe C:\nburn\lib\DBNetBurner.a(iosys.od)
                0x0203fb8c                OSLockObj::OSLockObj()
 *fill*         0x0203fb9a        0x2 00
 .text._ZN9OSLockObjD1Ev
                0x0203fb9c        0xe C:\nburn\lib\DBNetBurner.a(iosys.od)
                0x0203fb9c                OSLockObj::~OSLockObj()
 *fill*         0x0203fbaa        0x2 00
 .text._ZN9UDPPacket10GetPoolPtrEv
                0x0203fbac        0xe C:\nburn\lib\DBNetBurner.a(autoupdate.od)
                0x0203fbac                UDPPacket::GetPoolPtr()
 *fill*         0x0203fbba        0x2 00
 .text._Z11random_seedv
                0x0203fbbc       0x34 C:\nburn\lib\DBMOD5234.a(serial.od)
                0x0203fbbc                random_seed()
 .text._ZN11UartDataRecC1Ev
                0x0203fbf0       0x3e C:\nburn\lib\DBMOD5234.a(serial.od)
                0x0203fbf0                UartDataRec::UartDataRec()
 *fill*         0x0203fc2e        0x2 00
 .text._ZN11UartDataRecD1Ev
                0x0203fc30       0x2a C:\nburn\lib\DBMOD5234.a(serial.od)
                0x0203fc30                UartDataRec::~UartDataRec()
 .text._Z12read_uleb128PKhPj
                0x0203fc5a       0x30 c:/nburn/gcc-m68k/bin/../lib/gcc/m68k-elf/4.2.1/../../../../m68k-elf/lib/m5208\libstdc++.a(eh_personality.o)
 .text._Z12read_sleb128PKhPi
                0x0203fc8a       0x46 c:/nburn/gcc-m68k/bin/../lib/gcc/m68k-elf/4.2.1/../../../../m68k-elf/lib/m5208\libstdc++.a(eh_personality.o)
 .text._Z16get_adjusted_ptrPKSt9type_infoS1_PPv
                0x0203fcd0       0x6a c:/nburn/gcc-m68k/bin/../lib/gcc/m68k-elf/4.2.1/../../../../m68k-elf/lib/m5208\libstdc++.a(eh_personality.o)
 .text._Z28read_encoded_value_with_basehjPKhPj
                0x0203fd3a      0x12a c:/nburn/gcc-m68k/bin/../lib/gcc/m68k-elf/4.2.1/../../../../m68k-elf/lib/m5208\libstdc++.a(eh_personality.o)
 .text._Z21base_of_encoded_valuehP15_Unwind_Context
                0x0203fe64       0x8c c:/nburn/gcc-m68k/bin/../lib/gcc/m68k-elf/4.2.1/../../../../m68k-elf/lib/m5208\libstdc++.a(eh_personality.o)
 .text._Z17parse_lsda_headerP15_Unwind_ContextPKhP16lsda_header_info
                0x0203fef0       0xec c:/nburn/gcc-m68k/bin/../lib/gcc/m68k-elf/4.2.1/../../../../m68k-elf/lib/m5208\libstdc++.a(eh_personality.o)
 .text._Z15get_ttype_entryP16lsda_header_infoj
                0x0203ffdc       0xe2 c:/nburn/gcc-m68k/bin/../lib/gcc/m68k-elf/4.2.1/../../../../m68k-elf/lib/m5208\libstdc++.a(eh_personality.o)
 .text._Z20check_exception_specP16lsda_header_infoPKSt9type_infoPvi
                0x020400be       0x70 c:/nburn/gcc-m68k/bin/../lib/gcc/m68k-elf/4.2.1/../../../../m68k-elf/lib/m5208\libstdc++.a(eh_personality.o)
 .text.__cxa_call_unexpected
                0x0204012e       0xde c:/nburn/gcc-m68k/bin/../lib/gcc/m68k-elf/4.2.1/../../../../m68k-elf/lib/m5208\libstdc++.a(eh_personality.o)
                0x0204012e                __cxa_call_unexpected
 .text.__gxx_personality_v0
                0x0204020c      0x440 c:/nburn/gcc-m68k/bin/../lib/gcc/m68k-elf/4.2.1/../../../../m68k-elf/lib/m5208\libstdc++.a(eh_personality.o)
                0x0204020c                __gxx_personality_v0
 .text._Z41__static_initialization_and_destruction_0ii
                0x0204064c        0x8 c:/nburn/gcc-m68k/bin/../lib/gcc/m68k-elf/4.2.1/../../../../m68k-elf/lib/m5208\libstdc++.a(eh_alloc.o)
 .text._GLOBAL__I___cxa_allocate_exception
                0x02040654       0x1a c:/nburn/gcc-m68k/bin/../lib/gcc/m68k-elf/4.2.1/../../../../m68k-elf/lib/m5208\libstdc++.a(eh_alloc.o)
 .text.__cxa_allocate_exception
                0x0204066e       0xa4 c:/nburn/gcc-m68k/bin/../lib/gcc/m68k-elf/4.2.1/../../../../m68k-elf/lib/m5208\libstdc++.a(eh_alloc.o)
                0x0204066e                __cxa_allocate_exception
 .text.__cxa_free_exception
                0x02040712       0x4a c:/nburn/gcc-m68k/bin/../lib/gcc/m68k-elf/4.2.1/../../../../m68k-elf/lib/m5208\libstdc++.a(eh_alloc.o)
                0x02040712                __cxa_free_exception
 .text.__cxa_rethrow
                0x0204075c       0x7c c:/nburn/gcc-m68k/bin/../lib/gcc/m68k-elf/4.2.1/../../../../m68k-elf/lib/m5208\libstdc++.a(eh_throw.o)
                0x0204075c                __cxa_rethrow
 .text.__cxa_throw
                0x020407d8       0x6c c:/nburn/gcc-m68k/bin/../lib/gcc/m68k-elf/4.2.1/../../../../m68k-elf/lib/m5208\libstdc++.a(eh_throw.o)
                0x020407d8                __cxa_throw
 .text._Z23__gxx_exception_cleanup19_Unwind_Reason_CodeP17_Unwind_Exception
                0x02040844       0x62 c:/nburn/gcc-m68k/bin/../lib/gcc/m68k-elf/4.2.1/../../../../m68k-elf/lib/m5208\libstdc++.a(eh_throw.o)
 .text.__cxa_get_globals_fast
                0x020408a6        0xe c:/nburn/gcc-m68k/bin/../lib/gcc/m68k-elf/4.2.1/../../../../m68k-elf/lib/m5208\libstdc++.a(eh_globals.o)
                0x020408a6                __cxa_get_globals_fast
 .text.__cxa_get_globals
                0x020408b4        0xe c:/nburn/gcc-m68k/bin/../lib/gcc/m68k-elf/4.2.1/../../../../m68k-elf/lib/m5208\libstdc++.a(eh_globals.o)
                0x020408b4                __cxa_get_globals
 .text._ZNKSt9exception4whatEv
                0x020408c2        0xe c:/nburn/gcc-m68k/bin/../lib/gcc/m68k-elf/4.2.1/../../../../m68k-elf/lib/m5208\libstdc++.a(eh_exception.o)
                0x020408c2                std::exception::what() const
 .text._ZNKSt13bad_exception4whatEv
                0x020408d0        0xe c:/nburn/gcc-m68k/bin/../lib/gcc/m68k-elf/4.2.1/../../../../m68k-elf/lib/m5208\libstdc++.a(eh_exception.o)
                0x020408d0                std::bad_exception::what() const
 .text._ZNSt9exceptionD0Ev
                0x020408de       0x16 c:/nburn/gcc-m68k/bin/../lib/gcc/m68k-elf/4.2.1/../../../../m68k-elf/lib/m5208\libstdc++.a(eh_exception.o)
                0x020408de                std::exception::~exception()
 .text._ZNSt9exceptionD1Ev
                0x020408f4       0x12 c:/nburn/gcc-m68k/bin/../lib/gcc/m68k-elf/4.2.1/../../../../m68k-elf/lib/m5208\libstdc++.a(eh_exception.o)
                0x020408f4                std::exception::~exception()
 .text._ZNSt9exceptionD2Ev
                0x02040906       0x12 c:/nburn/gcc-m68k/bin/../lib/gcc/m68k-elf/4.2.1/../../../../m68k-elf/lib/m5208\libstdc++.a(eh_exception.o)
                0x02040906                std::exception::~exception()
 .text._ZNSt13bad_exceptionD0Ev
                0x02040918       0x2a c:/nburn/gcc-m68k/bin/../lib/gcc/m68k-elf/4.2.1/../../../../m68k-elf/lib/m5208\libstdc++.a(eh_exception.o)
                0x02040918                std::bad_exception::~bad_exception()
 .text._ZNSt13bad_exceptionD1Ev
                0x02040942       0x16 c:/nburn/gcc-m68k/bin/../lib/gcc/m68k-elf/4.2.1/../../../../m68k-elf/lib/m5208\libstdc++.a(eh_exception.o)
                0x02040942                std::bad_exception::~bad_exception()
 .text._ZNSt13bad_exceptionD2Ev
                0x02040958       0x16 c:/nburn/gcc-m68k/bin/../lib/gcc/m68k-elf/4.2.1/../../../../m68k-elf/lib/m5208\libstdc++.a(eh_exception.o)
                0x02040958                std::bad_exception::~bad_exception()
 .text.__cxa_get_exception_ptr
                0x0204096e       0x10 c:/nburn/gcc-m68k/bin/../lib/gcc/m68k-elf/4.2.1/../../../../m68k-elf/lib/m5208\libstdc++.a(eh_catch.o)
                0x0204096e                __cxa_get_exception_ptr
 .text._ZSt18uncaught_exceptionv
                0x0204097e       0x1a c:/nburn/gcc-m68k/bin/../lib/gcc/m68k-elf/4.2.1/../../../../m68k-elf/lib/m5208\libstdc++.a(eh_catch.o)
                0x0204097e                std::uncaught_exception()
 .text.__cxa_end_catch
                0x02040998       0x9a c:/nburn/gcc-m68k/bin/../lib/gcc/m68k-elf/4.2.1/../../../../m68k-elf/lib/m5208\libstdc++.a(eh_catch.o)
                0x02040998                __cxa_end_catch
 .text.__cxa_begin_catch
                0x02040a32       0x90 c:/nburn/gcc-m68k/bin/../lib/gcc/m68k-elf/4.2.1/../../../../m68k-elf/lib/m5208\libstdc++.a(eh_catch.o)
                0x02040a32                __cxa_begin_catch
 .text._ZSt13set_terminatePFvvE
                0x02040ac2       0x18 c:/nburn/gcc-m68k/bin/../lib/gcc/m68k-elf/4.2.1/../../../../m68k-elf/lib/m5208\libstdc++.a(eh_terminate.o)
                0x02040ac2                std::set_terminate(void (*)())
 .text._ZSt14set_unexpectedPFvvE
                0x02040ada       0x18 c:/nburn/gcc-m68k/bin/../lib/gcc/m68k-elf/4.2.1/../../../../m68k-elf/lib/m5208\libstdc++.a(eh_terminate.o)
                0x02040ada                std::set_unexpected(void (*)())
 .text._ZN10__cxxabiv111__terminateEPFvvE
                0x02040af2       0x32 c:/nburn/gcc-m68k/bin/../lib/gcc/m68k-elf/4.2.1/../../../../m68k-elf/lib/m5208\libstdc++.a(eh_terminate.o)
                0x02040af2                __cxxabiv1::__terminate(void (*)())
 .text._ZSt9terminatev
                0x02040b24       0x10 c:/nburn/gcc-m68k/bin/../lib/gcc/m68k-elf/4.2.1/../../../../m68k-elf/lib/m5208\libstdc++.a(eh_terminate.o)
                0x02040b24                std::terminate()
 .text._ZN10__cxxabiv112__unexpectedEPFvvE
                0x02040b34       0x10 c:/nburn/gcc-m68k/bin/../lib/gcc/m68k-elf/4.2.1/../../../../m68k-elf/lib/m5208\libstdc++.a(eh_terminate.o)
                0x02040b34                __cxxabiv1::__unexpected(void (*)())
 .text._ZSt10unexpectedv
                0x02040b44       0x10 c:/nburn/gcc-m68k/bin/../lib/gcc/m68k-elf/4.2.1/../../../../m68k-elf/lib/m5208\libstdc++.a(eh_terminate.o)
                0x02040b44                std::unexpected()
 .text.__cxa_call_terminate
                0x02040b54       0x42 c:/nburn/gcc-m68k/bin/../lib/gcc/m68k-elf/4.2.1/../../../../m68k-elf/lib/m5208\libstdc++.a(eh_call.o)
                0x02040b54                __cxa_call_terminate
 .text._ZdlPv   0x02040b96       0x16 c:/nburn/gcc-m68k/bin/../lib/gcc/m68k-elf/4.2.1/../../../../m68k-elf/lib/m5208\libstdc++.a(del_op.o)
                0x02040b96                operator delete(void*)
 .text._ZNK10__cxxabiv117__class_type_info11__do_upcastEPKS0_PPv
                0x02040bac       0x68 c:/nburn/gcc-m68k/bin/../lib/gcc/m68k-elf/4.2.1/../../../../m68k-elf/lib/m5208\libstdc++.a(class_type_info.o)
                0x02040bac                __cxxabiv1::__class_type_info::__do_upcast(__cxxabiv1::__class_type_info const*, void**) const
 .text._ZNK10__cxxabiv117__class_type_info20__do_find_public_srcElPKvPKS0_S2_
                0x02040c14       0x1a c:/nburn/gcc-m68k/bin/../lib/gcc/m68k-elf/4.2.1/../../../../m68k-elf/lib/m5208\libstdc++.a(class_type_info.o)
                0x02040c14                __cxxabiv1::__class_type_info::__do_find_public_src(long, void const*, __cxxabiv1::__class_type_info const*, void const*) const
 .text._ZN10__cxxabiv117__class_type_infoD0Ev
                0x02040c2e       0x2a c:/nburn/gcc-m68k/bin/../lib/gcc/m68k-elf/4.2.1/../../../../m68k-elf/lib/m5208\libstdc++.a(class_type_info.o)
                0x02040c2e                __cxxabiv1::__class_type_info::~__class_type_info()
 .text._ZN10__cxxabiv117__class_type_infoD1Ev