Archive member included because of file (symbol)

C:\nburn\lib\MOD5234.a(bsp.o)
                              lab2.o (SetIntc)
C:\nburn\lib\MOD5234.a(pins.o)
                              lcd.o (PinIO::function(int))
C:\nburn\lib\MOD5234.a(ETPU.o)
                              C:\nburn\lib\MOD5234.a(pins.o) (eTPUDriveGPIO)
C:\nburn\lib\MOD5234.a(etpu_gpio.o)
                              C:\nburn\lib\MOD5234.a(ETPU.o) (fs_etpu_gpio_output)
C:\nburn\lib\MOD5234.a(etpu_uart.o)
                              C:\nburn\lib\MOD5234.a(ETPU.o) (fs_etpu_uart_read_receive_data)
C:\nburn\lib\MOD5234.a(etpu_util.o)
                              C:\nburn\lib\MOD5234.a(ETPU.o) (fs_etpu_data_ram)
C:\nburn\lib\MOD5234.a(ETPUinit.o)
                              C:\nburn\lib\MOD5234.a(ETPU.o) (eTPU)
C:\nburn\lib\NetBurner.a(ucosmcfa.o)
                              C:\nburn\lib\MOD5234.a(bsp.o) (OSCtxSw)
C:\nburn\lib\NetBurner.a(ucosmcfc.o)
                              lab2.o (OSTaskCreatewName)
C:\nburn\lib\NetBurner.a(ucos.o)
                              lab2.o (OSIntNesting)
C:\nburn\lib\NetBurner.a(ucosmain.o)
                              C:\nburn\lib\NetBurner.a(ucos.o) (OSTCBTbl)
C:\nburn\lib\NetBurner.a(fileio.o)
                              C:\nburn\lib\NetBurner.a(ucosmain.o) (ioctl)
C:\nburn\lib\NetBurner.a(main.o)
                              c:/nburn/gcc-m68k/bin/../lib/gcc/m68k-elf/4.2.1/../../../../m68k-elf/lib/m5208\nb-crt0.o (main)
C:\nburn\lib\NetBurner.a(ip.o)
                              lab2.o (InitializeStack(unsigned long, unsigned long, unsigned long, unsigned long))
C:\nburn\lib\NetBurner.a(buffers.o)
                              C:\nburn\lib\NetBurner.a(ip.o) (FreeBuffer)
C:\nburn\lib\NetBurner.a(arp.o)
                              C:\nburn\lib\NetBurner.a(ip.o) (wArpLifetime)
C:\nburn\lib\NetBurner.a(udp.o)
                              C:\nburn\lib\NetBurner.a(ip.o) (process_udp(pool_buffer*, IPPKT*, unsigned short))
C:\nburn\lib\NetBurner.a(tcp.o)
                              C:\nburn\lib\NetBurner.a(ip.o) (DumpTcpPacket(IPPKT*))
C:\nburn\lib\NetBurner.a(extraio.o)
                              C:\nburn\lib\MOD5234.a(ETPU.o) (GetExtraFD)
C:\nburn\lib\NetBurner.a(http.o)
                              lab2.o (StartHTTP)
C:\nburn\lib\NetBurner.a(httpinternal.o)
                              C:\nburn\lib\NetBurner.a(http.o) (TheErrorHandler)
C:\nburn\lib\NetBurner.a(htmldecomp.o)
                              C:\nburn\lib\NetBurner.a(httpinternal.o) (SendHeaderResponse(char*, int))
C:\nburn\lib\NetBurner.a(iosys.o)
                              C:\nburn\lib\NetBurner.a(tcp.o) (FD_ZERO)
C:\nburn\lib\NetBurner.a(netinterface.o)
                              C:\nburn\lib\NetBurner.a(arp.o) (GetFirstInterface())
C:\nburn\lib\NetBurner.a(taskmon.o)
                              lab2.o (EnableTaskMonitor())
C:\nburn\lib\NetBurner.a(smarttrap.o)
                              lab2.o (EnableSmartTraps())
C:\nburn\lib\NetBurner.a(autoupdate.o)
                              lab2.o (EnableAutoUpdate)
C:\nburn\lib\NetBurner.a(device.o)
                              C:\nburn\lib\NetBurner.a(main.o) (DeviceInitializeSem)
C:\nburn\lib\NetBurner.a(system.o)
                              C:\nburn\lib\NetBurner.a(udp.o) (isvalidcr)
C:\nburn\lib\NetBurner.a(utils.o)
                              C:\nburn\lib\NetBurner.a(system.o) (AsciiToIp)
C:\nburn\lib\MOD5234.a(serial.o)
                              C:\nburn\lib\NetBurner.a(fileio.o) (SerialClose)
C:\nburn\lib\MOD5234.a(ethernet.o)
                              C:\nburn\lib\NetBurner.a(netinterface.o) (AddEthernetInterface())
C:\nburn\lib\MOD5234.a(etherprint.o)
                              C:\nburn\lib\MOD5234.a(ethernet.o) (EtherLink())
C:\nburn\lib\MOD5234.a(emulticast.o)
                              C:\nburn\lib\MOD5234.a(ethernet.o) (EthEnableMulticast(MACADR))
C:\nburn\lib\MOD5234.a(ioboard.o)
                              C:\nburn\lib\NetBurner.a(ucos.o) (putleds)
c:/nburn/gcc-m68k/bin/../lib/gcc/m68k-elf/4.2.1/m5208\libgcc.a(_double.o)
                              C:\nburn\lib\MOD5234.a(bsp.o) (__muldf3)
c:/nburn/gcc-m68k/bin/../lib/gcc/m68k-elf/4.2.1/m5208\libgcc.a(_floatex.o)
                              c:/nburn/gcc-m68k/bin/../lib/gcc/m68k-elf/4.2.1/m5208\libgcc.a(_double.o) (_fpCCR)
c:/nburn/gcc-m68k/bin/../lib/gcc/m68k-elf/4.2.1/m5208\libgcc.a(_ltdf2.o)
                              C:\nburn\lib\MOD5234.a(bsp.o) (__ltdf2)
c:/nburn/gcc-m68k/bin/../lib/gcc/m68k-elf/4.2.1/m5208\libgcc.a(fpgnulib.o)
                              C:\nburn\lib\MOD5234.a(bsp.o) (__floatunsidf)
c:/nburn/gcc-m68k/bin/../lib/gcc/m68k-elf/4.2.1/../../../../m68k-elf/lib/m5208\libc.a(lib_a-atoi.o)
                              C:\nburn\lib\NetBurner.a(httpinternal.o) (atoi)
c:/nburn/gcc-m68k/bin/../lib/gcc/m68k-elf/4.2.1/../../../../m68k-elf/lib/m5208\libc.a(lib_a-bsearch.o)
                              C:\nburn\lib\NetBurner.a(htmldecomp.o) (bsearch)
[...]
Memory Configuration

Name             Origin             Length             Attributes
ram              0x02000000         0x00800000         xrw
SRAM             0x20000400         0x0000fc00         xrw
*default*        0x00000000         0xffffffff

Linker script and memory map

LOAD c:/nburn/gcc-m68k/bin/../lib/gcc/m68k-elf/4.2.1/../../../../m68k-elf/lib/m5208\nb-crt0.o
LOAD c:/nburn/gcc-m68k/bin/../lib/gcc/m68k-elf/4.2.1/m5208/crtbegin.o
LOAD lcd.o
LOAD lab2.o
LOAD keypad.o
LOAD error_wrapper.o
LOAD htmldata.o
LOAD C:\nburn\MOD5234\lib\sys.ld
                0x20000000                vector_base = 0x20000000
                0x20010000                SRAM_END_ADDR = 0x20010000
                0x40000000                sim = 0x40000000
                0xffc04000                gConfigRec = 0xffc04000
                0xffc06000                UserParamBase = 0xffc06000
                0xffc00008                _RESET_ADDR = 0xffc00008
                0xffc08000                FlashAppBase = 0xffc08000
START GROUP
LOAD C:\nburn\lib\MOD5234.a
LOAD C:\nburn\lib\NetBurner.a
LOAD C:\nburn\lib\FatFile.a
LOAD C:\nburn\lib\rtl8711Library.a
LOAD C:\nburn\lib\debugLibrary.a
END GROUP
LOAD c:/nburn/gcc-m68k/bin/../lib/gcc/m68k-elf/4.2.1/../../../../m68k-elf/lib/m5208\libstdc++.a
LOAD c:/nburn/gcc-m68k/bin/../lib/gcc/m68k-elf/4.2.1/../../../../m68k-elf/lib/m5208\libm.a
LOAD c:/nburn/gcc-m68k/bin/../lib/gcc/m68k-elf/4.2.1/m5208\libgcc.a
LOAD c:/nburn/gcc-m68k/bin/../lib/gcc/m68k-elf/4.2.1/../../../../m68k-elf/lib/m5208\libc.a
LOAD c:/nburn/gcc-m68k/bin/../lib/gcc/m68k-elf/4.2.1/m5208\libgcc.a
LOAD c:/nburn/gcc-m68k/bin/../lib/gcc/m68k-elf/4.2.1/m5208/crtend.o
START GROUP
LOAD c:/nburn/gcc-m68k/bin/../lib/gcc/m68k-elf/4.2.1/../../../../m68k-elf/lib/m5208\libc.a
LOAD c:/nburn/gcc-m68k/bin/../lib/gcc/m68k-elf/4.2.1/m5208\libgcc.a
LOAD c:/nburn/gcc-m68k/bin/../lib/gcc/m68k-elf/4.2.1/../../../../m68k-elf/lib/m5208\libm.a
END GROUP
                0x00000000                __DYNAMIC = 0x0
                0x02800000                PROVIDE (__stack, 0x2800000)
                0x00000000                PROVIDE (hardware_init_hook, 0x0)
                0x00000000                PROVIDE (_hardware_init_hook, 0x0)
                0x00000000                PROVIDE (software_init_hook, 0x0)
                0x00000000                PROVIDE (_software_init_hook, 0x0)

.SRAM_SECT      0x20000400     0x8620
                0x20000400                SRAM_START = .
 *(SYS_VAR_SECT)
 SYS_VAR_SECT   0x20000400      0x238 C:\nburn\lib\NetBurner.a(ucos.o)
                0x2000052c                TimeTick
                0x2000051c                OSLockNesting
                0x20000526                OSRunning
                0x20000508                OSTCBList
                0x20000530                OSMapTbl
                0x20000528                Secs
                0x20000514                OSTCBFreeList
                0x20000527                OSShowTasksOnLeds
                0x20000524                OSISRLevel
                0x20000510                OSTCBHighRdy
                0x20000520                OSRdyGrp
                0x20000538                OSUnMapTbl
                0x20000500                OSRdyTbl
                0x20000518                OSIntNesting
                0x2000050c                OSTCBCur
                0x20000400                OSTCBPrioTbl
 SYS_VAR_SECT   0x20000638      0x1a8 C:\nburn\lib\NetBurner.a(ucosmain.o)
                0x2000064c                critical_count
                0x20000650                OSTCBTbl
 SYS_VAR_SECT   0x200007e0       0x1c C:\nburn\lib\NetBurner.a(fileio.o)
                0x200007f8                pExtraFdFunc
 SYS_VAR_SECT   0x200007fc       0x20 C:\nburn\lib\NetBurner.a(iosys.o)
                0x200007fc                read_file_sets
                0x2000080c                error_file_sets
                0x20000804                write_file_sets
                0x2000081c                SYS_VAR_SECT_END = .
                0x20000820                . = ALIGN (0x10)
 *fill*         0x2000081c        0x4 00
 *(IDLE_STK_SECT)
                0x20000820                IDLE_STK_SECT_END = .
                0x20000820                . = ALIGN (0x10)
 *(MAIN_STK_SECT)
 MAIN_STK_SECT  0x20000820     0x2000 C:\nburn\lib\NetBurner.a(main.o)
                0x20000820                MainStk
                0x20002820                MAIN_STK_SECT_END = .
                0x20002820                . = ALIGN (0x4)
 *(ETHER_VAR_SECT)
 ETHER_VAR_SECT
                0x20002820      0x110 C:\nburn\lib\MOD5234.a(ethernet.o)
                0x200028f6                TxcPosts
                0x200028fa                TxcSems
                0x20002820                EthernetMac
                0x200028ee                LastIsrStatus
                0x20002850                RxBD
                0x200028e0                TxBDFlag
                0x200028fe                RxIsr
                0x2000290c                PHY_addr
                0x200028f2                RxPosts
                0x2000290e                PHY_ID
                0x20002906                bEthLink
                0x200028d4                RxBDFlag
                0x200028ea                last_rxbd
                0x200028a0                RxBDpp
                0x20002908                phy_data_pd
                0x20002826                nTx
                0x20002902                TxIsr
                0x200028c8                TxBDpp
                0x20002830                TxBD
                0x20002930                ETHER_VAR_SECT_END = .
                0x20002930                . = ALIGN (0x10)
 *(ETHER_STK_SECT)
 ETHER_STK_SECT
                0x20002930     0x2000 C:\nburn\lib\MOD5234.a(ethernet.o)
                0x20002930                EtherSendStk
                0x20004930                ETHER_STK_SECT_END = .
                0x20004930                . = ALIGN (0x4)
 *(IP_VAR_SECT)
 IP_VAR_SECT    0x20004930       0x36 C:\nburn\lib\NetBurner.a(ip.o)
                0x20004932                bTTL_Default
                0x2000495e                next_arp_time
                0x20004934                ipRxFifo
                0x20004946                IcmpFifo
                0x20004930                wGlobalPktId
                0x20004952                pPromisciousPacketFunc
                0x2000495a                pFragFunc
                0x20004956                pMultiCastFunc
                0x20004962                delay
                0x2000494e                pMultiTick
                0x2000494a                pDHCPTick
 IP_VAR_SECT    0x20004966       0x74 C:\nburn\lib\NetBurner.a(udp.o)
                0x200049d6                UdpNetbiosNameServicePtr
                0x20004966                udp_fifos
                0x200049ce                pDHCPProcessFunction
                0x200049d2                pTaskPacketFunc
                0x200049ca                UDP_fifos_used
                0x200049da                IP_VAR_SECT_END = .
                0x200049e0                . = ALIGN (0x10)
 *fill*         0x200049da        0x6 00
 *(IP_STK_SECT)
 IP_STK_SECT    0x200049e0     0x2000 C:\nburn\lib\NetBurner.a(ip.o)
                0x200049e0                IPStk
                0x200069e0                IP_STK_SECT_END = .
                0x200069e0                . = ALIGN (0x4)
 *(TCP_VAR_SECT)
 TCP_VAR_SECT   0x200069e0       0x1e C:\nburn\lib\NetBurner.a(tcp.o)
                0x200069f0                TCP_TimerSemaphore
                0x200069e0                TCP_critical_section
                0x200069fe                TCP_VAR_SECT_END = .
                0x20006a00                . = ALIGN (0x10)
 *fill*         0x200069fe        0x2 00
 *(TCP_STK_SECT)
 TCP_STK_SECT   0x20006a00     0x2000 C:\nburn\lib\NetBurner.a(tcp.o)
                0x20006a00                TCPStk
                0x20008a00                TCP_STK_SECT_END = .
                0x20008a00                . = ALIGN (0x10)
 *(HTTP_STK_SECT)
                0x20008a00                HTTP_STK_SECT_END = .
                0x20008a00                . = ALIGN (0x10)
 *(FTP_STK_SECT)
                0x20008a00                FTP_STK_SECT_END = .
                0x20008a00                . = ALIGN (0x10)
 *(WIFI_STK_SECT)
                0x20008a00                WIFI_STK_SECT_END = .
                0x20008a00                . = ALIGN (0x10)
 *(PPP_STK_SECT)
                0x20008a00                PPP_STK_SECT_END = .
                0x20008a00                . = ALIGN (0x10)
 *(COMMAND_STK_SECT)
                0x20008a00                COMMAND_STK_SECT_END = .
                0x20008a00                . = ALIGN (0x4)
 *(USER_VAR_SECT)
                0x20008a00                USER_VAR_SECT_END = .
                0x20008a00                . = ALIGN (0x10)
 *(USER_STK_SECT)
                0x20008a00                USER_STK_SECT_END = .
                0x20008a00                BUFFERS_SECT_START = .
                0x20008a00                . = ALIGN (0x10)
 *(BUFFERS_VAR_SECT)
 BUFFERS_VAR_SECT
                0x20008a00       0x1c C:\nburn\lib\NetBurner.a(buffers.o)
                0x20008a00                FAST_BUFFER_POOL_SIZE
                0x20008a0e                free_fast_list
                0x20008a18                free_list_is_initialized
                0x20008a04                free_list
                0x20008a20                . = ALIGN (0x10)
 *fill*         0x20008a1c        0x4 00
                0x20008a20                BUFFERS_VAR_SECT_END = .
                0x20008a20                . = ALIGN (0x10)
                0x20008a20                SRAM_END = .

.text           0x02000000    0x27520
 *(.text)
 .text          0x02000000       0xaa c:/nburn/gcc-m68k/bin/../lib/gcc/m68k-elf/4.2.1/../../../../m68k-elf/lib/m5208\nb-crt0.o
                0x02000000                start
 *fill*         0x020000aa        0x2 00
 .text          0x020000ac       0x9c c:/nburn/gcc-m68k/bin/../lib/gcc/m68k-elf/4.2.1/m5208/crtbegin.o
 .text          0x02000148      0xdd2 lcd.o
                0x020006ac                Lcd::setLCD(unsigned char)
                0x02000160                Lcd::Lcd()
                0x02000a9c                Lcd::move(unsigned char, unsigned char)
                0x02000558                Lcd::Clear(unsigned char)
                0x020001b0                Lcd::enable_lower()
                0x02000188                Lcd::set_rs_line(unsigned char)
                0x02000148                Lcd::Lcd()
                0x02000e90                Lcd::PrintChar(unsigned char, char)
                0x02000bf8                Lcd::print_char(unsigned char, char)
                0x020003b4                Lcd::send_cmd(unsigned char, unsigned char)
                0x02000178                Lcd::ShiftDisplayRight(unsigned char)
                0x02000df4                Lcd::PrintString(unsigned char, char const*)
                0x02000438                Lcd::Home(unsigned char)
                0x02000b6c                Lcd::MoveCursor(unsigned char, unsigned char)
                0x020001f4                Lcd::enable_upper()
                0x02000238                Lcd::set_data_lines(unsigned char)
                0x02000330                Lcd::send_data(unsigned char, unsigned char)
                0x02000718                Lcd::Init(unsigned char)
                0x02000180                Lcd::ShiftDisplayLeft(unsigned char)
 *fill*         0x02000f1a        0x2 00
 .text          0x02000f1c      0x28a lab2.o
                0x020010b4                UserMain
                0x02000f1c                fake_out_irq_pin_isr()
                0x02001024                Print_Task
                0x02000f20                out_irq_pin_isr
                0x02001004                real_out_irq_pin_isr
                0x02000fc4                IRQIntInit
 *fill*         0x020011a6        0x2 00
 .text          0x020011a8      0x254 keypad.o
                0x020011d8                Keypad::GetLastButtonString()
                0x0200122c                Keypad::Init()
                0x020011b8                Keypad::Keypad()
                0x020013b0                Keypad::GetNewButtonString()
                0x020011a8                Keypad::Keypad()
                0x020011c8                Keypad::GetLastButtonNumber()
                0x02001318                Keypad::read_data()
                0x020013e0                Keypad::GetNewButtonNumber()
                0x020011fc                Keypad::ButtonPressed()
 .text          0x020013fc      0x226 error_wrapper.o
                0x020013fc                display_error(char const*, unsigned char)
 *fill*         0x02001622        0x2 00
 .text          0x02001624       0x16 htmldata.o
                0x02001630                DoHtmlVariable(int, unsigned short)
                0x02001624                DoHtmlFunction(int, char const*, unsigned short)
 *fill*         0x0200163a        0x2 00
 .text          0x0200163c      0x60c C:\nburn\lib\MOD5234.a(bsp.o)
                0x02001a40                _sbrk_r
                0x02001ba8                HardwareSetup
                0x020019c4                DisableCache
                0x02001b40                spaceleft
                0x02001a98                LocalInByte
                0x02001b8c                ForceReboot
                0x02001868                FlashProgram
                0x02001640                Tick5234
                0x02001b78                BspGetTickFraction
                0x0200163c                xTick
                0x020017d8                FlashErase
                0x02001acc                LocalOutByte
                0x02001a8c                atexit
                0x02001730                GetPreciseTime
                0x020019e8                EnableCache
                0x02001658                SetIntc
                0x02001b1c                LocalCharAvail
 .text          0x02001c48     0x1cf2 C:\nburn\lib\MOD5234.a(pins.o)
                0x02002cb8                PinIO::set(unsigned char)
                0x02001c48                PinIO::function(int)
                0x0200288c                PinIO::drive()
                0x020038d8                CReadPin
                0x02002224                PinIO::read()
                0x020038fc                CGPInPin
 *fill*         0x0200393a        0x2 00
 .text          0x0200393c     0x1a20 C:\nburn\lib\MOD5234.a(ETPU.o)
                0x02003c98                fake_ETPU_CH8()
                0x02003e9c                real_ETPU_CH12
                0x02003d58                real_ETPU_CH9
                0x02003b58                ETPU_CH5
                0x02003de0                ETPU_CH11
                0x02003b54                fake_ETPU_CH5()
                0x02003a80                ETPU_CH3
                0x02004f04                eTPUFunctionUARTRX
                0x020047f4                eTPUInitFIFO
                0x02003f24                ETPU_CH14
                0x02003f08                real_ETPU_CH13
                0x0200442c                eTPUReadUART
                0x020046bc                eTPUDoISR(int)
                0x02003d04                fake_ETPU_CH9()
                0x020049a8                ETPU_UART_FD_CLOSE(int)
                0x02003cec                real_ETPU_CH8
                0x02003dc4                real_ETPU_CH10
                0x020040e8                eTPURecordInit()
                0x02003a7c                fake_ETPU_CH3()
                0x02004a48                eTPUInterruptEnable
                0x02003c80                real_ETPU_CH7
                0x02003990                real_ETPU_CH0
                0x02004834                eTPUDriveGPIO
                0x0200454c                eTPUgetCharUART
                0x02003f20                fake_ETPU_CH14()
                0x020051d8                eTPUFDUartOpen
                0x02003eb4                fake_ETPU_CH13()
                0x02003bc0                fake_ETPU_CH6()
                0x02003c2c                fake_ETPU_CH7()
                0x02003c30                ETPU_CH7
                0x02003ff8                fs_timer_stop
                0x0200462c                ETPU_UART_FD_WRITE(int, char const*, int)
                0x02004a00                eTPUFunctionGPIO
                0x02003e30                real_ETPU_CH11
                0x0200407c                eTPUEventClear
                0x02003a64                real_ETPU_CH2
                0x02003f8c                fake_ETPU_CH15()
                0x02003ae8                fake_ETPU_CH4()
                0x02003b3c                real_ETPU_CH4
                0x02003aec                ETPU_CH4
                0x0200393c                fake_ETPU_CH0()
                0x02003e4c                ETPU_CH12
                0x02003fe0                real_ETPU_CH15
                0x02003940                ETPU_CH0
                0x02003f74                real_ETPU_CH14
                0x02005078                eTPUFunctionUARTTX
                0x02003d74                ETPU_CH10
                0x02003a10                fake_ETPU_CH2()
                0x02004970                eTPUCloseChannel
                0x02003ba8                real_ETPU_CH5
                0x020043f8                eTPUCharAvailUART
                0x02003d08                ETPU_CH9
                0x020044bc                ETPU_UART_FD_READ(int, char*, int)
                0x02003f90                ETPU_CH15
                0x02003ddc                fake_ETPU_CH11()
                0x02004884                eTPUSetGPIO
                0x02003bc4                ETPU_CH6
                0x02003eb8                ETPU_CH13
                0x02003a14                ETPU_CH2
                0x020039a4                fake_ETPU_CH1()
                0x020039f8                real_ETPU_CH1
                0x02004014                eTPUInterruptDisable
                0x020039a8                ETPU_CH1
                0x0200409c                eTPUEventPoll
                0x02003ad0                real_ETPU_CH3
                0x02004328                eTPUChanInit(int)
                0x02003c14                real_ETPU_CH6
                0x02003c9c                ETPU_CH8
                0x02003e48                fake_ETPU_CH12()
                0x02003d70                fake_ETPU_CH10()
                0x0200456c                eTPUWriteUART
                0x020048d8                eTPUInputGPIO
 .text          0x0200535c      0x26e C:\nburn\lib\MOD5234.a(etpu_gpio.o)
                0x0200549c                fs_etpu_gpio_pin_history
                0x0200535c                fs_etpu_gpio_output_high
                0x0200555c                fs_etpu_gpio_init
                0x020054c0                fs_etpu_gpio_cfg_input_periodic
                0x02005478                fs_etpu_gpio_input_immed
                0x020053fc                fs_etpu_gpio_cfg_input_trans
                0x020053a4                fs_etpu_gpio_output
                0x02005380                fs_etpu_gpio_output_low
 *fill*         0x020055ca        0x2 00
 .text          0x020055cc      0x310 C:\nburn\lib\MOD5234.a(etpu_uart.o)
                0x02005604                fs_etpu_uart_write_transmit_data
                0x020055cc                fs_etpu_uart_read_receive_data
                0x0200562c                fs_etpu_uart_init
 .text          0x020058dc      0x75a C:\nburn\lib\MOD5234.a(etpu_util.o)
                0x02005e6c                fs_etpu_get_global_24
                0x02005bbc                fs_etpu_set_chan_local_32
                0x02005a5c                fs_timer_start
                0x02005dcc                fs_etpu_set_global_32
                0x02005d5c                fs_etpu_get_chan_local_16
                0x02005a78                fs_etpu_malloc
                0x02005c70                fs_etpu_set_chan_local_8
                0x020058dc                fs_etpu_data_ram
                0x02005e04                fs_etpu_set_global_16
                0x02005e3c                fs_etpu_get_global32
                0x02005cac                fs_etpu_get_chan_local_32
                0x02005d1c                fs_etpu_get_chan_local_24
                0x02005d94                fs_etpu_get_chan_local_8
                0x02005ce4                fs_etpu_get_chan_local_24s
                0x02005b4c                fs_etpu_malloc2
                0x02005de8                fs_etpu_set_global_24
                0x02005aac                fs_etpu_chan_init
                0x02005e20                fs_etpu_set_global_8
                0x02005a0c                fs_etpu_dma_enable
                0x02005934                fs_etpu_get_hsr
                0x02005e54                fs_etpu_get_global_24s
                0x020059e4                fs_etpu_interrupt_disable
                0x02005ea0                fs_etpu_get_global_8
                0x02005eb8                fs_memset32
                0x02005c34                fs_etpu_set_chan_local_16
                0x02005edc                fs_memcpy32
                0x02005994                fs_etpu_disable
                0x020059bc                fs_etpu_interrupt_enable
                0x02005bf8                fs_etpu_set_chan_local_24
                0x0200590c                fs_etpu_set_hsr
                0x02005f10                fs_etpu_init
                0x02005e88                fs_etpu_get_global_16
                0x0200595c                fs_etpu_enable
                0x02005a34                fs_etpu_dma_disable
 *fill*         0x02006036        0x2 00
 .text          0x02006038      0x126 C:\nburn\lib\MOD5234.a(ETPUinit.o)
                0x020060b4                MOD5234_etpu_init
                0x02006124                eTPUInit
                0x02006038                MOD5234_etpu_start
 *fill*         0x0200615e        0x2 00
 .text          0x02006160      0x44a C:\nburn\lib\NetBurner.a(ucosmcfa.o)
                0x02006240                OSDebugTraceHalt
                0x02006160                OSStartHighRdy
                0x02006250                TrapOutByte
                0x02006280                memcpy
                0x02006280                fmemcpy
                0x02006180                OSCtxSw
                0x02006270                TrapCharAvail
                0x020061b0                OSIntCtxSw
                0x02006260                TrapInByte
                0x020061e0                OSTickISR
                0x02006350                memcpysum
                0x02006220                OSSetupVBR
                0x02006580                GetSR_IntLevel
                0x020064e0                memset
                0x020064e0                fmemset
                0x02006590                SetSR_IntLevel
 *fill*         0x020065aa        0x2 00
 .text          0x020065ac      0x320 C:\nburn\lib\NetBurner.a(ucosmcfc.o)
                0x02006894                OSTaskCreate
                0x020068c0                TopOfStackKillfunction
                0x02006668                OSTaskCreatewName
                0x020065ac                OSTCBInit
                0x020068c4                KillFunctionLink
 .text          0x020068cc     0x1e5c C:\nburn\lib\NetBurner.a(ucos.o)
                0x02006d84                OSCritEnterNoWait
                0x02006f5e                UCOSWAITS_HERE
                0x0200727c                OSFifoPostFirst
                0x02006fc4                OSCritLeave
                0x02006d30                getpid
                0x02006a54                OSLock
                0x020076d0                OSQPostFirst
                0x02006df8                OSTaskID
                0x02006c18                OSQPendNoWait
                0x02006e10                OSSetName
                0x02006e38                OSIntExit
                0x02006adc                OSSemPendNoWait
                0x02008218                OSTaskDelete
                0x02008434                OSUnlock
                0x02006d48                OSCritInit
                0x02007870                OSQPost
                0x020070dc                OSCritEnter
                0x0200753c                OSFifoPend
                0x02008078                OSSemPend
                0x02006b1c                OSMboxInit
                0x02007bf0                OSMboxPost
                0x02006c94                OSFifoInit
                0x02007a08                OSQPend
                0x02006ed4                OSSched
                0x02008468                OSTimeDly
                0x02007eec                OSSemPost
                0x02008330                OSChangePrio
                0x02006a24                OSTCBGetFree
                0x020068cc                OSIntEnterWAS
                0x02006b64                OSMboxPendNoWait
                0x020073dc                OSFifoPost
                0x02006a7c                OSSemInit
                0x02008530                OSStart
                0x02006914                OSTimeTick
                0x02006ba4                OSQInit
                0x02006e24                OSTaskName
                0x02006ce0                OSFifoPendNoWait
                0x02007d58                OSMboxPend
                0x020085ac                OSInit
                0x020068f4                OSChangeTaskDly
 .text          0x02008728      0x16c C:\nburn\lib\NetBurner.a(ucosmain.o)
                0x02008804                __malloc_unlock
                0x02008728                UCosBegin
                0x02008824                balloc_lock
                0x02008864                UCosSetup
                0x020087e8                balloc_unlock
                0x02008844                __malloc_lock
 .text          0x02008894      0x5f8 C:\nburn\lib\NetBurner.a(fileio.o)
                0x02008a24                ioctl
                0x02008894                isatty
                0x0200897c                CurrentStdioFD
                0x020089f4                lseek
                0x020088cc                ReplaceStdio
                0x02008a90                write
                0x020088b0                fstat
                0x02008bc0                rawwrite
                0x02008dcc                stdioinbyte
                0x02008c44                read
                0x020089ac                outbyte
                0x02008a0c                open
                0x020089c4                charavail
                0x020089a0                fcntl
                0x02008e44                close
 .text          0x02008e8c       0xb6 C:\nburn\lib\NetBurner.a(main.o)
                0x02008ec4                main
                0x02008e8c                __do_global_ctors
 *fill*         0x02008f42        0x2 00
 .text          0x02008f44     0x186a C:\nburn\lib\NetBurner.a(ip.o)
                0x02009394                FixUpICMP(IPPKT*, unsigned char, unsigned char, unsigned char*, unsigned short)
                0x02009104                IsMultiCast(unsigned long)
                0x02009c40                FixHeaderAndSend(pool_buffer*, IPPKT*)
                0x0200963c                DoIPPacket(pool_buffer*, EFRAME*, unsigned short)
                0x02009000                GetSum20
                0x02009f28                PingViaInterface
                0x020095dc                SaveError(pool_buffer*)
                0x02009954                process_icmp(pool_buffer*, IPPKT*, unsigned short)
                0x02009240                IpProcessEthernetPacket
                0x02009808                FixHeaderAndSendViaInterface(pool_buffer*, IPPKT*, int)
                0x0200a06c                ShowIPBuffer(pool_buffer*)
                0x02009d94                SendICMPError(pool_buffer*, unsigned char, unsigned char)
                0x020094ac                InitializeStack(unsigned long, unsigned long, unsigned long, unsigned long)
                0x02009154                GetData(IPPKT*)
                0x020095d0                InitializeCStack
                0x0200a038                Ping
                0x02008f44                GetSum
                0x02009620                IsMyIp
                0x02009450                IsBroadCast(unsigned long, int)
                0x020093fc                KillStack
                0x02009180                PrepareIPOutput(pool_buffer*, unsigned long, unsigned short)
                0x02009124                GetMultiAddress(unsigned long)
                0x02009e64                SendPing
                0x02009038                GetSumHdr
                0x02009408                IsLocal(unsigned long, int)
                0x02009a70                IPTask(void*)
 *fill*         0x0200a7ae        0x2 00
 .text          0x0200a7b0      0xec8 C:\nburn\lib\NetBurner.a(buffers.o)
                0x0200ac70                fifo_buffer_storage::Full()
                0x0200ad60                ShowBuffer
                0x0200b044                fifo_buffer_storage::Reset(unsigned char)
                0x0200a894                InitBuffers
                0x0200a9c0                buffer_list::InsertBefore(pool_buffer*, pool_buffer*)
                0x0200ab98                GetBuffer
                0x0200ad40                fifo_buffer_storage::fifo_buffer_storage(unsigned char, unsigned char)
                0x0200ac58                fifo_buffer_storage::Empty()
                0x0200b4bc                fifo_buffer_storage::ReadDatawSum(unsigned char*, int, unsigned long&)
                0x0200ac44                fifo_buffer_storage::SpaceUsed()
                0x0200a7b0                ShowBuffers()
                0x0200a7dc                buffer_list::InsertHead(pool_buffer*)
                0x0200ae8c                GetFreeCount
                0x0200a7c0                IncUsageCount
                0x0200ad20                fifo_buffer_storage::fifo_buffer_storage(unsigned char, unsigned char)
                0x0200a95c                buffer_list::InsertTail(pool_buffer*)
                0x0200b104                fifo_buffer_storage::~fifo_buffer_storage()
                0x0200b1f4                fifo_buffer_storage::SetMaxBuffers(unsigned char)
                0x0200af04                fifo_buffer_storage::ReadData(unsigned char*, int)
                0x0200acb8                fifo_buffer_storage::Init(unsigned char, unsigned char)
                0x0200a7b8                DumpBuffers()
                0x0200ab30                buffer_list::RemoveHead()
                0x0200aaa8                buffer_list::Remove(pool_buffer*)
                0x0200abe4                buffer_list::RemoveTail()
                0x0200b118                fifo_buffer_storage::LongSpaceAvail()
                0x0200b284                fifo_buffer_storage::WriteData(unsigned char*, int)
                0x0200a84c                FreeBuffer
                0x0200aa34                buffer_list::InsertAfter(pool_buffer*, pool_buffer*)
                0x0200b1d0                fifo_buffer_storage::SpaceAvail()
                0x0200b0f0                fifo_buffer_storage::~fifo_buffer_storage()
 .text          0x0200b678     0x17f0 C:\nburn\lib\NetBurner.a(arp.o)
                0x0200c394                FindAddArp(unsigned long)
                0x0200b7cc                sendGratuitousArp(int)
                0x0200b6a0                MacEqual(MACADR, MACADR)
                0x0200b9d4                InitializeArp()
                0x0200ba7c                FindArp(unsigned long)
                0x0200bcd8                SendArp(ArpRecord*, int)
                0x0200b988                GetInterface(unsigned long)
                0x0200cc84                AddCheckArp(MACADR*, unsigned long, int)
                0x0200b700                SetMac(ArpRecord*, MACADR, int)
                0x0200c1d0                DeleteArpFromIp(unsigned long)
                0x0200bb80                GetArpMacFromIp(unsigned long, MACADR&)
                0x0200c7d0                RouteOutVia(EFRAME*, unsigned long, pool_buffer*, int)
                0x0200bc34                GetProperInterface(unsigned long)
                0x0200c2e4                FreeOneArp()
                0x0200cd10                processArp(pool_buffer*, EFRAME*)
                0x0200b790                NeedsArp(int)
                0x0200be08                GetNextArp(ArpRecord*)
                0x0200b89c                RawSendArp(ArpRecord*, unsigned long, int)
                0x0200c1f0                AgeArp()
                0x0200c9dc                RouteOut(EFRAME*, unsigned long, pool_buffer*)
                0x0200bed0                ShowArp()
                0x0200c010                DeleteArp(ArpRecord*)
                0x0200be78                GetFirstArp()
                0x0200bd44                GetSrcIp
                0x0200c630                IsMyAddressUsedArpDetect(unsigned short, int)
                0x0200b698                Cleanup()
                0x0200b678                IsNull(ArpRecord*)
                0x0200bf64                fShowArp(__sFILE*)
                0x0200bbd8                AddPending(MACADR*, unsigned long, int)
 .text          0x0200ce68     0x12f8 C:\nburn\lib\NetBurner.a(udp.o)
                0x0200d6a0                UDPPacket::Send(unsigned long, unsigned char)
                0x0200cfb0                UDPPacket::SetDestinationPort(unsigned short)
                0x0200d074                UDPPacket::GetPacketId()
                0x0200d0c0                UDPPacket::GetSourceAddress()
                0x0200dde0                UDPPacket::UDPPacket()
                0x0200d470                UDPPacket::AddDataByte(unsigned char)
                0x0200d7b8                UDPPacket::SendAndKeep(unsigned long, unsigned char)
                0x0200d3c4                UDPPacket::AddData(unsigned char*, unsigned short)
                0x0200d0e4                RegisterUDPFifo(unsigned short, os_fifo*)
                0x0200d4b8                UDPPacket::AddData(char const*)
                0x0200cedc                UDPPacket::UDPPacket(pool_buffer*)
                0x0200d578                UDPPacket::SendViaInterface(unsigned long, int, unsigned char)
                0x0200d05c                UDPPacket::GetIpPacket()
                0x0200d828                UDPPacket::~UDPPacket()
                0x0200ce68                GetUdpFifoRec(unsigned short)
                0x0200cfec                UDPPacket::GetDataBuffer()
                0x0200d1ac                RegisterUDPFifoWithNotify(unsigned short, os_fifo*, void (*)(os_fifo*, unsigned short))
                0x0200cf28                UDPPacket::UDPPacket(pool_buffer*)
                0x0200d020                UDPPacket::GetDataSize() const
                0x0200d894                ProcessIDPacket(UDPPacket&, int)
                0x0200d494                UDPPacket::AddDataWord(unsigned short)
                0x0200de24                process_udp(pool_buffer*, IPPKT*, unsigned short)
                0x0200d4e8                UDPPacket::Validate()
                0x0200cfcc                UDPPacket::GetDestinationPort() const
                0x0200d274                UnregisterUDPFifo(unsigned short)
                0x0200e0a0                UDPPacket::UDPPacket(os_fifo*, unsigned long)
                0x0200d000                UDPPacket::SetDataSize(unsigned short)
                0x0200d048                UDPPacket::ResetData()
                0x0200d800                UDPPacket::~UDPPacket()
                0x0200e100                UDPPacket::UDPPacket(os_fifo*, unsigned long)
                0x0200cf74                UDPPacket::SetSourcePort(unsigned short)
                0x0200cf90                UDPPacket::GetSourcePort() const
                0x0200d33c                FixIDDataPacket(UDPPacket&, int)
                0x0200d850                UDPPacket::UDPPacket()
                0x0200d09c                UDPPacket::GetDestinationAddress()
 .text          0x0200e160     0x51ae C:\nburn\lib\NetBurner.a(tcp.o)
                0x0200f8b0                SendTcpRst(IPPKT*)
                0x0200e76c                GetTcpState(int)
                0x0200e7a0                GetTcpDState
                0x0200faf4                InitTCP()
                0x02012330                _Socket_Private_read
                0x0200e720                ShortSocketList::ShortSocketList()
                0x0200e7d4                SetOutOfOrderbuffers(int, unsigned char)
                0x0200e3a0                GetSocketRemotePort(int)
                0x0200f010                socket_struct::MyAdvertisedWindow()
                0x0200ee64                SetSocketTxBuffers(int, int)
                0x0200e4b4                setsockoption(int, int)
                0x0200f364                TcpSend(socket_struct*, unsigned long, pool_buffer*, unsigned short, unsigned char)
                0x020131e0                TCPTimerTask(void*)
                0x02012fe0                process_tcp(pool_buffer*, IPPKT*, unsigned short)
                0x02010a40                socket_struct::ProcessRST()
                0x0200e818                TcpGetLastRxTime(int)
                0x02011854                abortsocket
                0x0201276c                socket_struct::ProcessDataSegment(TCPPKT*, unsigned short, unsigned char*, pool_buffer*&)
                0x02010174                HashSocketList::RemoveSocket(socket_struct*) const
                0x02011f38                _Socket_Private_write
                0x0200e4ec                getsockoption(int)
                0x02011434                socket_struct::ProcessAck(TCPPKT*)
                0x0201248c                socket_struct::SaveData(unsigned char*, unsigned short, unsigned char)
                0x0200fe64                GetTcpRtxCount(int)
                0x0200e2c4                fixoverlap(unsigned long, unsigned long, unsigned long&, unsigned long&)
                0x0200ede4                socket_struct::SetTimer(unsigned long)
                0x02011f10                connect(unsigned long, unsigned short, unsigned short, unsigned long)
                0x0200e578                HashSocketList::HashSocketList()
                0x020103b8                GetTcpSocket(TCPPKT*, unsigned long)
                0x0200ea64                TcpGetRxBufferSpaceUsed(int)
                0x02010c70                socket_struct::DoRawSend()
                0x0200eaa4                ShowFdTcpSocket(int)
                0x0200ed68                socket_struct::ClearPending(int)
                0x0200fed8                ShortSocketList::findsocket(unsigned short, unsigned short, unsigned long) const
                0x02011b7c                connect(unsigned long, unsigned short, unsigned short, unsigned long, unsigned long)
                0x0200fdf0                TcpSendKeepAlive(int)
                0x0200e340                getsocketerror(int)
                0x0200e560                EnableTcpDebug(unsigned short)
                0x020130ec                socket_struct::ProcessTimer()
                0x02010b4c                socket_struct::SetUpNextRetransmit()
                0x0200e570                HashSocketList::HashSocketList()
                0x02012160                SockReadWithTimeout
                0x0200fd84                GetFreeSocketCount()
                0x020116e0                socket_struct::ProcessFIN(TCPPKT*, unsigned short)
                0x0200f088                FixHeaderAndSendTcp(pool_buffer*, IPPKT*, socket_struct*)
                0x0200e51c                setsocketackbuffers(int, unsigned char)
                0x0200e494                socket_struct::CleanUpDeletedListener()
                0x0200e280                FindListenSocket(unsigned short, unsigned long)
                0x0200f170                TcpSendwSum(socket_struct*, unsigned long, pool_buffer*, unsigned short, unsigned char, unsigned long)
                0x02010470                socket_struct::DoCleanup()
                0x0201257c                socket_struct::TestOutofOrder()
                0x0200e888                TcpGetLastRxInterval(int)
                0x0200e160                GetFirstSeq()
                0x0200fcf0                FREESOCKET(socket_struct*)
                0x02010648                ShortSocketList::AddSocket(socket_struct*)
                0x0201131c                socket_struct::DoRetransmit(unsigned char)
                0x0200e730                ShortSocketList::Init()
                0x0200ff7c                ShortSocketList::processTick()
                0x0201234c                _Socket_Private_close
                0x0201080c                accept(int, unsigned long*, unsigned short*, unsigned short)
                0x0200e728                ShortSocketList::ShortSocketList()
                0x0200eea4                SetSocketRxBuffers(int, int)
                0x02011a74                listen(unsigned long, unsigned short, unsigned char)
                0x0200e580                HashSocketList::Init() const
                0x0200e598                ShortSocketList::GetFreeShort()
                0x0200e370                GetSocketRemoteAddr(int)
                0x020102e0                HashSocketList::findsocket(unsigned short, unsigned short, unsigned long) const
                0x0200e9f8                WaitForSocketFlush(int, unsigned long)
                0x0200e568                DumpTcpPacket(IPPKT*)
                0x02010750                RemoveFromUserCloseList(socket_struct*)
                0x0200e1a4                ValidateTCP(IPPKT*, unsigned short)
                0x0201002c                ShortSocketList::process(pool_buffer*, TCPPKT*, unsigned long) const
                0x0200e190                socket_struct::SetState(int)
                0x0200ef2c                socket_struct::processoptions(pool_buffer*, TCPPKT*, IPPKT*)
                0x02011028                socket_struct::DoClose(int)
                0x02011988                GetFreeSocket()
                0x0200e3d0                GetSocketLocalPort(int)
                0x0201022c                HashSocketList::AddSocket(socket_struct*) const
                0x0200e6e0                ShortSocketList::FreeShort(ShortSocket*) const
                0x0200e400                socket_struct::CalcRTO(unsigned long)
                0x0200f858                socket_struct::OpenWindow()
                0x0200f9c4                SendTcpSynRst(IPPKT*)
                0x0200e9a8                TcpAllDataAcked(int)
                0x02010fa8                clrsockoption(int, int)
                0x0200e84c                TcpGetSocketState(int)
                0x0200e558                DumpTcpDebug()
                0x0200eee4                GetSocketLocalAddr(int)
                0x0201292c                socket_struct::process(pool_buffer*, TCPPKT*)
                0x0200e7a8                RegisterTCPReadNotify
                0x0200f3f4                socket_struct::SendState(unsigned short, pool_buffer*)
 *fill*         0x0201330e        0x2 00
 .text          0x02013310      0x1b4 C:\nburn\lib\NetBurner.a(extraio.o)
                0x02013340                ExpandWrite(int, char const*, int)
                0x02013370                ExpandClose(int)
                0x020133a0                InitExtras()
                0x020133dc                GetExtraFD
                0x02013310                ExpandRead(int, char*, int)
                0x02013458                FreeExtraFd
                0x02013490                GetExtraData
 .text          0x020134c4      0x30c C:\nburn\lib\NetBurner.a(http.o)
                0x020134c4                StartHTTP
                0x020135fc                HttpMain(void*)
                0x02013508                processHttpRequest(char**, char*, char*, int, HTTP_Request&)
 .text          0x020137d0      0xbee C:\nburn\lib\NetBurner.a(httpinternal.o)
                0x02013808                SetNewPostHandler
                0x02013ea8                BaseDoGet
                0x02013850                SetNewMultiPartHandler
                0x02013c10                SendHTMLHeader
                0x020137d8                append(char*&, char*)
                0x02013868                SetNewMultiPartExtractHandler
                0x02013fdc                HTTP_Request::Respond(int)
                0x02013d44                writesafestring
                0x02013e54                ShowIPOnFd(int, unsigned long)
                0x02013b50                SendGifHeader
                0x02013b6c                SendTextHeader
                0x02013b88                BaseDoHead
                0x02013ab4                NotFoundResponse
                0x020137fc                BaseDoPost
                0x02013880                SetNewErrorHandler
                0x020138cc                ExtractPostData
                0x02013b08                RedirectResponse
                0x02014110                HTTP_Request::ProcessLine(char*)
                0x02013820                SetNewGetHandler
                0x020137d0                StopHTTP
                0x02013898                InitHttp()
                0x02013838                SetNewHeadHandler
                0x02013c2c                writeallsafestring
                0x02013f90                SendHTMLHeaderWCookie
                0x02013a60                httpstricmp
 *fill*         0x020143be        0x2 00
 .text          0x020143c0      0x910 C:\nburn\lib\NetBurner.a(htmldecomp.o)
                0x02014428                SendHtml(int, char*, int, char const*)
                0x02014700                SendData(HTML_FILE_RECORD*, int, char const*)
                0x02014798                GetRecordFromName(char*)
                0x020143c0                SendHeader(int, char const*, int)
                0x02014a64                SendFullResponse(char*, int)
                0x02014818                SendFileFragment(char*, int, char const*)
                0x0201441c                SendCompressed(int, char*, int)
                0x02014844                SendHeaderResponse(char*, int)
                0x02014400                SendXMLHeader(int)
 .text          0x02014cd0      0x69e C:\nburn\lib\NetBurner.a(iosys.o)
                0x0201510c                SetDataAvail
                0x02014fac                writeall
                0x0201500c                RawCheckSelects()
                0x020150b8                SetHaveError
                0x02015148                RemoveSelect(PendingSelect*)
                0x020150d0                SetWriteAvail
                0x02014e9c                ZeroWaitSelect
                0x020151c8                AddSelect(PendingSelect*)
                0x02014df0                FD_ISSET
                0x02014d98                ClrDataAvail
                0x02015220                select
                0x02014d80                ClrWriteAvail
                0x02015084                CheckSelects()
                0x02014f50                writestring
                0x02014e60                countbits(fd_set*)
                0x02014cd0                FD_OVERLAP(fd_set*, fd_set*)
                0x02014f20                dataavail
                0x02014d0c                FD_ZERO
                0x02014db0                FD_SET
                0x02014d68                ClrHaveError
                0x02014e3c                countdwbits(unsigned long)
                0x020152c0                ReadWithTimeout
                0x02014d24                FD_CLR
 *fill*         0x0201536e        0x2 00
 .text          0x02015370      0x42a C:\nburn\lib\NetBurner.a(netinterface.o)
                0x020156dc                InitializeNetwork(void (*)(pool_buffer*, EFRAME*, unsigned short), void (*)(pool_buffer*, EFRAME*))
                0x02015400                InterfaceIP(int)
                0x020154f4                GetEframe(pool_buffer*)
                0x0201567c                SaveIfConfig(ConfigRecord*, int)
                0x02015370                GetFirstInterface()
                0x020156ac                GetIfConfig(int)
                0x020154b0                InterfaceMAC(int)
                0x020153d4                GetInterFaceBlock(int)
                0x0201542c                InterfaceDNS(int)
                0x02015458                InterfaceMASK(int)
                0x02015390                GetnextInterface(int)
                0x02015738                TransmitBuffer(pool_buffer*, int)
                0x02015560                DisableMulticast(MACADR, int)
                0x020155c0                RegisterInterface(_InterfaceBlock*)
                0x02015508                EnableMulticast(MACADR, int)
                0x02015648                Removeinterface(int)
                0x020155b8                StopNetworks()
                0x02015484                InterfaceGate(int)
 *fill*         0x0201579a        0x2 00
 .text          0x0201579c      0x5c8 C:\nburn\lib\NetBurner.a(taskmon.o)
                0x02015ca4                ProcessTaskPacket(UDPPacket&, int)
                0x0201579c                EnableTaskMonitor()
                0x020157b0                BufferDumpTCBState(os_tcb*)
 .text          0x02015d64     0x125c C:\nburn\lib\NetBurner.a(smarttrap.o)
                0x02015d98                EnableSmartTraps()
                0x02015e78                WalkStack(os_tcb*, unsigned long, unsigned long)
                0x02016358                smart_trap_asm
                0x02016178                Local_OutTCBState(os_tcb*, unsigned long, unsigned long)
                0x02015d64                SafeRead(unsigned long)
                0x02015db4                Local_OutHex(unsigned long, int)
                0x02016350                Smart_Trap_Holder()
                0x02015e48                Local_OutString(char const*)
                0x02015ef4                Local_ShowTaskName(os_tcb volatile*)
 .text          0x02016fc0      0x538 C:\nburn\lib\NetBurner.a(autoupdate.o)
                0x02017448                ProcessAutoUpdatePacket(UDPPacket&)
                0x0201717c                DoData(UDPPacket&)
                0x02016fc0                EnableAutoUpdate
                0x02016fd4                DoReboot()
                0x02017004                DoExecute(UDPPacket&, int)
                0x0201726c                DoStart(UDPPacket&)
 .text          0x020174f8       0x52 C:\nburn\lib\NetBurner.a(device.o)
                0x02017518                DeviceInitializeSem
                0x020174f8                DeviceGetQspiSem()
                0x02017508                DeviceGetI2cSem()
 *fill*         0x0201754a        0x2 00
 .text          0x0201754c      0x6d8 C:\nburn\lib\NetBurner.a(system.o)
                0x020175c4                GetUserParameters
                0x02017924                UpdateConfigRecord_Num
                0x02017598                RawGetConfig
                0x0201754c                isvalidcr
                0x02017ae0                SetupDialog
                0x0201763c                ReadLine
                0x02017acc                UpdateConfigRecord
                0x020177fc                IpQuestion
                0x020178b0                SaveUserParameters
                0x020175d4                ShowChange
 .text          0x02017c24      0xbe0 C:\nburn\lib\NetBurner.a(utils.o)
                0x02018610                fShowMac
                0x02017e14                FancyDump(unsigned char*, int)
                0x020186a0                ShowCounters
                0x02017d5c                convertHexAsciiToBinary
                0x02017fd4                ShowData
                0x02017c24                kill
                0x02018708                fShowCounters
                0x020185d0                fShowIP
                0x02017c34                _fini
                0x02017f40                ShowIP
                0x02017c40                AsciiToIp
                0x02018780                sShowCounters
                0x0201866c                DiagMenuPicker(int, unsigned char)
                0x02017f7c                ShowMac
                0x02017cc4                convertBinaryToHexAscii
                0x02017dfc                __builtin_delete
                0x02017c2c                _exit
 .text          0x02018804     0x1aaa C:\nburn\lib\MOD5234.a(serial.o)
                0x0201a234                real_SER0_ISR
                0x02018804                WakeTx(int)
                0x02019658                SerialClose
                0x020195ec                SendBreak
                0x020197a0                OpenSerial
                0x020191f8                GetUartErrorReg
                0x0201938c                fShowSerialData(__sFILE*)
                0x02018acc                fake_SER0_ISR()
                0x02018bb4                fake_SER2_ISR()
                0x02018b24                SER1_ISR
                0x02018c08                SerialEnableTxFlow
                0x02018c50                SerialEnableRxFlow
                0x0201889c                DoSerIsr(int)
                0x02019088                Serial485HalfDupMode
                0x02018b20                fake_SER1_ISR()
                0x02018ee4                SerialEnableHwRxFlow
                0x02019dcc                serread
                0x0201a114                BasePutChar(int, unsigned char)
                0x02019de8                BaseGetChar(int)
                0x0201a270                real_SER2_ISR
                0x02019bb0                serreadwto
                0x02019ff4                serwriteaddress
                0x02018b74                real_SER1_ISR
                0x02019e90                serwrite
                0x0201977c                serexternalclose
                0x02018ad0                SER0_ISR
                0x02018bb8                SER2_ISR
                0x02018c9c                SerialEnableHwTxFlow
 *fill*         0x0201a2ae        0x2 00
 .text          0x0201a2b0     0x18ae C:\nburn\lib\MOD5234.a(ethernet.o)
                0x0201ae28                AddEthernetInterface()
                0x0201a494                StopEnet()
                0x0201a8f0                ResetEnet()
                0x0201affc                ProcessDuplexStatus()
                0x0201a2b0                read_eth_addr(MACADR*)
                0x0201aed0                WarmEnetReset()
                0x0201b9b0                real_rxenetisr
                0x0201a2dc                fake_rxenetisr()
                0x0201b618                DoRX(pool_buffer*, unsigned short)
                0x0201a2e0                rxenetisr
                0x0201a330                fake_txenetisr()
                0x0201afcc                EnablePHY()
                0x0201a4e8                EthMultifunc(MACADR, unsigned char)
                0x0201a384                GetMII(unsigned char, unsigned char)
                0x0201a504                ResetEnetPart2()
                0x0201a334                txenetisr
                0x0201a408                SetMII(unsigned char, unsigned char, unsigned short)
                0x0201ac64                InitializeEthernet()
                0x0201b420                real_txenetisr
                0x0201a4c4                DisablePHY()
                0x0201af6c                ManualEthernetConfig(unsigned char, unsigned char, unsigned char)
                0x0201b2cc                EthTransmitBuffer(pool_buffer*)
                0x0201b810                Ether_ProcessTask(void*)
 *fill*         0x0201bb5e        0x2 00
 .text          0x0201bb60     0x16e8 C:\nburn\lib\MOD5234.a(etherprint.o)
                0x0201d170                EtherLink()
                0x0201bb60                EtherSpeed100()
                0x0201d164                denet()
                0x0201ce04                ShowFECRegisters()
                0x0201bc38                ShowMII(unsigned char, unsigned char, char const*, unsigned short)
                0x0201d1a4                elink()
                0x0201d158                dEnet()
                0x0201bb80                SwitchMIIPage(unsigned long)
                0x0201bb70                EtherDuplex()
                0x0201bbac                showbinary(unsigned short, unsigned short)
                0x0201bca0                ShowPhyterMII()
 .text          0x0201d248      0x196 C:\nburn\lib\MOD5234.a(emulticast.o)
                0x0201d32c                EthDisableMulticast(MACADR)
                0x0201d288                EthEnableMulticast(MACADR)
                0x0201d248                GetMultiCastCRC(MACADR)
 *fill*         0x0201d3de        0x2 00
 .text          0x0201d3e0      0x5ec C:\nburn\lib\MOD5234.a(ioboard.o)
                0x0201d7c8                putleds
                0x0201d434                putdisp
                0x0201d48c                ModDev70Detect()
                0x0201d540                getdipsw
                0x0201d3e0                InitChipBoardSelect()
 .text          0x0201d9cc      0xba0 c:/nburn/gcc-m68k/bin/../lib/gcc/m68k-elf/4.2.1/m5208\libgcc.a(_double.o)
                0x0201e4ca                __cmpdf2
                0x0201da2c                __adddf3
                0x0201e394                __negdf2
                0x0201e0a4                __divdf3
                0x0201e3f2                __cmpdf2_internal
                0x0201dec8                __muldf3
                0x0201da26                __subdf3
 .text          0x0201e56c       0x74 c:/nburn/gcc-m68k/bin/../lib/gcc/m68k-elf/4.2.1/m5208\libgcc.a(_floatex.o)
                0x0201e578                $_exception_handler
                0x0201e56c                __clear_sticky_bit
 .text          0x0201e5e0       0x22 c:/nburn/gcc-m68k/bin/../lib/gcc/m68k-elf/4.2.1/m5208\libgcc.a(_ltdf2.o)
                0x0201e5e0                __ltdf2
 *fill*         0x0201e602        0x2 00
 .text          0x0201e604      0x49a c:/nburn/gcc-m68k/bin/../lib/gcc/m68k-elf/4.2.1/m5208\libgcc.a(fpgnulib.o)
                0x0201ea84                __fixsfsi
                0x0201e76c                __floatsidf
                0x0201e842                __extendsfdf2
                0x0201e6fa                __floatunsidf
                0x0201ea04                __fixdfsi
                0x0201e828                __floatsisf
                0x0201e8dc                __truncdfsf2
                0x0201e604                __unordsf2
                0x0201e80e                __floatunsisf
                0x0201e666                __unorddf2
 *fill*         0x0201ea9e        0x2 00
 .text          0x0201eaa0       0x34 c:/nburn/gcc-m68k/bin/../lib/gcc/m68k-elf/4.2.1/../../../../m68k-elf/lib/m5208\libc.a(lib_a-atoi.o)
                0x0201eaa0                _atoi_r
                0x0201eabc                atoi
 .text          0x0201ead4       0x64 c:/nburn/gcc-m68k/bin/../lib/gcc/m68k-elf/4.2.1/../../../../m68k-elf/lib/m5208\libc.a(lib_a-bsearch.o)
                0x0201ead4                bsearch
 .text          0x0201eb38       0x1e c:/nburn/gcc-m68k/bin/../lib/gcc/m68k-elf/4.2.1/../../../../m68k-elf/lib/m5208\libc.a(lib_a-cxa_atexit.o)
                0x0201eb38                __cxa_atexit
 *fill*         0x0201eb56        0x2 00
 .text          0x0201eb58        0xe c:/nburn/gcc-m68k/bin/../lib/gcc/m68k-elf/4.2.1/../../../../m68k-elf/lib/m5208\libc.a(lib_a-errno.o)
                0x0201eb58                __errno
 *fill*         0x0201eb66        0x2 00
 .text          0x0201eb68       0x24 c:/nburn/gcc-m68k/bin/../lib/gcc/m68k-elf/4.2.1/../../../../m68k-elf/lib/m5208\libc.a(lib_a-fiprintf.o)
                0x0201eb68                fiprintf
 .text          0x0201eb8c        0x0 c:/nburn/gcc-m68k/bin/../lib/gcc/m68k-elf/4.2.1/../../../../m68k-elf/lib/m5208\libc.a(lib_a-impure.o)
 .text          0x0201eb8c       0x54 c:/nburn/gcc-m68k/bin/../lib/gcc/m68k-elf/4.2.1/../../../../m68k-elf/lib/m5208\libc.a(lib_a-iprintf.o)
                0x0201eb8c                _iprintf_r
                0x0201ebb6                iprintf
 .text          0x0201ebe0       0x1c c:/nburn/gcc-m68k/bin/../lib/gcc/m68k-elf/4.2.1/../../../../m68k-elf/lib/m5208\libc.a(lib_a-isspace.o)
                0x0201ebe0                isspace
 .text          0x0201ebfc       0x32 c:/nburn/gcc-m68k/bin/../lib/gcc/m68k-elf/4.2.1/../../../../m68k-elf/lib/m5208\libc.a(lib_a-malloc.o)
                0x0201ec16                malloc
                0x0201ebfc                free
 *fill*         0x0201ec2e        0x2 00
 .text          0x0201ec30      0x78c c:/nburn/gcc-m68k/bin/../lib/gcc/m68k-elf/4.2.1/../../../../m68k-elf/lib/m5208\libc.a(lib_a-mallocr.o)
                0x0201ec30                _malloc_r
 .text          0x0201f3bc       0x8a c:/nburn/gcc-m68k/bin/../lib/gcc/m68k-elf/4.2.1/../../../../m68k-elf/lib/m5208\libc.a(lib_a-puts.o)
                0x0201f3bc                _puts_r
                0x0201f430                puts
 *fill*         0x0201f446        0x2 00
 .text          0x0201f448       0x4e c:/nburn/gcc-m68k/bin/../lib/gcc/m68k-elf/4.2.1/../../../../m68k-elf/lib/m5208\libc.a(lib_a-rget.o)
                0x0201f482                __srget
                0x0201f448                __srget_r
 *fill*         0x0201f496        0x2 00
 .text          0x0201f498      0x1ee c:/nburn/gcc-m68k/bin/../lib/gcc/m68k-elf/4.2.1/../../../../m68k-elf/lib/m5208\libc.a(lib_a-setvbuf.o)
                0x0201f498                setvbuf
 *fill*         0x0201f686        0x2 00
 .text          0x0201f688       0xba c:/nburn/gcc-m68k/bin/../lib/gcc/m68k-elf/4.2.1/../../../../m68k-elf/lib/m5208\libc.a(lib_a-siprintf.o)
                0x0201f6e6                _siprintf_r
                0x0201f688                siprintf
 *fill*         0x0201f742        0x2 00
 .text          0x0201f744       0x92 c:/nburn/gcc-m68k/bin/../lib/gcc/m68k-elf/4.2.1/../../../../m68k-elf/lib/m5208\libc.a(lib_a-strcasecmp.o)
                0x0201f744                strcasecmp
 *fill*         0x0201f7d6        0x2 00
 .text          0x0201f7d8       0x1a c:/nburn/gcc-m68k/bin/../lib/gcc/m68k-elf/4.2.1/../../../../m68k-elf/lib/m5208\libc.a(lib_a-strlen.o)
                0x0201f7d8                strlen
 *fill*         0x0201f7f2        0x2 00
 .text          0x0201f7f4       0x46 c:/nburn/gcc-m68k/bin/../lib/gcc/m68k-elf/4.2.1/../../../../m68k-elf/lib/m5208\libc.a(lib_a-strstr.o)
                0x0201f7f4                strstr
 *fill*         0x0201f83a        0x2 00
 .text          0x0201f83c      0x18a c:/nburn/gcc-m68k/bin/../lib/gcc/m68k-elf/4.2.1/../../../../m68k-elf/lib/m5208\libc.a(lib_a-strtol.o)
                0x0201f9a8                strtol
                0x0201f83c                _strtol_r
 *fill*         0x0201f9c6        0x2 00
 .text          0x0201f9c8       0x26 c:/nburn/gcc-m68k/bin/../lib/gcc/m68k-elf/4.2.1/../../../../m68k-elf/lib/m5208\libc.a(lib_a-toupper.o)
                0x0201f9c8                toupper
 *fill*         0x0201f9ee        0x2 00
 .text          0x0201f9f0     0x1280 c:/nburn/gcc-m68k/bin/../lib/gcc/m68k-elf/4.2.1/../../../../m68k-elf/lib/m5208\libc.a(lib_a-vfiprintf.o)
                0x02020c52                vfiprintf
                0x0201fa34                _vfiprintf_r
 .text          0x02020c70      0x124 c:/nburn/gcc-m68k/bin/../lib/gcc/m68k-elf/4.2.1/../../../../m68k-elf/lib/m5208\libc.a(lib_a-wbuf.o)
                0x02020c70                __swbuf_r
                0x02020d7a                __swbuf
 .text          0x02020d94       0x7c c:/nburn/gcc-m68k/bin/../lib/gcc/m68k-elf/4.2.1/../../../../m68k-elf/lib/m5208\libc.a(lib_a-wcrtomb.o)
                0x02020d94                _wcrtomb_r
                0x02020df4                wcrtomb
 .text          0x02020e10      0x130 c:/nburn/gcc-m68k/bin/../lib/gcc/m68k-elf/4.2.1/../../../../m68k-elf/lib/m5208\libc.a(lib_a-wcsrtombs.o)
                0x02020e10                _wcsrtombs_r
                0x02020f1e                wcsrtombs
 .text          0x02020f40      0x452 c:/nburn/gcc-m68k/bin/../lib/gcc/m68k-elf/4.2.1/../../../../m68k-elf/lib/m5208\libc.a(lib_a-wctomb_r.o)
                0x02020f40                _wctomb_r
 *fill*         0x02021392        0x2 00
 .text          0x02021394      0x130 c:/nburn/gcc-m68k/bin/../lib/gcc/m68k-elf/4.2.1/../../../../m68k-elf/lib/m5208\libc.a(lib_a-wsetup.o)
                0x02021394                __swsetup
 .text          0x020214c4       0xe8 c:/nburn/gcc-m68k/bin/../lib/gcc/m68k-elf/4.2.1/../../../../m68k-elf/lib/m5208\libc.a(lib_a-__atexit.o)
                0x020214c4                __register_exitproc
 .text          0x020215ac        0x0 c:/nburn/gcc-m68k/bin/../lib/gcc/m68k-elf/4.2.1/../../../../m68k-elf/lib/m5208\libc.a(lib_a-ctype_.o)
 .text          0x020215ac      0x198 c:/nburn/gcc-m68k/bin/../lib/gcc/m68k-elf/4.2.1/../../../../m68k-elf/lib/m5208\libc.a(lib_a-fflush.o)
                0x020215ac                fflush
 .text          0x02021744      0x25e c:/nburn/gcc-m68k/bin/../lib/gcc/m68k-elf/4.2.1/../../../../m68k-elf/lib/m5208\libc.a(lib_a-findfp.o)
                0x0202179e                __sinit
                0x02021856                __sfmoreglue
                0x02021844                _cleanup
                0x0202182a                _cleanup_r
                0x020218c4                __sfp
 *fill*         0x020219a2        0x2 00
 .text          0x020219a4      0x422 c:/nburn/gcc-m68k/bin/../lib/gcc/m68k-elf/4.2.1/../../../../m68k-elf/lib/m5208\libc.a(lib_a-freer.o)
                0x02021a94                _free_r
                0x020219a4                _malloc_trim_r
 *fill*         0x02021dc6        0x2 00
 .text          0x02021dc8      0x37e c:/nburn/gcc-m68k/bin/../lib/gcc/m68k-elf/4.2.1/../../../../m68k-elf/lib/m5208\libc.a(lib_a-fvwrite.o)
                0x02021dc8                __sfvwrite_r
 *fill*         0x02022146        0x2 00
 .text          0x02022148       0xe4 c:/nburn/gcc-m68k/bin/../lib/gcc/m68k-elf/4.2.1/../../../../m68k-elf/lib/m5208\libc.a(lib_a-fwalk.o)
                0x02022148                _fwalk
                0x020221b8                _fwalk_reent
 .text          0x0202222c       0xa6 c:/nburn/gcc-m68k/bin/../lib/gcc/m68k-elf/4.2.1/../../../../m68k-elf/lib/m5208\libc.a(lib_a-locale.o)
                0x0202225a                _setlocale_r
                0x0202222c                __locale_charset
                0x0202223a                _localeconv_r
                0x020222ba                setlocale
                0x02022248                localeconv
 *fill*         0x020222d2        0x2 00
 .text          0x020222d4      0x178 c:/nburn/gcc-m68k/bin/../lib/gcc/m68k-elf/4.2.1/../../../../m68k-elf/lib/m5208\libc.a(lib_a-makebuf.o)
                0x020222d4                __smakebuf
 .text          0x0202244c       0xd2 c:/nburn/gcc-m68k/bin/../lib/gcc/m68k-elf/4.2.1/../../../../m68k-elf/lib/m5208\libc.a(lib_a-memchr.o)
                0x0202244c                memchr
 *fill*         0x0202251e        0x2 00
 .text          0x02022520       0xb6 c:/nburn/gcc-m68k/bin/../lib/gcc/m68k-elf/4.2.1/../../../../m68k-elf/lib/m5208\libc.a(lib_a-memmove.o)
                0x02022520                memmove
 *fill*         0x020225d6        0x2 00
 .text          0x020225d8      0x502 c:/nburn/gcc-m68k/bin/../lib/gcc/m68k-elf/4.2.1/../../../../m68k-elf/lib/m5208\libc.a(lib_a-reallocr.o)
                0x020225d8                _realloc_r
 *fill*         0x02022ada        0x2 00
 .text          0x02022adc      0x21c c:/nburn/gcc-m68k/bin/../lib/gcc/m68k-elf/4.2.1/../../../../m68k-elf/lib/m5208\libc.a(lib_a-refill.o)
                0x02022b00                __srefill_r
 .text          0x02022cf8      0x162 c:/nburn/gcc-m68k/bin/../lib/gcc/m68k-elf/4.2.1/../../../../m68k-elf/lib/m5208\libc.a(lib_a-stdio.o)
                0x02022d16                __sseek
                0x02022e08                __sread
                0x02022cf8                __sclose
                0x02022d78                __swrite
 *fill*         0x02022e5a        0x2 00
 .text          0x02022e5c       0x70 c:/nburn/gcc-m68k/bin/../lib/gcc/m68k-elf/4.2.1/../../../../m68k-elf/lib/m5208\libc.a(lib_a-strcmp.o)
                0x02022e5c                strcmp
 .text          0x02022ecc       0x3e c:/nburn/gcc-m68k/bin/../lib/gcc/m68k-elf/4.2.1/../../../../m68k-elf/lib/m5208\libc.a(lib_a-writer.o)
                0x02022ecc                _write_r
 *fill*         0x02022f0a        0x2 00
 .text          0x02022f0c       0x32 c:/nburn/gcc-m68k/bin/../lib/gcc/m68k-elf/4.2.1/../../../../m68k-elf/lib/m5208\libc.a(lib_a-closer.o)
                0x02022f0c                _close_r
 *fill*         0x02022f3e        0x2 00
 .text          0x02022f40       0xfe c:/nburn/gcc-m68k/bin/../lib/gcc/m68k-elf/4.2.1/../../../../m68k-elf/lib/m5208\libc.a(lib_a-fclose.o)
                0x02022f40                _fclose_r
                0x02023028                fclose
 *fill*         0x0202303e        0x2 00
 .text          0x02023040       0x36 c:/nburn/gcc-m68k/bin/../lib/gcc/m68k-elf/4.2.1/../../../../m68k-elf/lib/m5208\libc.a(lib_a-fstatr.o)
                0x02023040                _fstat_r
 *fill*         0x02023076        0x2 00
 .text          0x02023078       0x3e c:/nburn/gcc-m68k/bin/../lib/gcc/m68k-elf/4.2.1/../../../../m68k-elf/lib/m5208\libc.a(lib_a-lseekr.o)
                0x02023078                _lseek_r
 *fill*         0x020230b6        0x2 00
 .text          0x020230b8       0x3e c:/nburn/gcc-m68k/bin/../lib/gcc/m68k-elf/4.2.1/../../../../m68k-elf/lib/m5208\libc.a(lib_a-readr.o)
                0x020230b8                _read_r
 *fill*         0x020230f6        0x2 00
 .text          0x020230f8      0x3d4 c:/nburn/gcc-m68k/bin/../lib/gcc/m68k-elf/4.2.1/m5208\libgcc.a(_udivdi3.o)
                0x020230f8                __udivdi3
 .text          0x020234cc      0x3ee c:/nburn/gcc-m68k/bin/../lib/gcc/m68k-elf/4.2.1/m5208\libgcc.a(_umoddi3.o)
                0x020234cc                __umoddi3
 *fill*         0x020238ba        0x2 00
 .text          0x020238bc       0x32 c:/nburn/gcc-m68k/bin/../lib/gcc/m68k-elf/4.2.1/m5208/crtend.o
                0x020238f0                . = ALIGN (0x10)
 *fill*         0x020238ee        0x2 00
 *(.text.*)
                0x020238f0                . = ALIGN (0x10)
 *(.eh_frame)
 .eh_frame      0x020238f0        0x0 c:/nburn/gcc-m68k/bin/../lib/gcc/m68k-elf/4.2.1/m5208/crtbegin.o
 .eh_frame      0x020238f0       0x40 c:/nburn/gcc-m68k/bin/../lib/gcc/m68k-elf/4.2.1/m5208\libgcc.a(_udivdi3.o)
 .eh_frame      0x02023930       0x2c c:/nburn/gcc-m68k/bin/../lib/gcc/m68k-elf/4.2.1/m5208\libgcc.a(_umoddi3.o)
                                 0x40 (size before relaxing)
 .eh_frame      0x0202395c        0x4 c:/nburn/gcc-m68k/bin/../lib/gcc/m68k-elf/4.2.1/m5208/crtend.o
                0x02023960                . = ALIGN (0x10)
 *fill*         0x02023960        0x0 00
 *(.gnu.linkonce.t.*)
                0x02023960                . = ALIGN (0x4)
                0x02023960                __CTOR_LIST__ = .
 *(.ctors)
 .ctors         0x02023960        0x4 c:/nburn/gcc-m68k/bin/../lib/gcc/m68k-elf/4.2.1/m5208/crtbegin.o
 .ctors         0x02023964        0x4 lab2.o
 .ctors         0x02023968        0x4 C:\nburn\lib\MOD5234.a(ETPU.o)
 .ctors         0x0202396c        0x4 C:\nburn\lib\NetBurner.a(ip.o)
 .ctors         0x02023970        0x4 C:\nburn\lib\NetBurner.a(buffers.o)
 .ctors         0x02023974        0x4 C:\nburn\lib\NetBurner.a(tcp.o)
 .ctors         0x02023978        0x4 C:\nburn\lib\MOD5234.a(serial.o)
 .ctors         0x0202397c        0x4 c:/nburn/gcc-m68k/bin/../lib/gcc/m68k-elf/4.2.1/m5208/crtend.o
                0x02023980                __CTOR_END__ = .
                0x02023980        0x4 LONG 0x0
                0x02023984                __CTOR_END__ = .
                0x02023984                __DTOR_LIST__ = .
                0x02023984                ___DTOR_LIST__ = .
                0x02023984        0x4 LONG 0x2 (((__DTOR_END__ - __DTOR_LIST__) / 0x4) - 0x2)
 *(.dtors)
 .dtors         0x02023988        0x4 c:/nburn/gcc-m68k/bin/../lib/gcc/m68k-elf/4.2.1/m5208/crtbegin.o
 .dtors         0x0202398c        0x4 c:/nburn/gcc-m68k/bin/../lib/gcc/m68k-elf/4.2.1/m5208/crtend.o
                0x02023990        0x4 LONG 0x0
                0x02023994                __DTOR_END__ = .
 *(.rodata)
 .rodata        0x02023994       0xa0 keypad.o
 .rodata        0x02023a34       0x4d htmldata.o
                0x02023a34                n_file_record
                0x02023a38                file_record
 *fill*         0x02023a81        0x1 00
 .rodata        0x02023a82     0x1810 C:\nburn\lib\MOD5234.a(ETPUinit.o)
 .rodata        0x02025292      0x108 C:\nburn\lib\NetBurner.a(ucos.o)
                0x0202529a                FAKE_OSUnMapTbl
                0x02025292                FAKE_OSMapTbl
 *fill*         0x0202539a        0x6 00
 .rodata        0x020253a0        0x4 C:\nburn\lib\NetBurner.a(buffers.o)
 .rodata        0x020253a4        0x2 C:\nburn\lib\NetBurner.a(udp.o)
 .rodata        0x020253a6        0xd C:\nburn\lib\NetBurner.a(tcp.o)
 *fill*         0x020253b3        0x1 00
 .rodata        0x020253b4       0xb8 C:\nburn\lib\NetBurner.a(utils.o)
 .rodata        0x0202546c      0x400 C:\nburn\lib\MOD5234.a(emulticast.o)
 .rodata        0x0202586c        0x4 c:/nburn/gcc-m68k/bin/../lib/gcc/m68k-elf/4.2.1/../../../../m68k-elf/lib/m5208\libc.a(lib_a-impure.o)
                0x0202586c                _global_impure_ptr
 .rodata        0x02025870       0x20 c:/nburn/gcc-m68k/bin/../lib/gcc/m68k-elf/4.2.1/../../../../m68k-elf/lib/m5208\libc.a(lib_a-vfiprintf.o)
 .rodata        0x02025890      0x101 c:/nburn/gcc-m68k/bin/../lib/gcc/m68k-elf/4.2.1/../../../../m68k-elf/lib/m5208\libc.a(lib_a-ctype_.o)
                0x02025890                _ctype_
 *fill*         0x02025991        0x1 00
 .rodata        0x02025992       0x34 c:/nburn/gcc-m68k/bin/../lib/gcc/m68k-elf/4.2.1/../../../../m68k-elf/lib/m5208\libc.a(lib_a-locale.o)
 *(.rodata.*)
 .rodata.str1.1
                0x020259c6       0xa0 lcd.o
 .rodata.str1.1
                0x02025a66       0x80 lab2.o
 .rodata.str1.1
                0x02025ae6       0xf1 error_wrapper.o
 .rodata.str1.1
                0x02025bd7      0x12b htmldata.o
                                0x14e (size before relaxing)
 .rodata.str1.1
                0x02025d02        0x8 C:\nburn\lib\MOD5234.a(bsp.o)
 .rodata.str1.1
                0x02025d0a        0x5 C:\nburn\lib\NetBurner.a(ucos.o)
 .rodata.str1.1
                0x02025d0f        0x3 C:\nburn\lib\NetBurner.a(fileio.o)
                                  0x6 (size before relaxing)
 .rodata.str1.1
                0x02025d12        0x5 C:\nburn\lib\NetBurner.a(main.o)
 .rodata.str1.1
                0x02025d17      0x215 C:\nburn\lib\NetBurner.a(ip.o)
                                0x217 (size before relaxing)
 .rodata.str1.1
                0x02025f2c       0x6e C:\nburn\lib\NetBurner.a(buffers.o)
                                 0x70 (size before relaxing)
 .rodata.str1.1
                0x02025f9a       0x50 C:\nburn\lib\NetBurner.a(arp.o)
 .rodata.str1.1
                0x02025fea       0x11 C:\nburn\lib\NetBurner.a(udp.o)
 .rodata.str1.1
                0x02025ffb      0x38f C:\nburn\lib\NetBurner.a(tcp.o)
                                0x392 (size before relaxing)
 .rodata.str1.1
                0x0202638a        0x5 C:\nburn\lib\NetBurner.a(http.o)
 .rodata.str1.1
                0x0202638f      0x27d C:\nburn\lib\NetBurner.a(httpinternal.o)
                                0x2a8 (size before relaxing)
 .rodata.str1.1
                0x0202660c      0x117 C:\nburn\lib\NetBurner.a(htmldecomp.o)
 .rodata.str1.1
                0x02026723       0xa4 C:\nburn\lib\NetBurner.a(taskmon.o)
                                 0xa7 (size before relaxing)
 .rodata.str1.1
                0x020267c7      0x4e1 C:\nburn\lib\NetBurner.a(smarttrap.o)
                                0x528 (size before relaxing)
 .rodata.str1.1
                0x02026ca8       0xc9 C:\nburn\lib\NetBurner.a(system.o)
                                 0xcd (size before relaxing)
 .rodata.str1.1
                0x02026d71      0x163 C:\nburn\lib\NetBurner.a(utils.o)
                                0x17b (size before relaxing)
 .rodata.str1.1
                0x02026ed4      0x15a C:\nburn\lib\MOD5234.a(serial.o)
 .rodata.str1.1
                0x0202702e        0xe C:\nburn\lib\MOD5234.a(ethernet.o)
 .rodata.str1.1
                0x0202703c      0x452 C:\nburn\lib\MOD5234.a(etherprint.o)
                                0x46c (size before relaxing)
 .rodata.str1.1
                0x0202748e        0x2 c:/nburn/gcc-m68k/bin/../lib/gcc/m68k-elf/4.2.1/../../../../m68k-elf/lib/m5208\libc.a(lib_a-impure.o)
 .rodata.str1.1
                0x00000000        0x2 c:/nburn/gcc-m68k/bin/../lib/gcc/m68k-elf/4.2.1/../../../../m68k-elf/lib/m5208\libc.a(lib_a-puts.o)
 .rodata.str1.1
                0x02027490       0x43 c:/nburn/gcc-m68k/bin/../lib/gcc/m68k-elf/4.2.1/../../../../m68k-elf/lib/m5208\libc.a(lib_a-vfiprintf.o)
 .rodata.str1.1
                0x020274d3       0x1d c:/nburn/gcc-m68k/bin/../lib/gcc/m68k-elf/4.2.1/../../../../m68k-elf/lib/m5208\libc.a(lib_a-wctomb_r.o)
 .rodata.str1.1
                0x020274f0        0xb c:/nburn/gcc-m68k/bin/../lib/gcc/m68k-elf/4.2.1/../../../../m68k-elf/lib/m5208\libc.a(lib_a-locale.o)
                                 0x10 (size before relaxing)
 *(.gnu.linkonce.*)
 *(.gcc_except_table)
                0x020274fc                . = ALIGN (0x4)
 *fill*         0x020274fb        0x1 00
                0x020274fc                __INIT_SECTION__ = .
                0x020274fc        0x4 LONG 0x4e560000
 *(.init)
 .init          0x02027500        0x6 c:/nburn/gcc-m68k/bin/../lib/gcc/m68k-elf/4.2.1/m5208/crtbegin.o
 .init          0x02027506        0x6 c:/nburn/gcc-m68k/bin/../lib/gcc/m68k-elf/4.2.1/m5208/crtend.o
                0x0202750c        0x2 SHORT 0x4e5e
                0x0202750e        0x2 SHORT 0x4e75
                0x02027510                . = ALIGN (0x4)
                0x02027510                __FINI_SECTION__ = .
                0x02027510        0x4 LONG 0x4e560000
 *(.fini)
 .fini          0x02027514        0x6 c:/nburn/gcc-m68k/bin/../lib/gcc/m68k-elf/4.2.1/m5208/crtbegin.o
                0x0202751a        0x2 SHORT 0x4e5e
                0x0202751c        0x2 SHORT 0x4e75
 *(.lit)
                0x02027520                . = ALIGN (0x10)
 *fill*         0x0202751e        0x2 00
                0x02027520                _etext = .
                0x02027520                etext = .

.data           0x02027520      0xa00
                0x02027520                copy_start = .
 *(.shdata)
 *(.data)
 .data          0x02027520        0x4 c:/nburn/gcc-m68k/bin/../lib/gcc/m68k-elf/4.2.1/../../../../m68k-elf/lib/m5208\nb-crt0.o
 .data          0x02027524        0x8 c:/nburn/gcc-m68k/bin/../lib/gcc/m68k-elf/4.2.1/m5208/crtbegin.o
                0x02027524                __dso_handle
 .data          0x0202752c        0x0 lcd.o
 .data          0x0202752c        0x4 lab2.o
                0x0202752c                AppName
 .data          0x02027530        0x0 keypad.o
 .data          0x02027530        0x0 error_wrapper.o
 .data          0x02027530      0x104 htmldata.o
                0x02027534                html_table
                0x02027530                default_page
 .data          0x02027634        0x4 C:\nburn\lib\MOD5234.a(bsp.o)
                0x02027634                PlatformName
 .data          0x02027638        0x0 C:\nburn\lib\MOD5234.a(pins.o)
 .data          0x02027638       0x40 C:\nburn\lib\MOD5234.a(ETPU.o)
                0x02027638                ETPU_CHAN
 .data          0x02027678        0x0 C:\nburn\lib\MOD5234.a(etpu_gpio.o)
 .data          0x02027678        0x0 C:\nburn\lib\MOD5234.a(etpu_uart.o)
 .data          0x02027678        0x0 C:\nburn\lib\MOD5234.a(etpu_util.o)
 .data          0x02027678       0x64 C:\nburn\lib\MOD5234.a(ETPUinit.o)
                0x02027684                fs_etpu_data_ram_end
                0x02027678                eTPU
                0x02027688                fs_etpu_data_ram_ext
                0x02027680                fs_etpu_data_ram_start
                0x020276ac                FS_ETPU_SPI_FUNCTION_NUMBER
                0x020276b0                FS_ETPU_SM_FUNCTION_NUMBER
                0x02027690                FS_ETPU_PWM_FUNCTION_NUMBER
                0x02027694                ETPU_IC_FUNCTION_NUMBER
                0x02027698                FS_ETPU_QD_FUNCTION_NUMBER
                0x020276a4                FS_ETPU_FPM_FUNCTION_NUMBER
                0x020276a8                FS_ETPU_UART_FUNCTION_NUMBER
                0x0202768c                FS_ETPU_QOM_FUNCTION_NUMBER
                0x0202767c                fs_etpu_code_start
                0x020276b8                etpu_a_tcr2_freq
                0x020276b4                etpu_a_tcr1_freq
                0x0202769c                FS_ETPU_QD_INDEX_FUNCTION_NUMBER
                0x020276a0                FS_ETPU_QD_HOME_FUNCTION_NUMBER
                0x020276bc                MOD5234_etpu_config
 .data          0x020276dc        0x0 C:\nburn\lib\NetBurner.a(ucosmcfa.o)
 .data          0x020276dc        0x0 C:\nburn\lib\NetBurner.a(ucosmcfc.o)
 .data          0x020276dc        0x0 C:\nburn\lib\NetBurner.a(ucos.o)
 .data          0x020276dc        0x0 C:\nburn\lib\NetBurner.a(ucosmain.o)
 .data          0x020276dc        0x0 C:\nburn\lib\NetBurner.a(fileio.o)
 .data          0x020276dc        0x0 C:\nburn\lib\NetBurner.a(main.o)
 .data          0x020276dc        0x0 C:\nburn\lib\NetBurner.a(ip.o)
 .data          0x020276dc        0x0 C:\nburn\lib\NetBurner.a(buffers.o)
 .data          0x020276dc        0x0 C:\nburn\lib\NetBurner.a(arp.o)
 .data          0x020276dc        0x0 C:\nburn\lib\NetBurner.a(udp.o)
 .data          0x020276dc        0x0 C:\nburn\lib\NetBurner.a(tcp.o)
 .data          0x020276dc        0x0 C:\nburn\lib\NetBurner.a(extraio.o)
 .data          0x020276dc        0x0 C:\nburn\lib\NetBurner.a(http.o)
 .data          0x020276dc        0x0 C:\nburn\lib\NetBurner.a(httpinternal.o)
 .data          0x020276dc        0x0 C:\nburn\lib\NetBurner.a(htmldecomp.o)
 .data          0x020276dc        0x0 C:\nburn\lib\NetBurner.a(iosys.o)
 .data          0x020276dc        0x0 C:\nburn\lib\NetBurner.a(netinterface.o)
 .data          0x020276dc        0x0 C:\nburn\lib\NetBurner.a(taskmon.o)
 .data          0x020276dc        0x0 C:\nburn\lib\NetBurner.a(smarttrap.o)
 .data          0x020276dc        0x0 C:\nburn\lib\NetBurner.a(autoupdate.o)
 .data          0x020276dc        0x0 C:\nburn\lib\NetBurner.a(device.o)
 .data          0x020276dc        0x0 C:\nburn\lib\NetBurner.a(system.o)
 .data          0x020276dc        0x0 C:\nburn\lib\NetBurner.a(utils.o)
 .data          0x020276dc        0x0 C:\nburn\lib\MOD5234.a(serial.o)
 .data          0x020276dc        0x4 C:\nburn\lib\MOD5234.a(ethernet.o)
                0x020276dc                AutoNeg
                0x020276de                wait
 .data          0x020276e0        0x0 C:\nburn\lib\MOD5234.a(etherprint.o)
 .data          0x020276e0        0x0 C:\nburn\lib\MOD5234.a(emulticast.o)
 .data          0x020276e0        0x0 C:\nburn\lib\MOD5234.a(ioboard.o)
 .data          0x020276e0        0x0 c:/nburn/gcc-m68k/bin/../lib/gcc/m68k-elf/4.2.1/m5208\libgcc.a(_double.o)
 .data          0x020276e0       0x1c c:/nburn/gcc-m68k/bin/../lib/gcc/m68k-elf/4.2.1/m5208\libgcc.a(_floatex.o)
                0x020276e0                _fpCCR
 .data          0x020276fc        0x0 c:/nburn/gcc-m68k/bin/../lib/gcc/m68k-elf/4.2.1/m5208\libgcc.a(_ltdf2.o)
 .data          0x020276fc        0x0 c:/nburn/gcc-m68k/bin/../lib/gcc/m68k-elf/4.2.1/m5208\libgcc.a(fpgnulib.o)
 .data          0x020276fc        0x0 c:/nburn/gcc-m68k/bin/../lib/gcc/m68k-elf/4.2.1/../../../../m68k-elf/lib/m5208\libc.a(lib_a-atoi.o)
 .data          0x020276fc        0x0 c:/nburn/gcc-m68k/bin/../lib/gcc/m68k-elf/4.2.1/../../../../m68k-elf/lib/m5208\libc.a(lib_a-bsearch.o)
 .data          0x020276fc        0x0 c:/nburn/gcc-m68k/bin/../lib/gcc/m68k-elf/4.2.1/../../../../m68k-elf/lib/m5208\libc.a(lib_a-cxa_atexit.o)
 .data          0x020276fc        0x0 c:/nburn/gcc-m68k/bin/../lib/gcc/m68k-elf/4.2.1/../../../../m68k-elf/lib/m5208\libc.a(lib_a-errno.o)
 .data          0x020276fc        0x0 c:/nburn/gcc-m68k/bin/../lib/gcc/m68k-elf/4.2.1/../../../../m68k-elf/lib/m5208\libc.a(lib_a-fiprintf.o)
 .data          0x020276fc      0x3f6 c:/nburn/gcc-m68k/bin/../lib/gcc/m68k-elf/4.2.1/../../../../m68k-elf/lib/m5208\libc.a(lib_a-impure.o)
                0x020276fc                _impure_ptr
 *fill*         0x02027af2        0x2 00
 .data          0x02027af4        0x0 c:/nburn/gcc-m68k/bin/../lib/gcc/m68k-elf/4.2.1/../../../../m68k-elf/lib/m5208\libc.a(lib_a-iprintf.o)
 .data          0x02027af4        0x0 c:/nburn/gcc-m68k/bin/../lib/gcc/m68k-elf/4.2.1/../../../../m68k-elf/lib/m5208\libc.a(lib_a-isspace.o)
 .data          0x02027af4        0x0 c:/nburn/gcc-m68k/bin/../lib/gcc/m68k-elf/4.2.1/../../../../m68k-elf/lib/m5208\libc.a(lib_a-malloc.o)
 .data          0x02027af4      0x410 c:/nburn/gcc-m68k/bin/../lib/gcc/m68k-elf/4.2.1/../../../../m68k-elf/lib/m5208\libc.a(lib_a-mallocr.o)
                0x02027f00                __malloc_sbrk_base
                0x02027af4                __malloc_av_
                0x02027efc                __malloc_trim_threshold
 .data          0x02027f04        0x0 c:/nburn/gcc-m68k/bin/../lib/gcc/m68k-elf/4.2.1/../../../../m68k-elf/lib/m5208\libc.a(lib_a-puts.o)
 .data          0x02027f04        0x0 c:/nburn/gcc-m68k/bin/../lib/gcc/m68k-elf/4.2.1/../../../../m68k-elf/lib/m5208\libc.a(lib_a-rget.o)
 .data          0x02027f04        0x0 c:/nburn/gcc-m68k/bin/../lib/gcc/m68k-elf/4.2.1/../../../../m68k-elf/lib/m5208\libc.a(lib_a-setvbuf.o)
 .data          0x02027f04        0x0 c:/nburn/gcc-m68k/bin/../lib/gcc/m68k-elf/4.2.1/../../../../m68k-elf/lib/m5208\libc.a(lib_a-siprintf.o)
 .data          0x02027f04        0x0 c:/nburn/gcc-m68k/bin/../lib/gcc/m68k-elf/4.2.1/../../../../m68k-elf/lib/m5208\libc.a(lib_a-strcasecmp.o)
 .data          0x02027f04        0x0 c:/nburn/gcc-m68k/bin/../lib/gcc/m68k-elf/4.2.1/../../../../m68k-elf/lib/m5208\libc.a(lib_a-strlen.o)
 .data          0x02027f04        0x0 c:/nburn/gcc-m68k/bin/../lib/gcc/m68k-elf/4.2.1/../../../../m68k-elf/lib/m5208\libc.a(lib_a-strstr.o)
 .data          0x02027f04        0x0 c:/nburn/gcc-m68k/bin/../lib/gcc/m68k-elf/4.2.1/../../../../m68k-elf/lib/m5208\libc.a(lib_a-strtol.o)
 .data          0x02027f04        0x0 c:/nburn/gcc-m68k/bin/../lib/gcc/m68k-elf/4.2.1/../../../../m68k-elf/lib/m5208\libc.a(lib_a-toupper.o)
 .data          0x02027f04        0x0 c:/nburn/gcc-m68k/bin/../lib/gcc/m68k-elf/4.2.1/../../../../m68k-elf/lib/m5208\libc.a(lib_a-vfiprintf.o)
 .data          0x02027f04        0x0 c:/nburn/gcc-m68k/bin/../lib/gcc/m68k-elf/4.2.1/../../../../m68k-elf/lib/m5208\libc.a(lib_a-wbuf.o)
 .data          0x02027f04        0x0 c:/nburn/gcc-m68k/bin/../lib/gcc/m68k-elf/4.2.1/../../../../m68k-elf/lib/m5208\libc.a(lib_a-wcrtomb.o)
 .data          0x02027f04        0x0 c:/nburn/gcc-m68k/bin/../lib/gcc/m68k-elf/4.2.1/../../../../m68k-elf/lib/m5208\libc.a(lib_a-wcsrtombs.o)
 .data          0x02027f04        0x0 c:/nburn/gcc-m68k/bin/../lib/gcc/m68k-elf/4.2.1/../../../../m68k-elf/lib/m5208\libc.a(lib_a-wctomb_r.o)
 .data          0x02027f04        0x0 c:/nburn/gcc-m68k/bin/../lib/gcc/m68k-elf/4.2.1/../../../../m68k-elf/lib/m5208\libc.a(lib_a-wsetup.o)
 .data          0x02027f04        0x0 c:/nburn/gcc-m68k/bin/../lib/gcc/m68k-elf/4.2.1/../../../../m68k-elf/lib/m5208\libc.a(lib_a-__atexit.o)
 .data          0x02027f04        0x4 c:/nburn/gcc-m68k/bin/../lib/gcc/m68k-elf/4.2.1/../../../../m68k-elf/lib/m5208\libc.a(lib_a-ctype_.o)
                0x02027f04                __ctype_ptr
 .data          0x02027f08        0x0 c:/nburn/gcc-m68k/bin/../lib/gcc/m68k-elf/4.2.1/../../../../m68k-elf/lib/m5208\libc.a(lib_a-fflush.o)
 .data          0x02027f08        0x0 c:/nburn/gcc-m68k/bin/../lib/gcc/m68k-elf/4.2.1/../../../../m68k-elf/lib/m5208\libc.a(lib_a-findfp.o)
 .data          0x02027f08        0x0 c:/nburn/gcc-m68k/bin/../lib/gcc/m68k-elf/4.2.1/../../../../m68k-elf/lib/m5208\libc.a(lib_a-freer.o)
 .data          0x02027f08        0x0 c:/nburn/gcc-m68k/bin/../lib/gcc/m68k-elf/4.2.1/../../../../m68k-elf/lib/m5208\libc.a(lib_a-fvwrite.o)
 .data          0x02027f08        0x0 c:/nburn/gcc-m68k/bin/../lib/gcc/m68k-elf/4.2.1/../../../../m68k-elf/lib/m5208\libc.a(lib_a-fwalk.o)
 .data          0x02027f08       0x10 c:/nburn/gcc-m68k/bin/../lib/gcc/m68k-elf/4.2.1/../../../../m68k-elf/lib/m5208\libc.a(lib_a-locale.o)
                0x02027f08                __mb_cur_max
                0x02027f0c                __lc_ctype
 .data          0x02027f18        0x0 c:/nburn/gcc-m68k/bin/../lib/gcc/m68k-elf/4.2.1/../../../../m68k-elf/lib/m5208\libc.a(lib_a-makebuf.o)
 .data          0x02027f18        0x0 c:/nburn/gcc-m68k/bin/../lib/gcc/m68k-elf/4.2.1/../../../../m68k-elf/lib/m5208\libc.a(lib_a-memchr.o)
 .data          0x02027f18        0x0 c:/nburn/gcc-m68k/bin/../lib/gcc/m68k-elf/4.2.1/../../../../m68k-elf/lib/m5208\libc.a(lib_a-memmove.o)
 .data          0x02027f18        0x0 c:/nburn/gcc-m68k/bin/../lib/gcc/m68k-elf/4.2.1/../../../../m68k-elf/lib/m5208\libc.a(lib_a-reallocr.o)
 .data          0x02027f18        0x0 c:/nburn/gcc-m68k/bin/../lib/gcc/m68k-elf/4.2.1/../../../../m68k-elf/lib/m5208\libc.a(lib_a-refill.o)
 .data          0x02027f18        0x0 c:/nburn/gcc-m68k/bin/../lib/gcc/m68k-elf/4.2.1/../../../../m68k-elf/lib/m5208\libc.a(lib_a-stdio.o)
 .data          0x02027f18        0x0 c:/nburn/gcc-m68k/bin/../lib/gcc/m68k-elf/4.2.1/../../../../m68k-elf/lib/m5208\libc.a(lib_a-strcmp.o)
 .data          0x02027f18        0x0 c:/nburn/gcc-m68k/bin/../lib/gcc/m68k-elf/4.2.1/../../../../m68k-elf/lib/m5208\libc.a(lib_a-writer.o)
 .data          0x02027f18        0x0 c:/nburn/gcc-m68k/bin/../lib/gcc/m68k-elf/4.2.1/../../../../m68k-elf/lib/m5208\libc.a(lib_a-closer.o)
 .data          0x02027f18        0x0 c:/nburn/gcc-m68k/bin/../lib/gcc/m68k-elf/4.2.1/../../../../m68k-elf/lib/m5208\libc.a(lib_a-fclose.o)
 .data          0x02027f18        0x0 c:/nburn/gcc-m68k/bin/../lib/gcc/m68k-elf/4.2.1/../../../../m68k-elf/lib/m5208\libc.a(lib_a-fstatr.o)
 .data          0x02027f18        0x0 c:/nburn/gcc-m68k/bin/../lib/gcc/m68k-elf/4.2.1/../../../../m68k-elf/lib/m5208\libc.a(lib_a-lseekr.o)
 .data          0x02027f18        0x0 c:/nburn/gcc-m68k/bin/../lib/gcc/m68k-elf/4.2.1/../../../../m68k-elf/lib/m5208\libc.a(lib_a-readr.o)
 .data          0x02027f18        0x0 c:/nburn/gcc-m68k/bin/../lib/gcc/m68k-elf/4.2.1/m5208\libgcc.a(_udivdi3.o)
 .data          0x02027f18        0x0 c:/nburn/gcc-m68k/bin/../lib/gcc/m68k-elf/4.2.1/m5208\libgcc.a(_umoddi3.o)
 .data          0x02027f18        0x0 c:/nburn/gcc-m68k/bin/../lib/gcc/m68k-elf/4.2.1/m5208/crtend.o
                0x02027f20                . = ALIGN (0x10)
 *fill*         0x02027f18        0x8 00
                0x02027f20                _edata = .
                0x02027f20                copy_end = .

.jcr            0x02027f20        0x4
 .jcr           0x02027f20        0x0 c:/nburn/gcc-m68k/bin/../lib/gcc/m68k-elf/4.2.1/m5208/crtbegin.o
 .jcr           0x02027f20        0x4 c:/nburn/gcc-m68k/bin/../lib/gcc/m68k-elf/4.2.1/m5208/crtend.o

.bss            0x02027f30    0x79c10
                0x02027f30                . = ALIGN (0x4)
                0x02027f30                __bss_start = .
 *(.shbss)
 *(.bss)
 .bss           0x02027f30        0x0 c:/nburn/gcc-m68k/bin/../lib/gcc/m68k-elf/4.2.1/../../../../m68k-elf/lib/m5208\nb-crt0.o
 .bss           0x02027f30       0x1a c:/nburn/gcc-m68k/bin/../lib/gcc/m68k-elf/4.2.1/m5208/crtbegin.o
 *fill*         0x02027f4a        0x2 00
 .bss           0x02027f4c        0x0 lcd.o
 .bss           0x02027f4c     0x2024 lab2.o
                0x02027f5c                Print_Task_Stack
                0x02027f4c                print_sem
                0x02029f5e                myLCD
                0x02029f5c                myKeypad
 .bss           0x02029f70        0x0 keypad.o
 .bss           0x02029f70        0x0 error_wrapper.o
 .bss           0x02029f70        0x0 htmldata.o
 .bss           0x02029f70        0x0 C:\nburn\lib\MOD5234.a(bsp.o)
 .bss           0x02029f70        0x2 C:\nburn\lib\MOD5234.a(pins.o)
                0x02029f71                J2
                0x02029f70                J1
 *fill*         0x02029f72        0x2 00
 .bss           0x02029f74      0x346 C:\nburn\lib\MOD5234.a(ETPU.o)
                0x02029f84                pba
                0x02029f88                ETPUinitialized
                0x02029f7c                err_code
                0x02029f78                ETPU_Interrupt_Routine_UART
                0x02029f80                UARTData
                0x02029f74                ETPU_Interrupt_Routine
                0x02029f8a                eTPURec
 *fill*         0x0202a2ba        0x2 00
 .bss           0x0202a2bc        0x0 C:\nburn\lib\MOD5234.a(etpu_gpio.o)
 .bss           0x0202a2bc        0x0 C:\nburn\lib\MOD5234.a(etpu_uart.o)
 .bss           0x0202a2bc        0x0 C:\nburn\lib\MOD5234.a(etpu_util.o)
 .bss           0x0202a2bc        0xc C:\nburn\lib\MOD5234.a(ETPUinit.o)
                0x0202a2c4                etpu_b_tcr2_freq
                0x0202a2c0                etpu_b_tcr1_freq
                0x0202a2bc                fs_free_param
 .bss           0x0202a2c8        0x0 C:\nburn\lib\NetBurner.a(ucosmcfa.o)
 .bss           0x0202a2c8        0x0 C:\nburn\lib\NetBurner.a(ucosmcfc.o)
 .bss           0x0202a2c8        0x1 C:\nburn\lib\NetBurner.a(ucos.o)
 *fill*         0x0202a2c9        0x3 00
 .bss           0x0202a2cc        0x0 C:\nburn\lib\NetBurner.a(ucosmain.o)